Archive member included to satisfy reference by file (symbol)

c:/st/stm32cubeide_1.3.0/stm32cubeide/plugins/com.st.stm32cube.ide.mcu.externaltools.gnu-tools-for-stm32.9-2020-q2-update.win32_1.5.0.202011040924/tools/bin/../lib/gcc/arm-none-eabi/9.3.1/../../../../arm-none-eabi/lib/thumb/v7-m/nofp\libc_nano.a(lib_a-errno.o)
                              Core/Src/syscalls.o (__errno)
c:/st/stm32cubeide_1.3.0/stm32cubeide/plugins/com.st.stm32cube.ide.mcu.externaltools.gnu-tools-for-stm32.9-2020-q2-update.win32_1.5.0.202011040924/tools/bin/../lib/gcc/arm-none-eabi/9.3.1/../../../../arm-none-eabi/lib/thumb/v7-m/nofp\libc_nano.a(lib_a-exit.o)
                              c:/st/stm32cubeide_1.3.0/stm32cubeide/plugins/com.st.stm32cube.ide.mcu.externaltools.gnu-tools-for-stm32.9-2020-q2-update.win32_1.5.0.202011040924/tools/bin/../lib/gcc/arm-none-eabi/9.3.1/../../../../arm-none-eabi/lib/thumb/v7-m/nofp/crt0.o (exit)
c:/st/stm32cubeide_1.3.0/stm32cubeide/plugins/com.st.stm32cube.ide.mcu.externaltools.gnu-tools-for-stm32.9-2020-q2-update.win32_1.5.0.202011040924/tools/bin/../lib/gcc/arm-none-eabi/9.3.1/../../../../arm-none-eabi/lib/thumb/v7-m/nofp\libc_nano.a(lib_a-impure.o)
                              c:/st/stm32cubeide_1.3.0/stm32cubeide/plugins/com.st.stm32cube.ide.mcu.externaltools.gnu-tools-for-stm32.9-2020-q2-update.win32_1.5.0.202011040924/tools/bin/../lib/gcc/arm-none-eabi/9.3.1/../../../../arm-none-eabi/lib/thumb/v7-m/nofp\libc_nano.a(lib_a-exit.o) (_global_impure_ptr)
c:/st/stm32cubeide_1.3.0/stm32cubeide/plugins/com.st.stm32cube.ide.mcu.externaltools.gnu-tools-for-stm32.9-2020-q2-update.win32_1.5.0.202011040924/tools/bin/../lib/gcc/arm-none-eabi/9.3.1/../../../../arm-none-eabi/lib/thumb/v7-m/nofp\libc_nano.a(lib_a-init.o)
                              c:/st/stm32cubeide_1.3.0/stm32cubeide/plugins/com.st.stm32cube.ide.mcu.externaltools.gnu-tools-for-stm32.9-2020-q2-update.win32_1.5.0.202011040924/tools/bin/../lib/gcc/arm-none-eabi/9.3.1/../../../../arm-none-eabi/lib/thumb/v7-m/nofp/crt0.o (__libc_init_array)
c:/st/stm32cubeide_1.3.0/stm32cubeide/plugins/com.st.stm32cube.ide.mcu.externaltools.gnu-tools-for-stm32.9-2020-q2-update.win32_1.5.0.202011040924/tools/bin/../lib/gcc/arm-none-eabi/9.3.1/../../../../arm-none-eabi/lib/thumb/v7-m/nofp\libc_nano.a(lib_a-memset.o)
                              c:/st/stm32cubeide_1.3.0/stm32cubeide/plugins/com.st.stm32cube.ide.mcu.externaltools.gnu-tools-for-stm32.9-2020-q2-update.win32_1.5.0.202011040924/tools/bin/../lib/gcc/arm-none-eabi/9.3.1/../../../../arm-none-eabi/lib/thumb/v7-m/nofp/crt0.o (memset)

Allocating common symbols
Common symbol       size              file

uwTick              0x4               Drivers/STM32F1xx_HAL_Driver/Src/stm32f1xx_hal.o
pFlash              0x20              Drivers/STM32F1xx_HAL_Driver/Src/stm32f1xx_hal_flash.o
TUART2              0x24              Core/Src/LL_UART_ECHO_DMA_IDLE.o

Discarded input sections

 .text          0x0000000000000000        0x0 c:/st/stm32cubeide_1.3.0/stm32cubeide/plugins/com.st.stm32cube.ide.mcu.externaltools.gnu-tools-for-stm32.9-2020-q2-update.win32_1.5.0.202011040924/tools/bin/../lib/gcc/arm-none-eabi/9.3.1/thumb/v7-m/nofp/crti.o
 .data          0x0000000000000000        0x0 c:/st/stm32cubeide_1.3.0/stm32cubeide/plugins/com.st.stm32cube.ide.mcu.externaltools.gnu-tools-for-stm32.9-2020-q2-update.win32_1.5.0.202011040924/tools/bin/../lib/gcc/arm-none-eabi/9.3.1/thumb/v7-m/nofp/crti.o
 .bss           0x0000000000000000        0x0 c:/st/stm32cubeide_1.3.0/stm32cubeide/plugins/com.st.stm32cube.ide.mcu.externaltools.gnu-tools-for-stm32.9-2020-q2-update.win32_1.5.0.202011040924/tools/bin/../lib/gcc/arm-none-eabi/9.3.1/thumb/v7-m/nofp/crti.o
 .data          0x0000000000000000        0x4 c:/st/stm32cubeide_1.3.0/stm32cubeide/plugins/com.st.stm32cube.ide.mcu.externaltools.gnu-tools-for-stm32.9-2020-q2-update.win32_1.5.0.202011040924/tools/bin/../lib/gcc/arm-none-eabi/9.3.1/thumb/v7-m/nofp/crtbegin.o
 .text          0x0000000000000000       0x7c c:/st/stm32cubeide_1.3.0/stm32cubeide/plugins/com.st.stm32cube.ide.mcu.externaltools.gnu-tools-for-stm32.9-2020-q2-update.win32_1.5.0.202011040924/tools/bin/../lib/gcc/arm-none-eabi/9.3.1/../../../../arm-none-eabi/lib/thumb/v7-m/nofp/crt0.o
 .data          0x0000000000000000        0x0 c:/st/stm32cubeide_1.3.0/stm32cubeide/plugins/com.st.stm32cube.ide.mcu.externaltools.gnu-tools-for-stm32.9-2020-q2-update.win32_1.5.0.202011040924/tools/bin/../lib/gcc/arm-none-eabi/9.3.1/../../../../arm-none-eabi/lib/thumb/v7-m/nofp/crt0.o
 .bss           0x0000000000000000        0x0 c:/st/stm32cubeide_1.3.0/stm32cubeide/plugins/com.st.stm32cube.ide.mcu.externaltools.gnu-tools-for-stm32.9-2020-q2-update.win32_1.5.0.202011040924/tools/bin/../lib/gcc/arm-none-eabi/9.3.1/../../../../arm-none-eabi/lib/thumb/v7-m/nofp/crt0.o
[...]
Memory Configuration

Name             Origin             Length             Attributes
RAM              0x0000000020000000 0x0000000000005000 xrw
FLASH            0x0000000008000000 0x0000000000020000 xr
*default*        0x0000000000000000 0xffffffffffffffff

Linker script and memory map

LOAD c:/st/stm32cubeide_1.3.0/stm32cubeide/plugins/com.st.stm32cube.ide.mcu.externaltools.gnu-tools-for-stm32.9-2020-q2-update.win32_1.5.0.202011040924/tools/bin/../lib/gcc/arm-none-eabi/9.3.1/thumb/v7-m/nofp/crti.o
LOAD c:/st/stm32cubeide_1.3.0/stm32cubeide/plugins/com.st.stm32cube.ide.mcu.externaltools.gnu-tools-for-stm32.9-2020-q2-update.win32_1.5.0.202011040924/tools/bin/../lib/gcc/arm-none-eabi/9.3.1/thumb/v7-m/nofp/crtbegin.o
LOAD c:/st/stm32cubeide_1.3.0/stm32cubeide/plugins/com.st.stm32cube.ide.mcu.externaltools.gnu-tools-for-stm32.9-2020-q2-update.win32_1.5.0.202011040924/tools/bin/../lib/gcc/arm-none-eabi/9.3.1/../../../../arm-none-eabi/lib/thumb/v7-m/nofp/crt0.o
LOAD Core/Src/LL_UART_ECHO_DMA_IDLE.o
LOAD Core/Src/dma.o
LOAD Core/Src/gpio.o
LOAD Core/Src/main.o
LOAD Core/Src/stm32f1xx_hal_msp.o
LOAD Core/Src/stm32f1xx_it.o
LOAD Core/Src/syscalls.o
LOAD Core/Src/sysmem.o
LOAD Core/Src/system_stm32f1xx.o
LOAD Core/Src/usart.o
LOAD Core/Startup/startup_stm32f103rbtx.o
LOAD Drivers/STM32F1xx_HAL_Driver/Src/stm32f1xx_hal.o
LOAD Drivers/STM32F1xx_HAL_Driver/Src/stm32f1xx_hal_cortex.o
LOAD Drivers/STM32F1xx_HAL_Driver/Src/stm32f1xx_hal_dma.o
LOAD Drivers/STM32F1xx_HAL_Driver/Src/stm32f1xx_hal_exti.o
LOAD Drivers/STM32F1xx_HAL_Driver/Src/stm32f1xx_hal_flash.o
LOAD Drivers/STM32F1xx_HAL_Driver/Src/stm32f1xx_hal_flash_ex.o
LOAD Drivers/STM32F1xx_HAL_Driver/Src/stm32f1xx_hal_gpio.o
LOAD Drivers/STM32F1xx_HAL_Driver/Src/stm32f1xx_hal_gpio_ex.o
LOAD Drivers/STM32F1xx_HAL_Driver/Src/stm32f1xx_hal_pwr.o
LOAD Drivers/STM32F1xx_HAL_Driver/Src/stm32f1xx_hal_rcc.o
LOAD Drivers/STM32F1xx_HAL_Driver/Src/stm32f1xx_hal_rcc_ex.o
LOAD Drivers/STM32F1xx_HAL_Driver/Src/stm32f1xx_hal_tim.o
LOAD Drivers/STM32F1xx_HAL_Driver/Src/stm32f1xx_hal_tim_ex.o
LOAD Drivers/STM32F1xx_HAL_Driver/Src/stm32f1xx_ll_dma.o
LOAD Drivers/STM32F1xx_HAL_Driver/Src/stm32f1xx_ll_exti.o
LOAD Drivers/STM32F1xx_HAL_Driver/Src/stm32f1xx_ll_gpio.o
LOAD Drivers/STM32F1xx_HAL_Driver/Src/stm32f1xx_ll_rcc.o
LOAD Drivers/STM32F1xx_HAL_Driver/Src/stm32f1xx_ll_usart.o
LOAD Drivers/STM32F1xx_HAL_Driver/Src/stm32f1xx_ll_utils.o
START GROUP
LOAD c:/st/stm32cubeide_1.3.0/stm32cubeide/plugins/com.st.stm32cube.ide.mcu.externaltools.gnu-tools-for-stm32.9-2020-q2-update.win32_1.5.0.202011040924/tools/bin/../lib/gcc/arm-none-eabi/9.3.1/../../../../arm-none-eabi/lib/thumb/v7-m/nofp\libc_nano.a
LOAD c:/st/stm32cubeide_1.3.0/stm32cubeide/plugins/com.st.stm32cube.ide.mcu.externaltools.gnu-tools-for-stm32.9-2020-q2-update.win32_1.5.0.202011040924/tools/bin/../lib/gcc/arm-none-eabi/9.3.1/../../../../arm-none-eabi/lib/thumb/v7-m/nofp\libm.a
END GROUP
START GROUP
LOAD c:/st/stm32cubeide_1.3.0/stm32cubeide/plugins/com.st.stm32cube.ide.mcu.externaltools.gnu-tools-for-stm32.9-2020-q2-update.win32_1.5.0.202011040924/tools/bin/../lib/gcc/arm-none-eabi/9.3.1/thumb/v7-m/nofp\libgcc.a
LOAD c:/st/stm32cubeide_1.3.0/stm32cubeide/plugins/com.st.stm32cube.ide.mcu.externaltools.gnu-tools-for-stm32.9-2020-q2-update.win32_1.5.0.202011040924/tools/bin/../lib/gcc/arm-none-eabi/9.3.1/../../../../arm-none-eabi/lib/thumb/v7-m/nofp\libc_nano.a
END GROUP
START GROUP
LOAD c:/st/stm32cubeide_1.3.0/stm32cubeide/plugins/com.st.stm32cube.ide.mcu.externaltools.gnu-tools-for-stm32.9-2020-q2-update.win32_1.5.0.202011040924/tools/bin/../lib/gcc/arm-none-eabi/9.3.1/thumb/v7-m/nofp\libgcc.a
LOAD c:/st/stm32cubeide_1.3.0/stm32cubeide/plugins/com.st.stm32cube.ide.mcu.externaltools.gnu-tools-for-stm32.9-2020-q2-update.win32_1.5.0.202011040924/tools/bin/../lib/gcc/arm-none-eabi/9.3.1/../../../../arm-none-eabi/lib/thumb/v7-m/nofp\libc_nano.a
LOAD c:/st/stm32cubeide_1.3.0/stm32cubeide/plugins/com.st.stm32cube.ide.mcu.externaltools.gnu-tools-for-stm32.9-2020-q2-update.win32_1.5.0.202011040924/tools/bin/../lib/gcc/arm-none-eabi/9.3.1/../../../../arm-none-eabi/lib/thumb/v7-m/nofp\libnosys.a
END GROUP
START GROUP
LOAD c:/st/stm32cubeide_1.3.0/stm32cubeide/plugins/com.st.stm32cube.ide.mcu.externaltools.gnu-tools-for-stm32.9-2020-q2-update.win32_1.5.0.202011040924/tools/bin/../lib/gcc/arm-none-eabi/9.3.1/thumb/v7-m/nofp\libgcc.a
LOAD c:/st/stm32cubeide_1.3.0/stm32cubeide/plugins/com.st.stm32cube.ide.mcu.externaltools.gnu-tools-for-stm32.9-2020-q2-update.win32_1.5.0.202011040924/tools/bin/../lib/gcc/arm-none-eabi/9.3.1/../../../../arm-none-eabi/lib/thumb/v7-m/nofp\libc_nano.a
LOAD c:/st/stm32cubeide_1.3.0/stm32cubeide/plugins/com.st.stm32cube.ide.mcu.externaltools.gnu-tools-for-stm32.9-2020-q2-update.win32_1.5.0.202011040924/tools/bin/../lib/gcc/arm-none-eabi/9.3.1/../../../../arm-none-eabi/lib/thumb/v7-m/nofp\libnosys.a
END GROUP
LOAD c:/st/stm32cubeide_1.3.0/stm32cubeide/plugins/com.st.stm32cube.ide.mcu.externaltools.gnu-tools-for-stm32.9-2020-q2-update.win32_1.5.0.202011040924/tools/bin/../lib/gcc/arm-none-eabi/9.3.1/thumb/v7-m/nofp/crtend.o
LOAD c:/st/stm32cubeide_1.3.0/stm32cubeide/plugins/com.st.stm32cube.ide.mcu.externaltools.gnu-tools-for-stm32.9-2020-q2-update.win32_1.5.0.202011040924/tools/bin/../lib/gcc/arm-none-eabi/9.3.1/thumb/v7-m/nofp/crtn.o
                0x0000000020005000                _estack = (ORIGIN (RAM) + LENGTH (RAM))
                0x0000000000000200                _Min_Heap_Size = 0x200
                0x0000000000000400                _Min_Stack_Size = 0x400

.isr_vector     0x0000000008000000      0x10c
                0x0000000008000000                . = ALIGN (0x4)
 *(.isr_vector)
 .isr_vector    0x0000000008000000      0x10c Core/Startup/startup_stm32f103rbtx.o
                0x0000000008000000                g_pfnVectors
                0x000000000800010c                . = ALIGN (0x4)

.text           0x000000000800010c     0x25f0
                0x000000000800010c                . = ALIGN (0x4)
 *(.text)
 .text          0x000000000800010c       0x40 c:/st/stm32cubeide_1.3.0/stm32cubeide/plugins/com.st.stm32cube.ide.mcu.externaltools.gnu-tools-for-stm32.9-2020-q2-update.win32_1.5.0.202011040924/tools/bin/../lib/gcc/arm-none-eabi/9.3.1/thumb/v7-m/nofp/crtbegin.o
 *(.text*)
 .text.LL_USART_IsActiveFlag_IDLE
                0x000000000800014c       0x24 Core/Src/LL_UART_ECHO_DMA_IDLE.o
 .text.LL_USART_ClearFlag_IDLE
                0x0000000008000170       0x22 Core/Src/LL_UART_ECHO_DMA_IDLE.o
 .text.LL_USART_EnableIT_IDLE
                0x0000000008000192       0x1e Core/Src/LL_UART_ECHO_DMA_IDLE.o
 .text.LL_USART_EnableDMAReq_RX
                0x00000000080001b0       0x1e Core/Src/LL_UART_ECHO_DMA_IDLE.o
 .text.LL_USART_EnableDMAReq_TX
                0x00000000080001ce       0x1e Core/Src/LL_UART_ECHO_DMA_IDLE.o
 .text.LL_USART_DMA_GetRegAddr
                0x00000000080001ec       0x16 Core/Src/LL_UART_ECHO_DMA_IDLE.o
 *fill*         0x0000000008000202        0x2 
 .text.LL_DMA_EnableChannel
                0x0000000008000204       0x3c Core/Src/LL_UART_ECHO_DMA_IDLE.o
 .text.LL_DMA_DisableChannel
                0x0000000008000240       0x3c Core/Src/LL_UART_ECHO_DMA_IDLE.o
 .text.LL_DMA_ConfigTransfer
                0x000000000800027c       0x48 Core/Src/LL_UART_ECHO_DMA_IDLE.o
 .text.LL_DMA_GetDataTransferDirection
                0x00000000080002c4       0x30 Core/Src/LL_UART_ECHO_DMA_IDLE.o
 .text.LL_DMA_SetDataLength
                0x00000000080002f4       0x44 Core/Src/LL_UART_ECHO_DMA_IDLE.o
 .text.LL_DMA_GetDataLength
                0x0000000008000338       0x2c Core/Src/LL_UART_ECHO_DMA_IDLE.o
 .text.LL_DMA_ConfigAddresses
                0x0000000008000364       0x74 Core/Src/LL_UART_ECHO_DMA_IDLE.o
 .text.LL_DMA_EnableIT_TC
                0x00000000080003d8       0x3c Core/Src/LL_UART_ECHO_DMA_IDLE.o
 .text.Init_LL_USART_IDLE
                0x0000000008000414       0x9c Core/Src/LL_UART_ECHO_DMA_IDLE.o
                0x0000000008000414                Init_LL_USART_IDLE
 .text.TUART_DMA_Trasmit
                0x00000000080004b0       0x98 Core/Src/LL_UART_ECHO_DMA_IDLE.o
                0x00000000080004b0                TUART_DMA_Trasmit
 .text.TUART_END_RECEIVE_CALLBACK
                0x0000000008000548       0x1c Core/Src/LL_UART_ECHO_DMA_IDLE.o
                0x0000000008000548                TUART_END_RECEIVE_CALLBACK
 .text.LL_UART_ECHO_DMA_IDLE
                0x0000000008000564       0x70 Core/Src/LL_UART_ECHO_DMA_IDLE.o
                0x0000000008000564                LL_UART_ECHO_DMA_IDLE
 .text.StartTransfers
                0x00000000080005d4       0x4c Core/Src/LL_UART_ECHO_DMA_IDLE.o
                0x00000000080005d4                StartTransfers
 .text.USART_IDLE_CallBack
                0x0000000008000620       0x36 Core/Src/LL_UART_ECHO_DMA_IDLE.o
                0x0000000008000620                USART_IDLE_CallBack
 .text.UART_DMA_TransmitComplete_Callback
                0x0000000008000656       0x18 Core/Src/LL_UART_ECHO_DMA_IDLE.o
                0x0000000008000656                UART_DMA_TransmitComplete_Callback
 *fill*         0x000000000800066e        0x2 
 .text.UART_DMA_ReceiveComplete_Callback
                0x0000000008000670       0x5c Core/Src/LL_UART_ECHO_DMA_IDLE.o
                0x0000000008000670                UART_DMA_ReceiveComplete_Callback
 .text.Configure_DMA
                0x00000000080006cc       0xd0 Core/Src/LL_UART_ECHO_DMA_IDLE.o
                0x00000000080006cc                Configure_DMA
 .text.__NVIC_GetPriorityGrouping
                0x000000000800079c       0x1c Core/Src/dma.o
 .text.__NVIC_EnableIRQ
                0x00000000080007b8       0x38 Core/Src/dma.o
 .text.__NVIC_SetPriority
                0x00000000080007f0       0x54 Core/Src/dma.o
 .text.NVIC_EncodePriority
                0x0000000008000844       0x64 Core/Src/dma.o
 .text.MX_DMA_Init
                0x00000000080008a8       0x6c Core/Src/dma.o
                0x00000000080008a8                MX_DMA_Init
 .text.MX_GPIO_Init
                0x0000000008000914       0xdc Core/Src/gpio.o
                0x0000000008000914                MX_GPIO_Init
 .text.main     0x00000000080009f0       0x34 Core/Src/main.o
                0x00000000080009f0                main
 .text.SystemClock_Config
                0x0000000008000a24       0x82 Core/Src/main.o
                0x0000000008000a24                SystemClock_Config
 .text.Error_Handler
                0x0000000008000aa6        0xa Core/Src/main.o
                0x0000000008000aa6                Error_Handler
 .text.HAL_MspInit
                0x0000000008000ab0       0x64 Core/Src/stm32f1xx_hal_msp.o
                0x0000000008000ab0                HAL_MspInit
 .text.LL_DMA_IsActiveFlag_TC6
                0x0000000008000b14       0x26 Core/Src/stm32f1xx_it.o
 .text.LL_DMA_IsActiveFlag_TC7
                0x0000000008000b3a       0x26 Core/Src/stm32f1xx_it.o
 .text.LL_DMA_ClearFlag_GI6
                0x0000000008000b60       0x1a Core/Src/stm32f1xx_it.o
 .text.LL_DMA_ClearFlag_GI7
                0x0000000008000b7a       0x1a Core/Src/stm32f1xx_it.o
 .text.NMI_Handler
                0x0000000008000b94        0x6 Core/Src/stm32f1xx_it.o
                0x0000000008000b94                NMI_Handler
 .text.HardFault_Handler
                0x0000000008000b9a        0x6 Core/Src/stm32f1xx_it.o
                0x0000000008000b9a                HardFault_Handler
 .text.MemManage_Handler
                0x0000000008000ba0        0x6 Core/Src/stm32f1xx_it.o
                0x0000000008000ba0                MemManage_Handler
 .text.BusFault_Handler
                0x0000000008000ba6        0x6 Core/Src/stm32f1xx_it.o
                0x0000000008000ba6                BusFault_Handler
 .text.UsageFault_Handler
                0x0000000008000bac        0x6 Core/Src/stm32f1xx_it.o
                0x0000000008000bac                UsageFault_Handler
 .text.SVC_Handler
                0x0000000008000bb2        0xc Core/Src/stm32f1xx_it.o
                0x0000000008000bb2                SVC_Handler
 .text.DebugMon_Handler
                0x0000000008000bbe        0xc Core/Src/stm32f1xx_it.o
                0x0000000008000bbe                DebugMon_Handler
 .text.PendSV_Handler
                0x0000000008000bca        0xc Core/Src/stm32f1xx_it.o
                0x0000000008000bca                PendSV_Handler
 .text.SysTick_Handler
                0x0000000008000bd6        0xc Core/Src/stm32f1xx_it.o
                0x0000000008000bd6                SysTick_Handler
 *fill*         0x0000000008000be2        0x2 
 .text.DMA1_Channel6_IRQHandler
                0x0000000008000be4       0x28 Core/Src/stm32f1xx_it.o
                0x0000000008000be4                DMA1_Channel6_IRQHandler
 .text.DMA1_Channel7_IRQHandler
                0x0000000008000c0c       0x28 Core/Src/stm32f1xx_it.o
                0x0000000008000c0c                DMA1_Channel7_IRQHandler
 .text.USART2_IRQHandler
                0x0000000008000c34       0x14 Core/Src/stm32f1xx_it.o
                0x0000000008000c34                USART2_IRQHandler
 .text.EXTI15_10_IRQHandler
                0x0000000008000c48       0x10 Core/Src/stm32f1xx_it.o
                0x0000000008000c48                EXTI15_10_IRQHandler
 .text.SystemInit
                0x0000000008000c58        0xc Core/Src/system_stm32f1xx.o
                0x0000000008000c58                SystemInit
 .text.__NVIC_GetPriorityGrouping
                0x0000000008000c64       0x1c Core/Src/usart.o
 .text.__NVIC_EnableIRQ
                0x0000000008000c80       0x38 Core/Src/usart.o
 .text.__NVIC_SetPriority
                0x0000000008000cb8       0x54 Core/Src/usart.o
 .text.NVIC_EncodePriority
                0x0000000008000d0c       0x64 Core/Src/usart.o
 .text.LL_USART_Enable
                0x0000000008000d70       0x1e Core/Src/usart.o
 .text.LL_USART_ConfigAsyncMode
                0x0000000008000d8e       0x2a Core/Src/usart.o
 .text.LL_APB1_GRP1_EnableClock
                0x0000000008000db8       0x30 Core/Src/usart.o
 .text.LL_APB2_GRP1_EnableClock
                0x0000000008000de8       0x30 Core/Src/usart.o
 .text.LL_DMA_SetDataTransferDirection
                0x0000000008000e18       0x48 Core/Src/usart.o
 .text.LL_DMA_SetMode
                0x0000000008000e60       0x44 Core/Src/usart.o
 .text.LL_DMA_SetPeriphIncMode
                0x0000000008000ea4       0x44 Core/Src/usart.o
 .text.LL_DMA_SetMemoryIncMode
                0x0000000008000ee8       0x44 Core/Src/usart.o
 .text.LL_DMA_SetPeriphSize
                0x0000000008000f2c       0x44 Core/Src/usart.o
 .text.LL_DMA_SetMemorySize
                0x0000000008000f70       0x44 Core/Src/usart.o
 .text.LL_DMA_SetChannelPriorityLevel
                0x0000000008000fb4       0x44 Core/Src/usart.o
 .text.MX_USART2_UART_Init
                0x0000000008000ff8      0x15c Core/Src/usart.o
                0x0000000008000ff8                MX_USART2_UART_Init
 .text.Reset_Handler
                0x0000000008001154       0x48 Core/Startup/startup_stm32f103rbtx.o
                0x0000000008001154                Reset_Handler
 .text.Default_Handler
                0x000000000800119c        0x2 Core/Startup/startup_stm32f103rbtx.o
                0x000000000800119c                RTC_Alarm_IRQHandler
                0x000000000800119c                EXTI2_IRQHandler
                0x000000000800119c                TIM1_CC_IRQHandler
                0x000000000800119c                PVD_IRQHandler
                0x000000000800119c                EXTI3_IRQHandler
                0x000000000800119c                EXTI0_IRQHandler
                0x000000000800119c                I2C2_EV_IRQHandler
                0x000000000800119c                ADC1_2_IRQHandler
                0x000000000800119c                SPI1_IRQHandler
                0x000000000800119c                TAMPER_IRQHandler
                0x000000000800119c                DMA1_Channel4_IRQHandler
                0x000000000800119c                USART3_IRQHandler
                0x000000000800119c                RTC_IRQHandler
                0x000000000800119c                CAN1_RX1_IRQHandler
                0x000000000800119c                TIM4_IRQHandler
                0x000000000800119c                I2C1_EV_IRQHandler
                0x000000000800119c                TIM3_IRQHandler
                0x000000000800119c                RCC_IRQHandler
                0x000000000800119c                TIM1_TRG_COM_IRQHandler
                0x000000000800119c                DMA1_Channel1_IRQHandler
                0x000000000800119c                Default_Handler
                0x000000000800119c                EXTI9_5_IRQHandler
                0x000000000800119c                SPI2_IRQHandler
                0x000000000800119c                DMA1_Channel5_IRQHandler
                0x000000000800119c                EXTI4_IRQHandler
                0x000000000800119c                USB_LP_CAN1_RX0_IRQHandler
                0x000000000800119c                USB_HP_CAN1_TX_IRQHandler
                0x000000000800119c                DMA1_Channel3_IRQHandler
                0x000000000800119c                TIM1_UP_IRQHandler
                0x000000000800119c                WWDG_IRQHandler
                0x000000000800119c                TIM2_IRQHandler
                0x000000000800119c                TIM1_BRK_IRQHandler
                0x000000000800119c                EXTI1_IRQHandler
                0x000000000800119c                I2C2_ER_IRQHandler
                0x000000000800119c                DMA1_Channel2_IRQHandler
                0x000000000800119c                CAN1_SCE_IRQHandler
                0x000000000800119c                FLASH_IRQHandler
                0x000000000800119c                USART1_IRQHandler
                0x000000000800119c                I2C1_ER_IRQHandler
                0x000000000800119c                USBWakeUp_IRQHandler
 *fill*         0x000000000800119e        0x2 
 .text.HAL_Init
                0x00000000080011a0       0x2c Drivers/STM32F1xx_HAL_Driver/Src/stm32f1xx_hal.o
                0x00000000080011a0                HAL_Init
 .text.HAL_InitTick
                0x00000000080011cc       0x60 Drivers/STM32F1xx_HAL_Driver/Src/stm32f1xx_hal.o
                0x00000000080011cc                HAL_InitTick
 .text.HAL_IncTick
                0x000000000800122c       0x24 Drivers/STM32F1xx_HAL_Driver/Src/stm32f1xx_hal.o
                0x000000000800122c                HAL_IncTick
 .text.HAL_GetTick
                0x0000000008001250       0x14 Drivers/STM32F1xx_HAL_Driver/Src/stm32f1xx_hal.o
                0x0000000008001250                HAL_GetTick
 .text.HAL_Delay
                0x0000000008001264       0x48 Drivers/STM32F1xx_HAL_Driver/Src/stm32f1xx_hal.o
                0x0000000008001264                HAL_Delay
 .text.__NVIC_SetPriorityGrouping
                0x00000000080012ac       0x48 Drivers/STM32F1xx_HAL_Driver/Src/stm32f1xx_hal_cortex.o
 .text.__NVIC_GetPriorityGrouping
                0x00000000080012f4       0x1c Drivers/STM32F1xx_HAL_Driver/Src/stm32f1xx_hal_cortex.o
 .text.__NVIC_EnableIRQ
                0x0000000008001310       0x38 Drivers/STM32F1xx_HAL_Driver/Src/stm32f1xx_hal_cortex.o
 .text.__NVIC_SetPriority
                0x0000000008001348       0x54 Drivers/STM32F1xx_HAL_Driver/Src/stm32f1xx_hal_cortex.o
 .text.NVIC_EncodePriority
                0x000000000800139c       0x64 Drivers/STM32F1xx_HAL_Driver/Src/stm32f1xx_hal_cortex.o
 .text.SysTick_Config
                0x0000000008001400       0x44 Drivers/STM32F1xx_HAL_Driver/Src/stm32f1xx_hal_cortex.o
 .text.HAL_NVIC_SetPriorityGrouping
                0x0000000008001444       0x16 Drivers/STM32F1xx_HAL_Driver/Src/stm32f1xx_hal_cortex.o
                0x0000000008001444                HAL_NVIC_SetPriorityGrouping
 .text.HAL_NVIC_SetPriority
                0x000000000800145a       0x38 Drivers/STM32F1xx_HAL_Driver/Src/stm32f1xx_hal_cortex.o
                0x000000000800145a                HAL_NVIC_SetPriority
 .text.HAL_NVIC_EnableIRQ
                0x0000000008001492       0x1c Drivers/STM32F1xx_HAL_Driver/Src/stm32f1xx_hal_cortex.o
                0x0000000008001492                HAL_NVIC_EnableIRQ
 .text.HAL_SYSTICK_Config
                0x00000000080014ae       0x18 Drivers/STM32F1xx_HAL_Driver/Src/stm32f1xx_hal_cortex.o
                0x00000000080014ae                HAL_SYSTICK_Config
 *fill*         0x00000000080014c6        0x2 
 .text.HAL_GPIO_Init
                0x00000000080014c8      0x308 Drivers/STM32F1xx_HAL_Driver/Src/stm32f1xx_hal_gpio.o
                0x00000000080014c8                HAL_GPIO_Init
 .text.HAL_GPIO_WritePin
                0x00000000080017d0       0x30 Drivers/STM32F1xx_HAL_Driver/Src/stm32f1xx_hal_gpio.o
                0x00000000080017d0                HAL_GPIO_WritePin
 .text.HAL_GPIO_TogglePin
                0x0000000008001800       0x32 Drivers/STM32F1xx_HAL_Driver/Src/stm32f1xx_hal_gpio.o
                0x0000000008001800                HAL_GPIO_TogglePin
 *fill*         0x0000000008001832        0x2 
 .text.HAL_GPIO_EXTI_IRQHandler
                0x0000000008001834       0x30 Drivers/STM32F1xx_HAL_Driver/Src/stm32f1xx_hal_gpio.o
                0x0000000008001834                HAL_GPIO_EXTI_IRQHandler
 .text.HAL_GPIO_EXTI_Callback
                0x0000000008001864       0x14 Drivers/STM32F1xx_HAL_Driver/Src/stm32f1xx_hal_gpio.o
                0x0000000008001864                HAL_GPIO_EXTI_Callback
 .text.HAL_RCC_OscConfig
                0x0000000008001878      0x500 Drivers/STM32F1xx_HAL_Driver/Src/stm32f1xx_hal_rcc.o
                0x0000000008001878                HAL_RCC_OscConfig
 .text.HAL_RCC_ClockConfig
                0x0000000008001d78      0x1d4 Drivers/STM32F1xx_HAL_Driver/Src/stm32f1xx_hal_rcc.o
                0x0000000008001d78                HAL_RCC_ClockConfig
 .text.HAL_RCC_GetSysClockFreq
                0x0000000008001f4c       0xc0 Drivers/STM32F1xx_HAL_Driver/Src/stm32f1xx_hal_rcc.o
                0x0000000008001f4c                HAL_RCC_GetSysClockFreq
 .text.RCC_Delay
                0x000000000800200c       0x3c Drivers/STM32F1xx_HAL_Driver/Src/stm32f1xx_hal_rcc.o
 .text.LL_GPIO_SetPinMode
                0x0000000008002048       0x64 Drivers/STM32F1xx_HAL_Driver/Src/stm32f1xx_ll_gpio.o
 .text.LL_GPIO_SetPinSpeed
                0x00000000080020ac       0x64 Drivers/STM32F1xx_HAL_Driver/Src/stm32f1xx_ll_gpio.o
 .text.LL_GPIO_SetPinOutputType
                0x0000000008002110       0x64 Drivers/STM32F1xx_HAL_Driver/Src/stm32f1xx_ll_gpio.o
 .text.LL_GPIO_SetPinPull
                0x0000000008002174       0x44 Drivers/STM32F1xx_HAL_Driver/Src/stm32f1xx_ll_gpio.o
 .text.LL_GPIO_Init
                0x00000000080021b8       0xc4 Drivers/STM32F1xx_HAL_Driver/Src/stm32f1xx_ll_gpio.o
                0x00000000080021b8                LL_GPIO_Init
 .text.LL_RCC_GetSysClkSource
                0x000000000800227c       0x18 Drivers/STM32F1xx_HAL_Driver/Src/stm32f1xx_ll_rcc.o
 .text.LL_RCC_GetAHBPrescaler
                0x0000000008002294       0x18 Drivers/STM32F1xx_HAL_Driver/Src/stm32f1xx_ll_rcc.o
 .text.LL_RCC_GetAPB1Prescaler
                0x00000000080022ac       0x18 Drivers/STM32F1xx_HAL_Driver/Src/stm32f1xx_ll_rcc.o
 .text.LL_RCC_GetAPB2Prescaler
                0x00000000080022c4       0x18 Drivers/STM32F1xx_HAL_Driver/Src/stm32f1xx_ll_rcc.o
 .text.LL_RCC_PLL_GetMainSource
                0x00000000080022dc       0x18 Drivers/STM32F1xx_HAL_Driver/Src/stm32f1xx_ll_rcc.o
 .text.LL_RCC_PLL_GetMultiplicator
                0x00000000080022f4       0x18 Drivers/STM32F1xx_HAL_Driver/Src/stm32f1xx_ll_rcc.o
 .text.LL_RCC_PLL_GetPrediv
                0x000000000800230c       0x1c Drivers/STM32F1xx_HAL_Driver/Src/stm32f1xx_ll_rcc.o
 .text.LL_RCC_GetSystemClocksFreq
                0x0000000008002328       0x4a Drivers/STM32F1xx_HAL_Driver/Src/stm32f1xx_ll_rcc.o
                0x0000000008002328                LL_RCC_GetSystemClocksFreq
 *fill*         0x0000000008002372        0x2 
 .text.RCC_GetSystemClockFreq
                0x0000000008002374       0x4c Drivers/STM32F1xx_HAL_Driver/Src/stm32f1xx_ll_rcc.o
                0x0000000008002374                RCC_GetSystemClockFreq
 .text.RCC_GetHCLKClockFreq
                0x00000000080023c0       0x2c Drivers/STM32F1xx_HAL_Driver/Src/stm32f1xx_ll_rcc.o
                0x00000000080023c0                RCC_GetHCLKClockFreq
 .text.RCC_GetPCLK1ClockFreq
                0x00000000080023ec       0x28 Drivers/STM32F1xx_HAL_Driver/Src/stm32f1xx_ll_rcc.o
                0x00000000080023ec                RCC_GetPCLK1ClockFreq
 .text.RCC_GetPCLK2ClockFreq
                0x0000000008002414       0x28 Drivers/STM32F1xx_HAL_Driver/Src/stm32f1xx_ll_rcc.o
                0x0000000008002414                RCC_GetPCLK2ClockFreq
 .text.RCC_PLL_GetFreqDomain_SYS
                0x000000000800243c       0x64 Drivers/STM32F1xx_HAL_Driver/Src/stm32f1xx_ll_rcc.o
                0x000000000800243c                RCC_PLL_GetFreqDomain_SYS
 .text.LL_USART_IsEnabled
                0x00000000080024a0       0x26 Drivers/STM32F1xx_HAL_Driver/Src/stm32f1xx_ll_usart.o
 .text.LL_USART_SetStopBitsLength
                0x00000000080024c6       0x24 Drivers/STM32F1xx_HAL_Driver/Src/stm32f1xx_ll_usart.o
 .text.LL_USART_SetHWFlowCtrl
                0x00000000080024ea       0x24 Drivers/STM32F1xx_HAL_Driver/Src/stm32f1xx_ll_usart.o
 *fill*         0x000000000800250e        0x2 
 .text.LL_USART_SetBaudRate
                0x0000000008002510       0xbc Drivers/STM32F1xx_HAL_Driver/Src/stm32f1xx_ll_usart.o
 .text.LL_USART_Init
                0x00000000080025cc       0xc0 Drivers/STM32F1xx_HAL_Driver/Src/stm32f1xx_ll_usart.o
                0x00000000080025cc                LL_USART_Init
 .text.__libc_init_array
                0x000000000800268c       0x48 c:/st/stm32cubeide_1.3.0/stm32cubeide/plugins/com.st.stm32cube.ide.mcu.externaltools.gnu-tools-for-stm32.9-2020-q2-update.win32_1.5.0.202011040924/tools/bin/../lib/gcc/arm-none-eabi/9.3.1/../../../../arm-none-eabi/lib/thumb/v7-m/nofp\libc_nano.a(lib_a-init.o)
                0x000000000800268c                __libc_init_array
 .text.memset   0x00000000080026d4       0x10 c:/st/stm32cubeide_1.3.0/stm32cubeide/plugins/com.st.stm32cube.ide.mcu.externaltools.gnu-tools-for-stm32.9-2020-q2-update.win32_1.5.0.202011040924/tools/bin/../lib/gcc/arm-none-eabi/9.3.1/../../../../arm-none-eabi/lib/thumb/v7-m/nofp\libc_nano.a(lib_a-memset.o)
                0x00000000080026d4                memset
 *(.glue_7)
 .glue_7        0x00000000080026e4        0x0 linker stubs
 *(.glue_7t)
 .glue_7t       0x00000000080026e4        0x0 linker stubs
 *(.eh_frame)
 .eh_frame      0x00000000080026e4        0x0 c:/st/stm32cubeide_1.3.0/stm32cubeide/plugins/com.st.stm32cube.ide.mcu.externaltools.gnu-tools-for-stm32.9-2020-q2-update.win32_1.5.0.202011040924/tools/bin/../lib/gcc/arm-none-eabi/9.3.1/thumb/v7-m/nofp/crtbegin.o
 *(.init)
 .init          0x00000000080026e4        0x4 c:/st/stm32cubeide_1.3.0/stm32cubeide/plugins/com.st.stm32cube.ide.mcu.externaltools.gnu-tools-for-stm32.9-2020-q2-update.win32_1.5.0.202011040924/tools/bin/../lib/gcc/arm-none-eabi/9.3.1/thumb/v7-m/nofp/crti.o
                0x00000000080026e4                _init
 .init          0x00000000080026e8        0x8 c:/st/stm32cubeide_1.3.0/stm32cubeide/plugins/com.st.stm32cube.ide.mcu.externaltools.gnu-tools-for-stm32.9-2020-q2-update.win32_1.5.0.202011040924/tools/bin/../lib/gcc/arm-none-eabi/9.3.1/thumb/v7-m/nofp/crtn.o
 *(.fini)
 .fini          0x00000000080026f0        0x4 c:/st/stm32cubeide_1.3.0/stm32cubeide/plugins/com.st.stm32cube.ide.mcu.externaltools.gnu-tools-for-stm32.9-2020-q2-update.win32_1.5.0.202011040924/tools/bin/../lib/gcc/arm-none-eabi/9.3.1/thumb/v7-m/nofp/crti.o
                0x00000000080026f0                _fini
 .fini          0x00000000080026f4        0x8 c:/st/stm32cubeide_1.3.0/stm32cubeide/plugins/com.st.stm32cube.ide.mcu.externaltools.gnu-tools-for-stm32.9-2020-q2-update.win32_1.5.0.202011040924/tools/bin/../lib/gcc/arm-none-eabi/9.3.1/thumb/v7-m/nofp/crtn.o
                0x00000000080026fc                . = ALIGN (0x4)
                0x00000000080026fc                _etext = .

.vfp11_veneer   0x00000000080026fc        0x0
 .vfp11_veneer  0x00000000080026fc        0x0 linker stubs

.v4_bx          0x00000000080026fc        0x0
 .v4_bx         0x00000000080026fc        0x0 linker stubs

.iplt           0x00000000080026fc        0x0
 .iplt          0x00000000080026fc        0x0 c:/st/stm32cubeide_1.3.0/stm32cubeide/plugins/com.st.stm32cube.ide.mcu.externaltools.gnu-tools-for-stm32.9-2020-q2-update.win32_1.5.0.202011040924/tools/bin/../lib/gcc/arm-none-eabi/9.3.1/thumb/v7-m/nofp/crtbegin.o

.rodata         0x00000000080026fc      0x6f4
                0x00000000080026fc                . = ALIGN (0x4)
 *(.rodata)
 .rodata        0x00000000080026fc      0x6bb Core/Src/LL_UART_ECHO_DMA_IDLE.o
 *fill*         0x0000000008002db7        0x1 
 .rodata        0x0000000008002db8       0x10 Drivers/STM32F1xx_HAL_Driver/Src/stm32f1xx_hal_rcc.o
 *(.rodata*)
 .rodata.CHANNEL_OFFSET_TAB
                0x0000000008002dc8        0x7 Core/Src/LL_UART_ECHO_DMA_IDLE.o
 *fill*         0x0000000008002dcf        0x1 
 .rodata.AHBPrescTable
                0x0000000008002dd0       0x10 Core/Src/system_stm32f1xx.o
                0x0000000008002dd0                AHBPrescTable
 .rodata.APBPrescTable
                0x0000000008002de0        0x8 Core/Src/system_stm32f1xx.o
                0x0000000008002de0                APBPrescTable
 .rodata.CHANNEL_OFFSET_TAB
                0x0000000008002de8        0x7 Core/Src/usart.o
                0x0000000008002df0                . = ALIGN (0x4)
 *fill*         0x0000000008002def        0x1 

.rel.dyn        0x0000000008002df0        0x0
 .rel.iplt      0x0000000008002df0        0x0 c:/st/stm32cubeide_1.3.0/stm32cubeide/plugins/com.st.stm32cube.ide.mcu.externaltools.gnu-tools-for-stm32.9-2020-q2-update.win32_1.5.0.202011040924/tools/bin/../lib/gcc/arm-none-eabi/9.3.1/thumb/v7-m/nofp/crtbegin.o

.ARM.extab      0x0000000008002df0        0x0
                0x0000000008002df0                . = ALIGN (0x4)
 *(.ARM.extab* .gnu.linkonce.armextab.*)
                0x0000000008002df0                . = ALIGN (0x4)

.ARM            0x0000000008002df0        0x0
                0x0000000008002df0                . = ALIGN (0x4)
                0x0000000008002df0                __exidx_start = .
 *(.ARM.exidx*)
                0x0000000008002df0                __exidx_end = .
                0x0000000008002df0                . = ALIGN (0x4)

.preinit_array  0x0000000008002df0        0x0
                0x0000000008002df0                . = ALIGN (0x4)
                0x0000000008002df0                PROVIDE (__preinit_array_start = .)
 *(.preinit_array*)
                0x0000000008002df0                PROVIDE (__preinit_array_end = .)
                0x0000000008002df0                . = ALIGN (0x4)

.init_array     0x0000000008002df0        0x4
                0x0000000008002df0                . = ALIGN (0x4)
                0x0000000008002df0                PROVIDE (__init_array_start = .)
 *(SORT_BY_NAME(.init_array.*))
 *(.init_array*)
 .init_array    0x0000000008002df0        0x4 c:/st/stm32cubeide_1.3.0/stm32cubeide/plugins/com.st.stm32cube.ide.mcu.externaltools.gnu-tools-for-stm32.9-2020-q2-update.win32_1.5.0.202011040924/tools/bin/../lib/gcc/arm-none-eabi/9.3.1/thumb/v7-m/nofp/crtbegin.o
                0x0000000008002df4                PROVIDE (__init_array_end = .)
                0x0000000008002df4                . = ALIGN (0x4)

.fini_array     0x0000000008002df4        0x4
                0x0000000008002df4                . = ALIGN (0x4)
                [!provide]                        PROVIDE (__fini_array_start = .)
 *(SORT_BY_NAME(.fini_array.*))
 *(.fini_array*)
 .fini_array    0x0000000008002df4        0x4 c:/st/stm32cubeide_1.3.0/stm32cubeide/plugins/com.st.stm32cube.ide.mcu.externaltools.gnu-tools-for-stm32.9-2020-q2-update.win32_1.5.0.202011040924/tools/bin/../lib/gcc/arm-none-eabi/9.3.1/thumb/v7-m/nofp/crtbegin.o
                [!provide]                        PROVIDE (__fini_array_end = .)
                0x0000000008002df8                . = ALIGN (0x4)
                0x0000000008002df8                _sidata = LOADADDR (.data)

.data           0x0000000020000000        0xc load address 0x0000000008002df8
                0x0000000020000000                . = ALIGN (0x4)
                0x0000000020000000                _sdata = .
 *(.data)
 *(.data*)
 .data.SystemCoreClock
                0x0000000020000000        0x4 Core/Src/system_stm32f1xx.o
                0x0000000020000000                SystemCoreClock
 .data.uwTickPrio
                0x0000000020000004        0x4 Drivers/STM32F1xx_HAL_Driver/Src/stm32f1xx_hal.o
                0x0000000020000004                uwTickPrio
 .data.uwTickFreq
                0x0000000020000008        0x1 Drivers/STM32F1xx_HAL_Driver/Src/stm32f1xx_hal.o
                0x0000000020000008                uwTickFreq
 *(.RamFunc)
 *(.RamFunc*)
                0x000000002000000c                . = ALIGN (0x4)
 *fill*         0x0000000020000009        0x3 
                0x000000002000000c                _edata = .

.igot.plt       0x000000002000000c        0x0 load address 0x0000000008002e04
 .igot.plt      0x000000002000000c        0x0 c:/st/stm32cubeide_1.3.0/stm32cubeide/plugins/com.st.stm32cube.ide.mcu.externaltools.gnu-tools-for-stm32.9-2020-q2-update.win32_1.5.0.202011040924/tools/bin/../lib/gcc/arm-none-eabi/9.3.1/thumb/v7-m/nofp/crtbegin.o
                0x000000002000000c                . = ALIGN (0x4)

.bss            0x000000002000000c       0x44 load address 0x0000000008002e04
                0x000000002000000c                _sbss = .
                0x000000002000000c                __bss_start__ = _sbss
 *(.bss)
 .bss           0x000000002000000c       0x1c c:/st/stm32cubeide_1.3.0/stm32cubeide/plugins/com.st.stm32cube.ide.mcu.externaltools.gnu-tools-for-stm32.9-2020-q2-update.win32_1.5.0.202011040924/tools/bin/../lib/gcc/arm-none-eabi/9.3.1/thumb/v7-m/nofp/crtbegin.o
 *(.bss*)
 *(COMMON)
 COMMON         0x0000000020000028       0x24 Core/Src/LL_UART_ECHO_DMA_IDLE.o
                0x0000000020000028                TUART2
 COMMON         0x000000002000004c        0x4 Drivers/STM32F1xx_HAL_Driver/Src/stm32f1xx_hal.o
                0x000000002000004c                uwTick
                0x0000000020000050                . = ALIGN (0x4)
                0x0000000020000050                _ebss = .
                0x0000000020000050                __bss_end__ = _ebss

._user_heap_stack
                0x0000000020000050      0x600 load address 0x0000000008002e04
                0x0000000020000050                . = ALIGN (0x8)
                [!provide]                        PROVIDE (end = .)
                0x0000000020000050                PROVIDE (_end = .)
                0x0000000020000250                . = (. + _Min_Heap_Size)
 *fill*         0x0000000020000050      0x200 
                0x0000000020000650                . = (. + _Min_Stack_Size)
 *fill*         0x0000000020000250      0x400 
                0x0000000020000650                . = ALIGN (0x8)

/DISCARD/
 libc.a(*)
 libm.a(*)
 libgcc.a(*)

.ARM.attributes
                0x0000000000000000       0x29
 *(.ARM.attributes)
 .ARM.attributes
                0x0000000000000000       0x1d c:/st/stm32cubeide_1.3.0/stm32cubeide/plugins/com.st.stm32cube.ide.mcu.externaltools.gnu-tools-for-stm32.9-2020-q2-update.win32_1.5.0.202011040924/tools/bin/../lib/gcc/arm-none-eabi/9.3.1/thumb/v7-m/nofp/crti.o
 .ARM.attributes
                0x000000000000001d       0x2d c:/st/stm32cubeide_1.3.0/stm32cubeide/plugins/com.st.stm32cube.ide.mcu.externaltools.gnu-tools-for-stm32.9-2020-q2-update.win32_1.5.0.202011040924/tools/bin/../lib/gcc/arm-none-eabi/9.3.1/thumb/v7-m/nofp/crtbegin.o
 .ARM.attributes
                0x000000000000004a       0x2d Core/Src/LL_UART_ECHO_DMA_IDLE.o
 .ARM.attributes
                0x0000000000000077       0x2d Core/Src/dma.o
 .ARM.attributes
                0x00000000000000a4       0x2d Core/Src/gpio.o
 .ARM.attributes
                0x00000000000000d1       0x2d Core/Src/main.o
 .ARM.attributes
                0x00000000000000fe       0x2d Core/Src/stm32f1xx_hal_msp.o
 .ARM.attributes
                0x000000000000012b       0x2d Core/Src/stm32f1xx_it.o
 .ARM.attributes
                0x0000000000000158       0x2d Core/Src/system_stm32f1xx.o
 .ARM.attributes
                0x0000000000000185       0x2d Core/Src/usart.o
 .ARM.attributes
                0x00000000000001b2       0x21 Core/Startup/startup_stm32f103rbtx.o
 .ARM.attributes
                0x00000000000001d3       0x2d Drivers/STM32F1xx_HAL_Driver/Src/stm32f1xx_hal.o
 .ARM.attributes
                0x0000000000000200       0x2d Drivers/STM32F1xx_HAL_Driver/Src/stm32f1xx_hal_cortex.o
 .ARM.attributes
                0x000000000000022d       0x2d Drivers/STM32F1xx_HAL_Driver/Src/stm32f1xx_hal_gpio.o
 .ARM.attributes
                0x000000000000025a       0x2d Drivers/STM32F1xx_HAL_Driver/Src/stm32f1xx_hal_rcc.o
 .ARM.attributes
                0x0000000000000287       0x2d Drivers/STM32F1xx_HAL_Driver/Src/stm32f1xx_ll_gpio.o
 .ARM.attributes
                0x00000000000002b4       0x2d Drivers/STM32F1xx_HAL_Driver/Src/stm32f1xx_ll_rcc.o
 .ARM.attributes
                0x00000000000002e1       0x2d Drivers/STM32F1xx_HAL_Driver/Src/stm32f1xx_ll_usart.o
 .ARM.attributes
                0x000000000000030e       0x2d c:/st/stm32cubeide_1.3.0/stm32cubeide/plugins/com.st.stm32cube.ide.mcu.externaltools.gnu-tools-for-stm32.9-2020-q2-update.win32_1.5.0.202011040924/tools/bin/../lib/gcc/arm-none-eabi/9.3.1/../../../../arm-none-eabi/lib/thumb/v7-m/nofp\libc_nano.a(lib_a-init.o)
 .ARM.attributes
                0x000000000000033b       0x2d c:/st/stm32cubeide_1.3.0/stm32cubeide/plugins/com.st.stm32cube.ide.mcu.externaltools.gnu-tools-for-stm32.9-2020-q2-update.win32_1.5.0.202011040924/tools/bin/../lib/gcc/arm-none-eabi/9.3.1/../../../../arm-none-eabi/lib/thumb/v7-m/nofp\libc_nano.a(lib_a-memset.o)
 .ARM.attributes
                0x0000000000000368       0x1d c:/st/stm32cubeide_1.3.0/stm32cubeide/plugins/com.st.stm32cube.ide.mcu.externaltools.gnu-tools-for-stm32.9-2020-q2-update.win32_1.5.0.202011040924/tools/bin/../lib/gcc/arm-none-eabi/9.3.1/thumb/v7-m/nofp/crtn.o
OUTPUT(LL_UART_ECHO_DMA_IDLE.elf elf32-littlearm)
LOAD linker stubs
LOAD c:/st/stm32cubeide_1.3.0/stm32cubeide/plugins/com.st.stm32cube.ide.mcu.externaltools.gnu-tools-for-stm32.9-2020-q2-update.win32_1.5.0.202011040924/tools/bin/../lib/gcc/arm-none-eabi/9.3.1/../../../../arm-none-eabi/lib/thumb/v7-m/nofp\libc.a
LOAD c:/st/stm32cubeide_1.3.0/stm32cubeide/plugins/com.st.stm32cube.ide.mcu.externaltools.gnu-tools-for-stm32.9-2020-q2-update.win32_1.5.0.202011040924/tools/bin/../lib/gcc/arm-none-eabi/9.3.1/../../../../arm-none-eabi/lib/thumb/v7-m/nofp\libm.a
LOAD c:/st/stm32cubeide_1.3.0/stm32cubeide/plugins/com.st.stm32cube.ide.mcu.externaltools.gnu-tools-for-stm32.9-2020-q2-update.win32_1.5.0.202011040924/tools/bin/../lib/gcc/arm-none-eabi/9.3.1/thumb/v7-m/nofp\libgcc.a

.debug_info     0x0000000000000000     0x6c7d
 .debug_info    0x0000000000000000      0x852 Core/Src/LL_UART_ECHO_DMA_IDLE.o
 .debug_info    0x0000000000000852      0x8d9 Core/Src/dma.o
 .debug_info    0x000000000000112b      0x646 Core/Src/gpio.o
 .debug_info    0x0000000000001771      0x51c Core/Src/main.o
 .debug_info    0x0000000000001c8d      0x44f Core/Src/stm32f1xx_hal_msp.o
 .debug_info    0x00000000000020dc      0x4b4 Core/Src/stm32f1xx_it.o
 .debug_info    0x0000000000002590      0x2be Core/Src/system_stm32f1xx.o
 .debug_info    0x000000000000284e      0xd62 Core/Src/usart.o
 .debug_info    0x00000000000035b0       0x22 Core/Startup/startup_stm32f103rbtx.o
 .debug_info    0x00000000000035d2      0x76a Drivers/STM32F1xx_HAL_Driver/Src/stm32f1xx_hal.o
 .debug_info    0x0000000000003d3c      0xbdc Drivers/STM32F1xx_HAL_Driver/Src/stm32f1xx_hal_cortex.o
 .debug_info    0x0000000000004918      0x701 Drivers/STM32F1xx_HAL_Driver/Src/stm32f1xx_hal_gpio.o
 .debug_info    0x0000000000005019      0x88e Drivers/STM32F1xx_HAL_Driver/Src/stm32f1xx_hal_rcc.o
 .debug_info    0x00000000000058a7      0x6d3 Drivers/STM32F1xx_HAL_Driver/Src/stm32f1xx_ll_gpio.o
 .debug_info    0x0000000000005f7a      0x62f Drivers/STM32F1xx_HAL_Driver/Src/stm32f1xx_ll_rcc.o
 .debug_info    0x00000000000065a9      0x6d4 Drivers/STM32F1xx_HAL_Driver/Src/stm32f1xx_ll_usart.o

.debug_abbrev   0x0000000000000000     0x1d87
 .debug_abbrev  0x0000000000000000      0x221 Core/Src/LL_UART_ECHO_DMA_IDLE.o
 .debug_abbrev  0x0000000000000221      0x1f4 Core/Src/dma.o
 .debug_abbrev  0x0000000000000415      0x171 Core/Src/gpio.o
 .debug_abbrev  0x0000000000000586      0x19f Core/Src/main.o
 .debug_abbrev  0x0000000000000725      0x148 Core/Src/stm32f1xx_hal_msp.o
 .debug_abbrev  0x000000000000086d      0x1c9 Core/Src/stm32f1xx_it.o
 .debug_abbrev  0x0000000000000a36      0x14e Core/Src/system_stm32f1xx.o
 .debug_abbrev  0x0000000000000b84      0x20b Core/Src/usart.o
 .debug_abbrev  0x0000000000000d8f       0x12 Core/Startup/startup_stm32f103rbtx.o
 .debug_abbrev  0x0000000000000da1      0x1ed Drivers/STM32F1xx_HAL_Driver/Src/stm32f1xx_hal.o
 .debug_abbrev  0x0000000000000f8e      0x313 Drivers/STM32F1xx_HAL_Driver/Src/stm32f1xx_hal_cortex.o
 .debug_abbrev  0x00000000000012a1      0x1e8 Drivers/STM32F1xx_HAL_Driver/Src/stm32f1xx_hal_gpio.o
 .debug_abbrev  0x0000000000001489      0x273 Drivers/STM32F1xx_HAL_Driver/Src/stm32f1xx_hal_rcc.o
 .debug_abbrev  0x00000000000016fc      0x239 Drivers/STM32F1xx_HAL_Driver/Src/stm32f1xx_ll_gpio.o
 .debug_abbrev  0x0000000000001935      0x27b Drivers/STM32F1xx_HAL_Driver/Src/stm32f1xx_ll_rcc.o
 .debug_abbrev  0x0000000000001bb0      0x1d7 Drivers/STM32F1xx_HAL_Driver/Src/stm32f1xx_ll_usart.o

.debug_aranges  0x0000000000000000      0x790
 .debug_aranges
                0x0000000000000000       0xd0 Core/Src/LL_UART_ECHO_DMA_IDLE.o
 .debug_aranges
                0x00000000000000d0       0x40 Core/Src/dma.o
 .debug_aranges
                0x0000000000000110       0x20 Core/Src/gpio.o
 .debug_aranges
                0x0000000000000130       0x30 Core/Src/main.o
 .debug_aranges
                0x0000000000000160       0x20 Core/Src/stm32f1xx_hal_msp.o
 .debug_aranges
                0x0000000000000180       0xa0 Core/Src/stm32f1xx_it.o
 .debug_aranges
                0x0000000000000220       0x28 Core/Src/system_stm32f1xx.o
 .debug_aranges
                0x0000000000000248       0x98 Core/Src/usart.o
 .debug_aranges
                0x00000000000002e0       0x28 Core/Startup/startup_stm32f103rbtx.o
 .debug_aranges
                0x0000000000000308       0xe0 Drivers/STM32F1xx_HAL_Driver/Src/stm32f1xx_hal.o
 .debug_aranges
                0x00000000000003e8      0x100 Drivers/STM32F1xx_HAL_Driver/Src/stm32f1xx_hal_cortex.o
 .debug_aranges
                0x00000000000004e8       0x58 Drivers/STM32F1xx_HAL_Driver/Src/stm32f1xx_hal_gpio.o
 .debug_aranges
                0x0000000000000540       0x90 Drivers/STM32F1xx_HAL_Driver/Src/stm32f1xx_hal_rcc.o
 .debug_aranges
                0x00000000000005d0       0x60 Drivers/STM32F1xx_HAL_Driver/Src/stm32f1xx_ll_gpio.o
 .debug_aranges
                0x0000000000000630       0xd8 Drivers/STM32F1xx_HAL_Driver/Src/stm32f1xx_ll_rcc.o
 .debug_aranges
                0x0000000000000708       0x88 Drivers/STM32F1xx_HAL_Driver/Src/stm32f1xx_ll_usart.o

.debug_ranges   0x0000000000000000      0x698
 .debug_ranges  0x0000000000000000       0xc0 Core/Src/LL_UART_ECHO_DMA_IDLE.o
 .debug_ranges  0x00000000000000c0       0x30 Core/Src/dma.o
 .debug_ranges  0x00000000000000f0       0x10 Core/Src/gpio.o
 .debug_ranges  0x0000000000000100       0x20 Core/Src/main.o
 .debug_ranges  0x0000000000000120       0x10 Core/Src/stm32f1xx_hal_msp.o
 .debug_ranges  0x0000000000000130       0x90 Core/Src/stm32f1xx_it.o
 .debug_ranges  0x00000000000001c0       0x18 Core/Src/system_stm32f1xx.o
 .debug_ranges  0x00000000000001d8       0x88 Core/Src/usart.o
 .debug_ranges  0x0000000000000260       0x20 Core/Startup/startup_stm32f103rbtx.o
 .debug_ranges  0x0000000000000280       0xd0 Drivers/STM32F1xx_HAL_Driver/Src/stm32f1xx_hal.o
 .debug_ranges  0x0000000000000350       0xf0 Drivers/STM32F1xx_HAL_Driver/Src/stm32f1xx_hal_cortex.o
 .debug_ranges  0x0000000000000440       0x48 Drivers/STM32F1xx_HAL_Driver/Src/stm32f1xx_hal_gpio.o
 .debug_ranges  0x0000000000000488       0x80 Drivers/STM32F1xx_HAL_Driver/Src/stm32f1xx_hal_rcc.o
 .debug_ranges  0x0000000000000508       0x50 Drivers/STM32F1xx_HAL_Driver/Src/stm32f1xx_ll_gpio.o
 .debug_ranges  0x0000000000000558       0xc8 Drivers/STM32F1xx_HAL_Driver/Src/stm32f1xx_ll_rcc.o
 .debug_ranges  0x0000000000000620       0x78 Drivers/STM32F1xx_HAL_Driver/Src/stm32f1xx_ll_usart.o

.debug_macro    0x0000000000000000    0x17ab7
 .debug_macro   0x0000000000000000      0x201 Core/Src/LL_UART_ECHO_DMA_IDLE.o
 .debug_macro   0x0000000000000201      0xaa2 Core/Src/LL_UART_ECHO_DMA_IDLE.o
 .debug_macro   0x0000000000000ca3      0x215 Core/Src/LL_UART_ECHO_DMA_IDLE.o
 .debug_macro   0x0000000000000eb8       0x2e Core/Src/LL_UART_ECHO_DMA_IDLE.o
 .debug_macro   0x0000000000000ee6       0x22 Core/Src/LL_UART_ECHO_DMA_IDLE.o
 .debug_macro   0x0000000000000f08       0x22 Core/Src/LL_UART_ECHO_DMA_IDLE.o
 .debug_macro   0x0000000000000f2a       0x8e Core/Src/LL_UART_ECHO_DMA_IDLE.o
 .debug_macro   0x0000000000000fb8       0x51 Core/Src/LL_UART_ECHO_DMA_IDLE.o
 .debug_macro   0x0000000000001009      0x103 Core/Src/LL_UART_ECHO_DMA_IDLE.o
 .debug_macro   0x000000000000110c       0x6a Core/Src/LL_UART_ECHO_DMA_IDLE.o
 .debug_macro   0x0000000000001176      0x1df Core/Src/LL_UART_ECHO_DMA_IDLE.o
 .debug_macro   0x0000000000001355       0x1c Core/Src/LL_UART_ECHO_DMA_IDLE.o
 .debug_macro   0x0000000000001371       0x22 Core/Src/LL_UART_ECHO_DMA_IDLE.o
 .debug_macro   0x0000000000001393       0xc3 Core/Src/LL_UART_ECHO_DMA_IDLE.o
 .debug_macro   0x0000000000001456      0xd23 Core/Src/LL_UART_ECHO_DMA_IDLE.o
 .debug_macro   0x0000000000002179     0xe097 Core/Src/LL_UART_ECHO_DMA_IDLE.o
 .debug_macro   0x0000000000010210       0x43 Core/Src/LL_UART_ECHO_DMA_IDLE.o
 .debug_macro   0x0000000000010253     0x3468 Core/Src/LL_UART_ECHO_DMA_IDLE.o
 .debug_macro   0x00000000000136bb      0x174 Core/Src/LL_UART_ECHO_DMA_IDLE.o
 .debug_macro   0x000000000001382f       0x5c Core/Src/LL_UART_ECHO_DMA_IDLE.o
 .debug_macro   0x000000000001388b      0x5be Core/Src/LL_UART_ECHO_DMA_IDLE.o
 .debug_macro   0x0000000000013e49      0x289 Core/Src/LL_UART_ECHO_DMA_IDLE.o
 .debug_macro   0x00000000000140d2      0x1cb Core/Src/LL_UART_ECHO_DMA_IDLE.o
 .debug_macro   0x000000000001429d      0x114 Core/Src/LL_UART_ECHO_DMA_IDLE.o
 .debug_macro   0x00000000000143b1      0x1b2 Core/Src/LL_UART_ECHO_DMA_IDLE.o
 .debug_macro   0x0000000000014563       0x27 Core/Src/LL_UART_ECHO_DMA_IDLE.o
 .debug_macro   0x000000000001458a      0x136 Core/Src/LL_UART_ECHO_DMA_IDLE.o
 .debug_macro   0x00000000000146c0      0x1bc Core/Src/LL_UART_ECHO_DMA_IDLE.o
 .debug_macro   0x000000000001487c       0x34 Core/Src/LL_UART_ECHO_DMA_IDLE.o
 .debug_macro   0x00000000000148b0       0x3c Core/Src/LL_UART_ECHO_DMA_IDLE.o
 .debug_macro   0x00000000000148ec       0x57 Core/Src/LL_UART_ECHO_DMA_IDLE.o
 .debug_macro   0x0000000000014943       0x88 Core/Src/LL_UART_ECHO_DMA_IDLE.o
 .debug_macro   0x00000000000149cb      0x241 Core/Src/LL_UART_ECHO_DMA_IDLE.o
 .debug_macro   0x0000000000014c0c      0x141 Core/Src/LL_UART_ECHO_DMA_IDLE.o
 .debug_macro   0x0000000000014d4d       0x83 Core/Src/LL_UART_ECHO_DMA_IDLE.o
 .debug_macro   0x0000000000014dd0      0x1b4 Core/Src/LL_UART_ECHO_DMA_IDLE.o
 .debug_macro   0x0000000000014f84      0x2be Core/Src/LL_UART_ECHO_DMA_IDLE.o
 .debug_macro   0x0000000000015242       0xd7 Core/Src/LL_UART_ECHO_DMA_IDLE.o
 .debug_macro   0x0000000000015319       0x74 Core/Src/LL_UART_ECHO_DMA_IDLE.o
 .debug_macro   0x000000000001538d       0xd0 Core/Src/LL_UART_ECHO_DMA_IDLE.o
 .debug_macro   0x000000000001545d       0x28 Core/Src/LL_UART_ECHO_DMA_IDLE.o
 .debug_macro   0x0000000000015485       0x2a Core/Src/LL_UART_ECHO_DMA_IDLE.o
 .debug_macro   0x00000000000154af       0x90 Core/Src/LL_UART_ECHO_DMA_IDLE.o
 .debug_macro   0x000000000001553f      0x287 Core/Src/LL_UART_ECHO_DMA_IDLE.o
 .debug_macro   0x00000000000157c6      0x22a Core/Src/LL_UART_ECHO_DMA_IDLE.o
 .debug_macro   0x00000000000159f0       0x5e Core/Src/LL_UART_ECHO_DMA_IDLE.o
 .debug_macro   0x0000000000015a4e      0x20b Core/Src/dma.o
 .debug_macro   0x0000000000015c59      0x20b Core/Src/gpio.o
 .debug_macro   0x0000000000015e64      0x21f Core/Src/main.o
 .debug_macro   0x0000000000016083      0x201 Core/Src/stm32f1xx_hal_msp.o
 .debug_macro   0x0000000000016284      0x20b Core/Src/stm32f1xx_it.o
 .debug_macro   0x000000000001648f      0x184 Core/Src/system_stm32f1xx.o
 .debug_macro   0x0000000000016613      0x20b Core/Src/usart.o
 .debug_macro   0x000000000001681e      0x1a8 Drivers/STM32F1xx_HAL_Driver/Src/stm32f1xx_hal.o
 .debug_macro   0x00000000000169c6      0x184 Drivers/STM32F1xx_HAL_Driver/Src/stm32f1xx_hal_cortex.o
 .debug_macro   0x0000000000016b4a      0x1ef Drivers/STM32F1xx_HAL_Driver/Src/stm32f1xx_hal_gpio.o
 .debug_macro   0x0000000000016d39      0x196 Drivers/STM32F1xx_HAL_Driver/Src/stm32f1xx_hal_rcc.o
 .debug_macro   0x0000000000016ecf      0x1c0 Drivers/STM32F1xx_HAL_Driver/Src/stm32f1xx_ll_gpio.o
 .debug_macro   0x000000000001708f      0x224 Drivers/STM32F1xx_HAL_Driver/Src/stm32f1xx_ll_gpio.o
 .debug_macro   0x00000000000172b3      0x1a5 Drivers/STM32F1xx_HAL_Driver/Src/stm32f1xx_ll_rcc.o
 .debug_macro   0x0000000000017458      0x2b8 Drivers/STM32F1xx_HAL_Driver/Src/stm32f1xx_ll_rcc.o
 .debug_macro   0x0000000000017710      0x1f9 Drivers/STM32F1xx_HAL_Driver/Src/stm32f1xx_ll_usart.o
 .debug_macro   0x0000000000017909      0x1ae Drivers/STM32F1xx_HAL_Driver/Src/stm32f1xx_ll_usart.o

.debug_line     0x0000000000000000     0x86c5
 .debug_line    0x0000000000000000      0xa22 Core/Src/LL_UART_ECHO_DMA_IDLE.o
 .debug_line    0x0000000000000a22      0x80e Core/Src/dma.o
 .debug_line    0x0000000000001230      0x752 Core/Src/gpio.o
 .debug_line    0x0000000000001982      0x7cb Core/Src/main.o
 .debug_line    0x000000000000214d      0x738 Core/Src/stm32f1xx_hal_msp.o
 .debug_line    0x0000000000002885      0x8e3 Core/Src/stm32f1xx_it.o
 .debug_line    0x0000000000003168      0x6b2 Core/Src/system_stm32f1xx.o
 .debug_line    0x000000000000381a      0x98f Core/Src/usart.o
 .debug_line    0x00000000000041a9       0x84 Core/Startup/startup_stm32f103rbtx.o
 .debug_line    0x000000000000422d      0x8df Drivers/STM32F1xx_HAL_Driver/Src/stm32f1xx_hal.o
 .debug_line    0x0000000000004b0c      0xac7 Drivers/STM32F1xx_HAL_Driver/Src/stm32f1xx_hal_cortex.o
 .debug_line    0x00000000000055d3      0x976 Drivers/STM32F1xx_HAL_Driver/Src/stm32f1xx_hal_gpio.o
 .debug_line    0x0000000000005f49      0xced Drivers/STM32F1xx_HAL_Driver/Src/stm32f1xx_hal_rcc.o
 .debug_line    0x0000000000006c36      0x88e Drivers/STM32F1xx_HAL_Driver/Src/stm32f1xx_ll_gpio.o
 .debug_line    0x00000000000074c4      0x9a8 Drivers/STM32F1xx_HAL_Driver/Src/stm32f1xx_ll_rcc.o
 .debug_line    0x0000000000007e6c      0x859 Drivers/STM32F1xx_HAL_Driver/Src/stm32f1xx_ll_usart.o

.debug_str      0x0000000000000000    0x81f28
 .debug_str     0x0000000000000000    0x7fabf Core/Src/LL_UART_ECHO_DMA_IDLE.o
                                      0x7ff26 (size before relaxing)
 .debug_str     0x000000000007fabf      0x3de Core/Src/dma.o
                                      0x800f8 (size before relaxing)
 .debug_str     0x000000000007fe9d       0x6f Core/Src/gpio.o
                                      0x7fff2 (size before relaxing)
 .debug_str     0x000000000007ff0c      0x18a Core/Src/main.o
                                      0x7fdff (size before relaxing)
 .debug_str     0x0000000000080096       0x50 Core/Src/stm32f1xx_hal_msp.o
                                      0x7fcd3 (size before relaxing)
 .debug_str     0x00000000000800e6      0x170 Core/Src/stm32f1xx_it.o
                                      0x7fdcd (size before relaxing)
 .debug_str     0x0000000000080256       0x52 Core/Src/system_stm32f1xx.o
                                      0x7a7c9 (size before relaxing)
 .debug_str     0x00000000000802a8      0x202 Core/Src/usart.o
                                      0x80397 (size before relaxing)
 .debug_str     0x00000000000804aa       0x36 Core/Startup/startup_stm32f103rbtx.o
                                         0x5f (size before relaxing)
 .debug_str     0x00000000000804e0      0x304 Drivers/STM32F1xx_HAL_Driver/Src/stm32f1xx_hal.o
                                      0x7ae5a (size before relaxing)
 .debug_str     0x00000000000807e4      0x1e9 Drivers/STM32F1xx_HAL_Driver/Src/stm32f1xx_hal_cortex.o
                                      0x7ae62 (size before relaxing)
 .debug_str     0x00000000000809cd      0x324 Drivers/STM32F1xx_HAL_Driver/Src/stm32f1xx_hal_gpio.o
                                      0x7ab8d (size before relaxing)
 .debug_str     0x0000000000080cf1      0x24f Drivers/STM32F1xx_HAL_Driver/Src/stm32f1xx_hal_rcc.o
                                      0x7abc6 (size before relaxing)
 .debug_str     0x0000000000080f40      0x3f4 Drivers/STM32F1xx_HAL_Driver/Src/stm32f1xx_ll_gpio.o
                                      0x7c11a (size before relaxing)
 .debug_str     0x0000000000081334      0x3a9 Drivers/STM32F1xx_HAL_Driver/Src/stm32f1xx_ll_rcc.o
                                      0x7bc85 (size before relaxing)
 .debug_str     0x00000000000816dd      0x84b Drivers/STM32F1xx_HAL_Driver/Src/stm32f1xx_ll_usart.o
                                      0x7d555 (size before relaxing)

.comment        0x0000000000000000       0x53
 .comment       0x0000000000000000       0x53 Core/Src/LL_UART_ECHO_DMA_IDLE.o
                                         0x54 (size before relaxing)
 .comment       0x0000000000000053       0x54 Core/Src/dma.o
 .comment       0x0000000000000053       0x54 Core/Src/gpio.o
 .comment       0x0000000000000053       0x54 Core/Src/main.o
 .comment       0x0000000000000053       0x54 Core/Src/stm32f1xx_hal_msp.o
 .comment       0x0000000000000053       0x54 Core/Src/stm32f1xx_it.o
 .comment       0x0000000000000053       0x54 Core/Src/system_stm32f1xx.o
 .comment       0x0000000000000053       0x54 Core/Src/usart.o
 .comment       0x0000000000000053       0x54 Drivers/STM32F1xx_HAL_Driver/Src/stm32f1xx_hal.o
 .comment       0x0000000000000053       0x54 Drivers/STM32F1xx_HAL_Driver/Src/stm32f1xx_hal_cortex.o
 .comment       0x0000000000000053       0x54 Drivers/STM32F1xx_HAL_Driver/Src/stm32f1xx_hal_gpio.o
 .comment       0x0000000000000053       0x54 Drivers/STM32F1xx_HAL_Driver/Src/stm32f1xx_hal_rcc.o
 .comment       0x0000000000000053       0x54 Drivers/STM32F1xx_HAL_Driver/Src/stm32f1xx_ll_gpio.o
 .comment       0x0000000000000053       0x54 Drivers/STM32F1xx_HAL_Driver/Src/stm32f1xx_ll_rcc.o
 .comment       0x0000000000000053       0x54 Drivers/STM32F1xx_HAL_Driver/Src/stm32f1xx_ll_usart.o

.debug_frame    0x0000000000000000     0x1c38
 .debug_frame   0x0000000000000000      0x3a8 Core/Src/LL_UART_ECHO_DMA_IDLE.o
 .debug_frame   0x00000000000003a8       0xcc Core/Src/dma.o
 .debug_frame   0x0000000000000474       0x34 Core/Src/gpio.o
 .debug_frame   0x00000000000004a8       0x68 Core/Src/main.o
 .debug_frame   0x0000000000000510       0x38 Core/Src/stm32f1xx_hal_msp.o
 .debug_frame   0x0000000000000548      0x214 Core/Src/stm32f1xx_it.o
 .debug_frame   0x000000000000075c       0x58 Core/Src/system_stm32f1xx.o
 .debug_frame   0x00000000000007b4      0x284 Core/Src/usart.o
 .debug_frame   0x0000000000000a38      0x334 Drivers/STM32F1xx_HAL_Driver/Src/stm32f1xx_hal.o
 .debug_frame   0x0000000000000d6c      0x428 Drivers/STM32F1xx_HAL_Driver/Src/stm32f1xx_hal_cortex.o
 .debug_frame   0x0000000000001194      0x14c Drivers/STM32F1xx_HAL_Driver/Src/stm32f1xx_hal_gpio.o
 .debug_frame   0x00000000000012e0      0x21c Drivers/STM32F1xx_HAL_Driver/Src/stm32f1xx_hal_rcc.o
 .debug_frame   0x00000000000014fc      0x170 Drivers/STM32F1xx_HAL_Driver/Src/stm32f1xx_ll_gpio.o
 .debug_frame   0x000000000000166c      0x34c Drivers/STM32F1xx_HAL_Driver/Src/stm32f1xx_ll_rcc.o
 .debug_frame   0x00000000000019b8      0x234 Drivers/STM32F1xx_HAL_Driver/Src/stm32f1xx_ll_usart.o
 .debug_frame   0x0000000000001bec       0x2c c:/st/stm32cubeide_1.3.0/stm32cubeide/plugins/com.st.stm32cube.ide.mcu.externaltools.gnu-tools-for-stm32.9-2020-q2-update.win32_1.5.0.202011040924/tools/bin/../lib/gcc/arm-none-eabi/9.3.1/../../../../arm-none-eabi/lib/thumb/v7-m/nofp\libc_nano.a(lib_a-init.o)
 .debug_frame   0x0000000000001c18       0x20 c:/st/stm32cubeide_1.3.0/stm32cubeide/plugins/com.st.stm32cube.ide.mcu.externaltools.gnu-tools-for-stm32.9-2020-q2-update.win32_1.5.0.202011040924/tools/bin/../lib/gcc/arm-none-eabi/9.3.1/../../../../arm-none-eabi/lib/thumb/v7-m/nofp\libc_nano.a(lib_a-memset.o)
