stm32f1xx_ll_usart.h:1839:26:LL_USART_IsActiveFlag_RXNE	16	static
stm32f1xx_ll_usart.h:1850:26:LL_USART_IsActiveFlag_TC	16	static
stm32f1xx_ll_usart.h:1861:26:LL_USART_IsActiveFlag_TXE	16	static
stm32f1xx_ll_usart.h:1981:22:LL_USART_ClearFlag_ORE	24	static
stm32f1xx_ll_usart.h:2015:22:LL_USART_ClearFlag_TC	16	static
stm32f1xx_ll_usart.h:2082:22:LL_USART_EnableIT_RXNE	16	static
stm32f1xx_ll_usart.h:2093:22:LL_USART_EnableIT_TC	16	static
stm32f1xx_ll_usart.h:2104:22:LL_USART_EnableIT_TXE	16	static
stm32f1xx_ll_usart.h:2143:22:LL_USART_EnableIT_ERROR	16	static
stm32f1xx_ll_usart.h:2200:22:LL_USART_DisableIT_TXE	16	static
stm32f1xx_ll_usart.h:2274:26:LL_USART_IsEnabledIT_RXNE	16	static
stm32f1xx_ll_usart.h:2285:26:LL_USART_IsEnabledIT_TC	16	static
stm32f1xx_ll_usart.h:2296:26:LL_USART_IsEnabledIT_TXE	16	static
stm32f1xx_ll_usart.h:2450:25:LL_USART_ReceiveData8	16	static
stm32f1xx_ll_usart.h:2473:22:LL_USART_TransmitData8	16	static
LL_UART_TEO.c:22:6:InitEcho	16	static
LL_UART_TEO.c:29:5:HandleEcho	32	static
LL_UART_TEO.c:59:6:USART_CharReception_Callback	24	static
LL_UART_TEO.c:63:6:Print_Data	24	static
LL_UART_TEO.c:70:6:USART_TXEmpty_Callback	24	static
LL_UART_TEO.c:81:6:USART_CharTransmitComplete_Callback	16	static
LL_UART_TEO.c:88:6:TUART_CallBack_IRQ	16	static
