stm32h7xx_ll_tim.h:1402:22:LL_TIM_EnableCounter	16	static
stm32h7xx_ll_tim.h:4322:22:LL_TIM_EnableIT_CC1	16	static
HUB_75.c:47:6:TIM5_CallBack	8	static
HUB_75.c:52:6:Send_BUF_IN_SCR	16	static
HUB_75.c:130:6:PrepareFullBuffer	24	static
HUB_75.c:145:6:PrepareRow	24	static
HUB_75.c:175:6:PrepareRowPart	40	static
HUB_75.c:321:6:HAL_QSPI_TxCpltCallback	24	static,ignoring_inline_asm
HUB_75.c:336:6:HUB_75_INIT	8	static
HUB_75.c:363:6:Select_Send_Buf	16	static
HUB_75.c:385:10:Verical_Scroll_Flow_withHOLD	40	static
HUB_75.c:433:10:Vertical_Scroll_Flow	48	static
HUB_75.c:475:10:Viewing_BitMapBy_Time	24	static
HUB_75.c:494:10:Horizontal_SCROLL	40	static
HUB_75.c:533:10:HOR_SCROLL_PROCES	40	static
