stm32f1xx_ll_usart.h:1828:26:LL_USART_IsActiveFlag_IDLE	16	static
stm32f1xx_ll_usart.h:2000:22:LL_USART_ClearFlag_IDLE	24	static
stm32f1xx_ll_usart.h:2071:22:LL_USART_EnableIT_IDLE	16	static
stm32f1xx_ll_usart.h:2363:22:LL_USART_EnableDMAReq_RX	16	static
stm32f1xx_ll_usart.h:2396:22:LL_USART_EnableDMAReq_TX	16	static
stm32f1xx_ll_usart.h:2430:26:LL_USART_DMA_GetRegAddr	16	static
stm32f1xx_ll_dma.h:454:22:LL_DMA_EnableChannel	16	static
stm32f1xx_ll_dma.h:473:22:LL_DMA_DisableChannel	16	static
stm32f1xx_ll_dma.h:527:22:LL_DMA_ConfigTransfer	24	static
stm32f1xx_ll_dma.h:577:26:LL_DMA_GetDataTransferDirection	16	static
stm32f1xx_ll_dma.h:880:22:LL_DMA_SetDataLength	24	static
stm32f1xx_ll_dma.h:902:26:LL_DMA_GetDataLength	16	static
stm32f1xx_ll_dma.h:931:22:LL_DMA_ConfigAddresses	24	static
stm32f1xx_ll_dma.h:1762:22:LL_DMA_EnableIT_TC	16	static
LL_UART_ECHO_DMA_IDLE.c:12:6:Init_LL_USART_IDLE	3328	static
LL_UART_ECHO_DMA_IDLE.c:51:6:TUART_DMA_Trasmit	48	static
LL_UART_ECHO_DMA_IDLE.c:77:6:TUART_END_RECEIVE_CALLBACK	16	static
LL_UART_ECHO_DMA_IDLE.c:81:6:LL_UART_ECHO_DMA_IDLE	40	static
LL_UART_ECHO_DMA_IDLE.c:95:6:StartTransfers	16	static
LL_UART_ECHO_DMA_IDLE.c:103:6:USART_IDLE_CallBack	16	static
LL_UART_ECHO_DMA_IDLE.c:113:6:UART_DMA_TransmitComplete_Callback	16	static
LL_UART_ECHO_DMA_IDLE.c:117:6:UART_DMA_ReceiveComplete_Callback	24	static
LL_UART_ECHO_DMA_IDLE.c:126:6:Configure_DMA	40	static
