stm32f1xx_ll_dma.h:1262:26:LL_DMA_IsActiveFlag_TC6	16	static
stm32f1xx_ll_dma.h:1273:26:LL_DMA_IsActiveFlag_TC7	16	static
stm32f1xx_ll_dma.h:1493:22:LL_DMA_ClearFlag_GI6	16	static
stm32f1xx_ll_dma.h:1504:22:LL_DMA_ClearFlag_GI7	16	static
stm32f1xx_it.c:70:6:NMI_Handler	4	static
stm32f1xx_it.c:85:6:HardFault_Handler	4	static
stm32f1xx_it.c:100:6:MemManage_Handler	4	static
stm32f1xx_it.c:115:6:BusFault_Handler	4	static
stm32f1xx_it.c:130:6:UsageFault_Handler	4	static
stm32f1xx_it.c:145:6:SVC_Handler	4	static
stm32f1xx_it.c:158:6:DebugMon_Handler	4	static
stm32f1xx_it.c:171:6:PendSV_Handler	4	static
stm32f1xx_it.c:184:6:SysTick_Handler	8	static
stm32f1xx_it.c:205:6:DMA1_Channel6_IRQHandler	8	static
stm32f1xx_it.c:226:6:DMA1_Channel7_IRQHandler	8	static
stm32f1xx_it.c:246:6:USART2_IRQHandler	8	static
stm32f1xx_it.c:259:6:EXTI15_10_IRQHandler	8	static
