Archive member included to satisfy reference by file (symbol)

c:/st/stm32cubeide_1.3.0/stm32cubeide/plugins/com.st.stm32cube.ide.mcu.externaltools.gnu-tools-for-stm32.9-2020-q2-update.win32_1.5.0.202011040924/tools/bin/../lib/gcc/arm-none-eabi/9.3.1/../../../../arm-none-eabi/lib/thumb/v7e-m+dp/hard\libc_nano.a(lib_a-errno.o)
                              Core/Src/syscalls.o (__errno)
c:/st/stm32cubeide_1.3.0/stm32cubeide/plugins/com.st.stm32cube.ide.mcu.externaltools.gnu-tools-for-stm32.9-2020-q2-update.win32_1.5.0.202011040924/tools/bin/../lib/gcc/arm-none-eabi/9.3.1/../../../../arm-none-eabi/lib/thumb/v7e-m+dp/hard\libc_nano.a(lib_a-exit.o)
                              c:/st/stm32cubeide_1.3.0/stm32cubeide/plugins/com.st.stm32cube.ide.mcu.externaltools.gnu-tools-for-stm32.9-2020-q2-update.win32_1.5.0.202011040924/tools/bin/../lib/gcc/arm-none-eabi/9.3.1/../../../../arm-none-eabi/lib/thumb/v7e-m+dp/hard/crt0.o (exit)
c:/st/stm32cubeide_1.3.0/stm32cubeide/plugins/com.st.stm32cube.ide.mcu.externaltools.gnu-tools-for-stm32.9-2020-q2-update.win32_1.5.0.202011040924/tools/bin/../lib/gcc/arm-none-eabi/9.3.1/../../../../arm-none-eabi/lib/thumb/v7e-m+dp/hard\libc_nano.a(lib_a-impure.o)
                              c:/st/stm32cubeide_1.3.0/stm32cubeide/plugins/com.st.stm32cube.ide.mcu.externaltools.gnu-tools-for-stm32.9-2020-q2-update.win32_1.5.0.202011040924/tools/bin/../lib/gcc/arm-none-eabi/9.3.1/../../../../arm-none-eabi/lib/thumb/v7e-m+dp/hard\libc_nano.a(lib_a-exit.o) (_global_impure_ptr)
c:/st/stm32cubeide_1.3.0/stm32cubeide/plugins/com.st.stm32cube.ide.mcu.externaltools.gnu-tools-for-stm32.9-2020-q2-update.win32_1.5.0.202011040924/tools/bin/../lib/gcc/arm-none-eabi/9.3.1/../../../../arm-none-eabi/lib/thumb/v7e-m+dp/hard\libc_nano.a(lib_a-init.o)
                              c:/st/stm32cubeide_1.3.0/stm32cubeide/plugins/com.st.stm32cube.ide.mcu.externaltools.gnu-tools-for-stm32.9-2020-q2-update.win32_1.5.0.202011040924/tools/bin/../lib/gcc/arm-none-eabi/9.3.1/../../../../arm-none-eabi/lib/thumb/v7e-m+dp/hard/crt0.o (__libc_init_array)
c:/st/stm32cubeide_1.3.0/stm32cubeide/plugins/com.st.stm32cube.ide.mcu.externaltools.gnu-tools-for-stm32.9-2020-q2-update.win32_1.5.0.202011040924/tools/bin/../lib/gcc/arm-none-eabi/9.3.1/../../../../arm-none-eabi/lib/thumb/v7e-m+dp/hard\libc_nano.a(lib_a-memset.o)
                              c:/st/stm32cubeide_1.3.0/stm32cubeide/plugins/com.st.stm32cube.ide.mcu.externaltools.gnu-tools-for-stm32.9-2020-q2-update.win32_1.5.0.202011040924/tools/bin/../lib/gcc/arm-none-eabi/9.3.1/../../../../arm-none-eabi/lib/thumb/v7e-m+dp/hard/crt0.o (memset)
c:/st/stm32cubeide_1.3.0/stm32cubeide/plugins/com.st.stm32cube.ide.mcu.externaltools.gnu-tools-for-stm32.9-2020-q2-update.win32_1.5.0.202011040924/tools/bin/../lib/gcc/arm-none-eabi/9.3.1/../../../../arm-none-eabi/lib/thumb/v7e-m+dp/hard\libc_nano.a(lib_a-sprintf.o)
                              Core/Src/LL_UART_TEO.o (sprintf)
c:/st/stm32cubeide_1.3.0/stm32cubeide/plugins/com.st.stm32cube.ide.mcu.externaltools.gnu-tools-for-stm32.9-2020-q2-update.win32_1.5.0.202011040924/tools/bin/../lib/gcc/arm-none-eabi/9.3.1/../../../../arm-none-eabi/lib/thumb/v7e-m+dp/hard\libc_nano.a(lib_a-nano-svfprintf.o)
                              c:/st/stm32cubeide_1.3.0/stm32cubeide/plugins/com.st.stm32cube.ide.mcu.externaltools.gnu-tools-for-stm32.9-2020-q2-update.win32_1.5.0.202011040924/tools/bin/../lib/gcc/arm-none-eabi/9.3.1/../../../../arm-none-eabi/lib/thumb/v7e-m+dp/hard\libc_nano.a(lib_a-sprintf.o) (_svfprintf_r)
c:/st/stm32cubeide_1.3.0/stm32cubeide/plugins/com.st.stm32cube.ide.mcu.externaltools.gnu-tools-for-stm32.9-2020-q2-update.win32_1.5.0.202011040924/tools/bin/../lib/gcc/arm-none-eabi/9.3.1/../../../../arm-none-eabi/lib/thumb/v7e-m+dp/hard\libc_nano.a(lib_a-nano-vfprintf_i.o)
                              c:/st/stm32cubeide_1.3.0/stm32cubeide/plugins/com.st.stm32cube.ide.mcu.externaltools.gnu-tools-for-stm32.9-2020-q2-update.win32_1.5.0.202011040924/tools/bin/../lib/gcc/arm-none-eabi/9.3.1/../../../../arm-none-eabi/lib/thumb/v7e-m+dp/hard\libc_nano.a(lib_a-nano-svfprintf.o) (_printf_i)
c:/st/stm32cubeide_1.3.0/stm32cubeide/plugins/com.st.stm32cube.ide.mcu.externaltools.gnu-tools-for-stm32.9-2020-q2-update.win32_1.5.0.202011040924/tools/bin/../lib/gcc/arm-none-eabi/9.3.1/../../../../arm-none-eabi/lib/thumb/v7e-m+dp/hard\libc_nano.a(lib_a-memchr.o)
                              c:/st/stm32cubeide_1.3.0/stm32cubeide/plugins/com.st.stm32cube.ide.mcu.externaltools.gnu-tools-for-stm32.9-2020-q2-update.win32_1.5.0.202011040924/tools/bin/../lib/gcc/arm-none-eabi/9.3.1/../../../../arm-none-eabi/lib/thumb/v7e-m+dp/hard\libc_nano.a(lib_a-nano-svfprintf.o) (memchr)
c:/st/stm32cubeide_1.3.0/stm32cubeide/plugins/com.st.stm32cube.ide.mcu.externaltools.gnu-tools-for-stm32.9-2020-q2-update.win32_1.5.0.202011040924/tools/bin/../lib/gcc/arm-none-eabi/9.3.1/../../../../arm-none-eabi/lib/thumb/v7e-m+dp/hard\libc_nano.a(lib_a-memcpy-stub.o)
[...]
Memory Configuration

Name             Origin             Length             Attributes
DTCMRAM          0x0000000020000000 0x0000000000020000 xrw
ITCMRAM          0x0000000000000000 0x0000000000010000 xrw
RAM_D1           0x0000000024000000 0x0000000000080000 xrw
RAM_D2           0x0000000030000000 0x0000000000048000 xrw
RAM_D3           0x0000000038000000 0x0000000000010000 xrw
FLASH            0x0000000008000000 0x0000000000020000 xr
*default*        0x0000000000000000 0xffffffffffffffff

Linker script and memory map

LOAD c:/st/stm32cubeide_1.3.0/stm32cubeide/plugins/com.st.stm32cube.ide.mcu.externaltools.gnu-tools-for-stm32.9-2020-q2-update.win32_1.5.0.202011040924/tools/bin/../lib/gcc/arm-none-eabi/9.3.1/thumb/v7e-m+dp/hard/crti.o
LOAD c:/st/stm32cubeide_1.3.0/stm32cubeide/plugins/com.st.stm32cube.ide.mcu.externaltools.gnu-tools-for-stm32.9-2020-q2-update.win32_1.5.0.202011040924/tools/bin/../lib/gcc/arm-none-eabi/9.3.1/thumb/v7e-m+dp/hard/crtbegin.o
LOAD c:/st/stm32cubeide_1.3.0/stm32cubeide/plugins/com.st.stm32cube.ide.mcu.externaltools.gnu-tools-for-stm32.9-2020-q2-update.win32_1.5.0.202011040924/tools/bin/../lib/gcc/arm-none-eabi/9.3.1/../../../../arm-none-eabi/lib/thumb/v7e-m+dp/hard/crt0.o
LOAD Core/Src/HUB_75.o
LOAD Core/Src/LL_UART_TEO.o
LOAD Core/Src/Napisy.o
LOAD Core/Src/PIXEL_MAPS.o
LOAD Core/Src/String_From_UART.o
LOAD Core/Src/gpio.o
LOAD Core/Src/main.o
LOAD Core/Src/mdma.o
LOAD Core/Src/quadspi.o
LOAD Core/Src/spi.o
LOAD Core/Src/stm32h7xx_hal_msp.o
LOAD Core/Src/stm32h7xx_it.o
LOAD Core/Src/syscalls.o
LOAD Core/Src/sysmem.o
LOAD Core/Src/system_stm32h7xx.o
LOAD Core/Src/tim.o
LOAD Core/Src/usart.o
LOAD Core/Startup/startup_stm32h750vbtx.o
LOAD Drivers/STM32H7xx_HAL_Driver/Src/stm32h7xx_hal.o
LOAD Drivers/STM32H7xx_HAL_Driver/Src/stm32h7xx_hal_cortex.o
LOAD Drivers/STM32H7xx_HAL_Driver/Src/stm32h7xx_hal_dma.o
LOAD Drivers/STM32H7xx_HAL_Driver/Src/stm32h7xx_hal_dma_ex.o
LOAD Drivers/STM32H7xx_HAL_Driver/Src/stm32h7xx_hal_exti.o
LOAD Drivers/STM32H7xx_HAL_Driver/Src/stm32h7xx_hal_flash.o
LOAD Drivers/STM32H7xx_HAL_Driver/Src/stm32h7xx_hal_flash_ex.o
LOAD Drivers/STM32H7xx_HAL_Driver/Src/stm32h7xx_hal_gpio.o
LOAD Drivers/STM32H7xx_HAL_Driver/Src/stm32h7xx_hal_hsem.o
LOAD Drivers/STM32H7xx_HAL_Driver/Src/stm32h7xx_hal_i2c.o
LOAD Drivers/STM32H7xx_HAL_Driver/Src/stm32h7xx_hal_i2c_ex.o
LOAD Drivers/STM32H7xx_HAL_Driver/Src/stm32h7xx_hal_mdma.o
LOAD Drivers/STM32H7xx_HAL_Driver/Src/stm32h7xx_hal_pwr.o
LOAD Drivers/STM32H7xx_HAL_Driver/Src/stm32h7xx_hal_pwr_ex.o
LOAD Drivers/STM32H7xx_HAL_Driver/Src/stm32h7xx_hal_qspi.o
LOAD Drivers/STM32H7xx_HAL_Driver/Src/stm32h7xx_hal_rcc.o
LOAD Drivers/STM32H7xx_HAL_Driver/Src/stm32h7xx_hal_rcc_ex.o
LOAD Drivers/STM32H7xx_HAL_Driver/Src/stm32h7xx_hal_spi.o
LOAD Drivers/STM32H7xx_HAL_Driver/Src/stm32h7xx_hal_spi_ex.o
LOAD Drivers/STM32H7xx_HAL_Driver/Src/stm32h7xx_hal_tim.o
LOAD Drivers/STM32H7xx_HAL_Driver/Src/stm32h7xx_hal_tim_ex.o
LOAD Drivers/STM32H7xx_HAL_Driver/Src/stm32h7xx_ll_dma.o
LOAD Drivers/STM32H7xx_HAL_Driver/Src/stm32h7xx_ll_exti.o
LOAD Drivers/STM32H7xx_HAL_Driver/Src/stm32h7xx_ll_gpio.o
LOAD Drivers/STM32H7xx_HAL_Driver/Src/stm32h7xx_ll_rcc.o
LOAD Drivers/STM32H7xx_HAL_Driver/Src/stm32h7xx_ll_tim.o
LOAD Drivers/STM32H7xx_HAL_Driver/Src/stm32h7xx_ll_usart.o
LOAD Drivers/STM32H7xx_HAL_Driver/Src/stm32h7xx_ll_utils.o
START GROUP
LOAD c:/st/stm32cubeide_1.3.0/stm32cubeide/plugins/com.st.stm32cube.ide.mcu.externaltools.gnu-tools-for-stm32.9-2020-q2-update.win32_1.5.0.202011040924/tools/bin/../lib/gcc/arm-none-eabi/9.3.1/../../../../arm-none-eabi/lib/thumb/v7e-m+dp/hard\libc_nano.a
LOAD c:/st/stm32cubeide_1.3.0/stm32cubeide/plugins/com.st.stm32cube.ide.mcu.externaltools.gnu-tools-for-stm32.9-2020-q2-update.win32_1.5.0.202011040924/tools/bin/../lib/gcc/arm-none-eabi/9.3.1/../../../../arm-none-eabi/lib/thumb/v7e-m+dp/hard\libm.a
END GROUP
START GROUP
LOAD c:/st/stm32cubeide_1.3.0/stm32cubeide/plugins/com.st.stm32cube.ide.mcu.externaltools.gnu-tools-for-stm32.9-2020-q2-update.win32_1.5.0.202011040924/tools/bin/../lib/gcc/arm-none-eabi/9.3.1/thumb/v7e-m+dp/hard\libgcc.a
LOAD c:/st/stm32cubeide_1.3.0/stm32cubeide/plugins/com.st.stm32cube.ide.mcu.externaltools.gnu-tools-for-stm32.9-2020-q2-update.win32_1.5.0.202011040924/tools/bin/../lib/gcc/arm-none-eabi/9.3.1/../../../../arm-none-eabi/lib/thumb/v7e-m+dp/hard\libc_nano.a
END GROUP
START GROUP
LOAD c:/st/stm32cubeide_1.3.0/stm32cubeide/plugins/com.st.stm32cube.ide.mcu.externaltools.gnu-tools-for-stm32.9-2020-q2-update.win32_1.5.0.202011040924/tools/bin/../lib/gcc/arm-none-eabi/9.3.1/thumb/v7e-m+dp/hard\libgcc.a
LOAD c:/st/stm32cubeide_1.3.0/stm32cubeide/plugins/com.st.stm32cube.ide.mcu.externaltools.gnu-tools-for-stm32.9-2020-q2-update.win32_1.5.0.202011040924/tools/bin/../lib/gcc/arm-none-eabi/9.3.1/../../../../arm-none-eabi/lib/thumb/v7e-m+dp/hard\libc_nano.a
LOAD c:/st/stm32cubeide_1.3.0/stm32cubeide/plugins/com.st.stm32cube.ide.mcu.externaltools.gnu-tools-for-stm32.9-2020-q2-update.win32_1.5.0.202011040924/tools/bin/../lib/gcc/arm-none-eabi/9.3.1/../../../../arm-none-eabi/lib/thumb/v7e-m+dp/hard\libnosys.a
END GROUP
START GROUP
LOAD c:/st/stm32cubeide_1.3.0/stm32cubeide/plugins/com.st.stm32cube.ide.mcu.externaltools.gnu-tools-for-stm32.9-2020-q2-update.win32_1.5.0.202011040924/tools/bin/../lib/gcc/arm-none-eabi/9.3.1/thumb/v7e-m+dp/hard\libgcc.a
LOAD c:/st/stm32cubeide_1.3.0/stm32cubeide/plugins/com.st.stm32cube.ide.mcu.externaltools.gnu-tools-for-stm32.9-2020-q2-update.win32_1.5.0.202011040924/tools/bin/../lib/gcc/arm-none-eabi/9.3.1/../../../../arm-none-eabi/lib/thumb/v7e-m+dp/hard\libc_nano.a
LOAD c:/st/stm32cubeide_1.3.0/stm32cubeide/plugins/com.st.stm32cube.ide.mcu.externaltools.gnu-tools-for-stm32.9-2020-q2-update.win32_1.5.0.202011040924/tools/bin/../lib/gcc/arm-none-eabi/9.3.1/../../../../arm-none-eabi/lib/thumb/v7e-m+dp/hard\libnosys.a
END GROUP
LOAD c:/st/stm32cubeide_1.3.0/stm32cubeide/plugins/com.st.stm32cube.ide.mcu.externaltools.gnu-tools-for-stm32.9-2020-q2-update.win32_1.5.0.202011040924/tools/bin/../lib/gcc/arm-none-eabi/9.3.1/thumb/v7e-m+dp/hard/crtend.o
LOAD c:/st/stm32cubeide_1.3.0/stm32cubeide/plugins/com.st.stm32cube.ide.mcu.externaltools.gnu-tools-for-stm32.9-2020-q2-update.win32_1.5.0.202011040924/tools/bin/../lib/gcc/arm-none-eabi/9.3.1/thumb/v7e-m+dp/hard/crtn.o
                0x0000000024080000                _estack = (ORIGIN (RAM_D1) + LENGTH (RAM_D1))
                0x0000000000000200                _Min_Heap_Size = 0x200
                0x0000000000000400                _Min_Stack_Size = 0x400

.isr_vector     0x0000000008000000      0x298
                0x0000000008000000                . = ALIGN (0x4)
 *(.isr_vector)
 .isr_vector    0x0000000008000000      0x298 Core/Startup/startup_stm32h750vbtx.o
                0x0000000008000000                g_pfnVectors
                0x0000000008000298                . = ALIGN (0x4)

.text           0x00000000080002a0     0xe4c4
                0x00000000080002a0                . = ALIGN (0x4)
 *(.text)
 .text          0x00000000080002a0       0x40 c:/st/stm32cubeide_1.3.0/stm32cubeide/plugins/com.st.stm32cube.ide.mcu.externaltools.gnu-tools-for-stm32.9-2020-q2-update.win32_1.5.0.202011040924/tools/bin/../lib/gcc/arm-none-eabi/9.3.1/thumb/v7e-m+dp/hard/crtbegin.o
 .text          0x00000000080002e0       0xa0 c:/st/stm32cubeide_1.3.0/stm32cubeide/plugins/com.st.stm32cube.ide.mcu.externaltools.gnu-tools-for-stm32.9-2020-q2-update.win32_1.5.0.202011040924/tools/bin/../lib/gcc/arm-none-eabi/9.3.1/../../../../arm-none-eabi/lib/thumb/v7e-m+dp/hard\libc_nano.a(lib_a-memchr.o)
                0x00000000080002e0                memchr
 *(.text*)
 .text.LL_TIM_EnableCounter
                0x0000000008000380       0x20 Core/Src/HUB_75.o
 .text.LL_TIM_EnableIT_CC1
                0x00000000080003a0       0x20 Core/Src/HUB_75.o
 .text.TIM5_CallBack
                0x00000000080003c0       0x24 Core/Src/HUB_75.o
                0x00000000080003c0                TIM5_CallBack
 .text.Send_BUF_IN_SCR
                0x00000000080003e4      0x248 Core/Src/HUB_75.o
                0x00000000080003e4                Send_BUF_IN_SCR
 .text.PrepareFullBuffer
                0x000000000800062c       0xac Core/Src/HUB_75.o
                0x000000000800062c                PrepareFullBuffer
 .text.PrepareRow
                0x00000000080006d8      0x18a Core/Src/HUB_75.o
                0x00000000080006d8                PrepareRow
 .text.PrepareRowPart
                0x0000000008000862      0x506 Core/Src/HUB_75.o
                0x0000000008000862                PrepareRowPart
 .text.HAL_QSPI_TxCpltCallback
                0x0000000008000d68       0x5c Core/Src/HUB_75.o
                0x0000000008000d68                HAL_QSPI_TxCpltCallback
 .text.HUB_75_INIT
                0x0000000008000dc4       0x94 Core/Src/HUB_75.o
                0x0000000008000dc4                HUB_75_INIT
 .text.Select_Send_Buf
                0x0000000008000e58       0x5c Core/Src/HUB_75.o
                0x0000000008000e58                Select_Send_Buf
 .text.Verical_Scroll_Flow_withHOLD
                0x0000000008000eb4      0x134 Core/Src/HUB_75.o
                0x0000000008000eb4                Verical_Scroll_Flow_withHOLD
 .text.Vertical_Scroll_Flow
                0x0000000008000fe8      0x150 Core/Src/HUB_75.o
                0x0000000008000fe8                Vertical_Scroll_Flow
 .text.Viewing_BitMapBy_Time
                0x0000000008001138       0x6c Core/Src/HUB_75.o
                0x0000000008001138                Viewing_BitMapBy_Time
 .text.Horizontal_SCROLL
                0x00000000080011a4      0x130 Core/Src/HUB_75.o
                0x00000000080011a4                Horizontal_SCROLL
 .text.HOR_SCROLL_PROCES
                0x00000000080012d4       0xd4 Core/Src/HUB_75.o
                0x00000000080012d4                HOR_SCROLL_PROCES
 .text.LL_USART_IsActiveFlag_RXNE_RXFNE
                0x00000000080013a8       0x26 Core/Src/LL_UART_TEO.o
 .text.LL_USART_IsActiveFlag_TC
                0x00000000080013ce       0x26 Core/Src/LL_UART_TEO.o
 .text.LL_USART_IsActiveFlag_TXE_TXFNF
                0x00000000080013f4       0x26 Core/Src/LL_UART_TEO.o
 .text.LL_USART_ClearFlag_ORE
                0x000000000800141a       0x1a Core/Src/LL_UART_TEO.o
 .text.LL_USART_ClearFlag_TC
                0x0000000008001434       0x1a Core/Src/LL_UART_TEO.o
 .text.LL_USART_EnableIT_RXNE_RXFNE
                0x000000000800144e       0x20 Core/Src/LL_UART_TEO.o
 .text.LL_USART_EnableIT_TC
                0x000000000800146e       0x20 Core/Src/LL_UART_TEO.o
 .text.LL_USART_EnableIT_TXE_TXFNF
                0x000000000800148e       0x20 Core/Src/LL_UART_TEO.o
 .text.LL_USART_EnableIT_ERROR
                0x00000000080014ae       0x20 Core/Src/LL_UART_TEO.o
 .text.LL_USART_DisableIT_TXE_TXFNF
                0x00000000080014ce       0x20 Core/Src/LL_UART_TEO.o
 .text.LL_USART_IsEnabledIT_RXNE_RXFNE
                0x00000000080014ee       0x26 Core/Src/LL_UART_TEO.o
 .text.LL_USART_IsEnabledIT_TC
                0x0000000008001514       0x26 Core/Src/LL_UART_TEO.o
 .text.LL_USART_IsEnabledIT_TXE_TXFNF
                0x000000000800153a       0x26 Core/Src/LL_UART_TEO.o
 .text.LL_USART_ReceiveData8
                0x0000000008001560       0x1a Core/Src/LL_UART_TEO.o
 .text.LL_USART_TransmitData8
                0x000000000800157a       0x1e Core/Src/LL_UART_TEO.o
 .text.INIT_UART3
                0x0000000008001598       0x64 Core/Src/LL_UART_TEO.o
                0x0000000008001598                INIT_UART3
 .text.InitEcho
                0x00000000080015fc       0x2e Core/Src/LL_UART_TEO.o
                0x00000000080015fc                InitEcho
 *fill*         0x000000000800162a        0x2 
 .text.HandleEcho
                0x000000000800162c      0x138 Core/Src/LL_UART_TEO.o
                0x000000000800162c                HandleEcho
 .text.USART_CharReception_Callback
                0x0000000008001764       0x30 Core/Src/LL_UART_TEO.o
                0x0000000008001764                USART_CharReception_Callback
 .text.Print_Data
                0x0000000008001794       0x44 Core/Src/LL_UART_TEO.o
                0x0000000008001794                Print_Data
 .text.USART_TXEmpty_Callback
                0x00000000080017d8       0x58 Core/Src/LL_UART_TEO.o
                0x00000000080017d8                USART_TXEmpty_Callback
 .text.USART_CharTransmitComplete_Callback
                0x0000000008001830       0x2a Core/Src/LL_UART_TEO.o
                0x0000000008001830                USART_CharTransmitComplete_Callback
 .text.TUART_CallBack_IRQ
                0x000000000800185a       0x8c Core/Src/LL_UART_TEO.o
                0x000000000800185a                TUART_CallBack_IRQ
 *fill*         0x00000000080018e6        0x2 
 .text.Create_String_buffer
                0x00000000080018e8       0xd4 Core/Src/Napisy.o
                0x00000000080018e8                Create_String_buffer
 .text.Insert_Font_in_BUF
                0x00000000080019bc      0x1b0 Core/Src/Napisy.o
                0x00000000080019bc                Insert_Font_in_BUF
 .text.get_bit  0x0000000008001b6c       0x2c Core/Src/Napisy.o
                0x0000000008001b6c                get_bit
 .text.get_font
                0x0000000008001b98      0x128 Core/Src/Napisy.o
                0x0000000008001b98                get_font
 .text.siding_font
                0x0000000008001cc0       0xf8 Core/Src/Napisy.o
                0x0000000008001cc0                siding_font
 .text.change_font_color
                0x0000000008001db8       0x48 Core/Src/Napisy.o
                0x0000000008001db8                change_font_color
 .text.Odczytaj_znak_S16_uc8
                0x0000000008001e00     0x442c Core/Src/Napisy.o
                0x0000000008001e00                Odczytaj_znak_S16_uc8
 .text.Conv_String_From_UART_BMP
                0x000000000800622c      0x128 Core/Src/String_From_UART.o
                0x000000000800622c                Conv_String_From_UART_BMP
 .text.get_color_value
                0x0000000008006354       0xa8 Core/Src/String_From_UART.o
                0x0000000008006354                get_color_value
 .text.Set_Flag_String_From_Usart
                0x00000000080063fc       0x30 Core/Src/String_From_UART.o
                0x00000000080063fc                Set_Flag_String_From_Usart
 .text.MX_GPIO_Init
                0x000000000800642c      0x184 Core/Src/gpio.o
                0x000000000800642c                MX_GPIO_Init
 .text.main     0x00000000080065b0      0x544 Core/Src/main.o
                0x00000000080065b0                main
 .text.SystemClock_Config
                0x0000000008006af4      0x10c Core/Src/main.o
                0x0000000008006af4                SystemClock_Config
 .text.PeriphCommonClock_Config
                0x0000000008006c00       0x60 Core/Src/main.o
                0x0000000008006c00                PeriphCommonClock_Config
 .text.Error_Handler
                0x0000000008006c60        0xe Core/Src/main.o
                0x0000000008006c60                Error_Handler
 *fill*         0x0000000008006c6e        0x2 
 .text.MX_MDMA_Init
                0x0000000008006c70       0x40 Core/Src/mdma.o
                0x0000000008006c70                MX_MDMA_Init
 .text.MX_QUADSPI_Init
                0x0000000008006cb0       0x58 Core/Src/quadspi.o
                0x0000000008006cb0                MX_QUADSPI_Init
 .text.HAL_QSPI_MspInit
                0x0000000008006d08      0x1c0 Core/Src/quadspi.o
                0x0000000008006d08                HAL_QSPI_MspInit
 .text.MX_SPI2_Init
                0x0000000008006ec8       0xac Core/Src/spi.o
                0x0000000008006ec8                MX_SPI2_Init
 .text.HAL_SPI_MspInit
                0x0000000008006f74       0xd8 Core/Src/spi.o
                0x0000000008006f74                HAL_SPI_MspInit
 .text.HAL_MspInit
                0x000000000800704c       0x34 Core/Src/stm32h7xx_hal_msp.o
                0x000000000800704c                HAL_MspInit
 .text.LL_TIM_ClearFlag_CC1
                0x0000000008007080       0x1c Core/Src/stm32h7xx_it.o
 .text.NMI_Handler
                0x000000000800709c        0xe Core/Src/stm32h7xx_it.o
                0x000000000800709c                NMI_Handler
 .text.HardFault_Handler
                0x00000000080070aa        0x6 Core/Src/stm32h7xx_it.o
                0x00000000080070aa                HardFault_Handler
 .text.MemManage_Handler
                0x00000000080070b0        0x6 Core/Src/stm32h7xx_it.o
                0x00000000080070b0                MemManage_Handler
 .text.BusFault_Handler
                0x00000000080070b6        0x6 Core/Src/stm32h7xx_it.o
                0x00000000080070b6                BusFault_Handler
 .text.UsageFault_Handler
                0x00000000080070bc        0x6 Core/Src/stm32h7xx_it.o
                0x00000000080070bc                UsageFault_Handler
 .text.SVC_Handler
                0x00000000080070c2        0xe Core/Src/stm32h7xx_it.o
                0x00000000080070c2                SVC_Handler
 .text.DebugMon_Handler
                0x00000000080070d0        0xe Core/Src/stm32h7xx_it.o
                0x00000000080070d0                DebugMon_Handler
 .text.PendSV_Handler
                0x00000000080070de        0xe Core/Src/stm32h7xx_it.o
                0x00000000080070de                PendSV_Handler
 .text.SysTick_Handler
                0x00000000080070ec        0xc Core/Src/stm32h7xx_it.o
                0x00000000080070ec                SysTick_Handler
 .text.TIM2_IRQHandler
                0x00000000080070f8       0x20 Core/Src/stm32h7xx_it.o
                0x00000000080070f8                TIM2_IRQHandler
 .text.TIM3_IRQHandler
                0x0000000008007118        0xe Core/Src/stm32h7xx_it.o
                0x0000000008007118                TIM3_IRQHandler
 *fill*         0x0000000008007126        0x2 
 .text.USART3_IRQHandler
                0x0000000008007128       0x14 Core/Src/stm32h7xx_it.o
                0x0000000008007128                USART3_IRQHandler
 .text.TIM5_IRQHandler
                0x000000000800713c       0x18 Core/Src/stm32h7xx_it.o
                0x000000000800713c                TIM5_IRQHandler
 .text.QUADSPI_IRQHandler
                0x0000000008007154       0x14 Core/Src/stm32h7xx_it.o
                0x0000000008007154                QUADSPI_IRQHandler
 .text.MDMA_IRQHandler
                0x0000000008007168       0x14 Core/Src/stm32h7xx_it.o
                0x0000000008007168                MDMA_IRQHandler
 .text._sbrk    0x000000000800717c       0x6c Core/Src/sysmem.o
                0x000000000800717c                _sbrk
 .text.SystemInit
                0x00000000080071e8       0xc4 Core/Src/system_stm32h7xx.o
                0x00000000080071e8                SystemInit
 .text.__NVIC_GetPriorityGrouping
                0x00000000080072ac       0x1c Core/Src/tim.o
 .text.__NVIC_EnableIRQ
                0x00000000080072c8       0x3c Core/Src/tim.o
 .text.__NVIC_SetPriority
                0x0000000008007304       0x54 Core/Src/tim.o
 .text.NVIC_EncodePriority
                0x0000000008007358       0x66 Core/Src/tim.o
 .text.LL_TIM_DisableARRPreload
                0x00000000080073be       0x20 Core/Src/tim.o
 *fill*         0x00000000080073de        0x2 
 .text.LL_TIM_SetClockSource
                0x00000000080073e0       0x2c Core/Src/tim.o
 .text.LL_TIM_SetTriggerOutput
                0x000000000800740c       0x26 Core/Src/tim.o
 .text.LL_TIM_DisableMasterSlaveMode
                0x0000000008007432       0x20 Core/Src/tim.o
 *fill*         0x0000000008007452        0x2 
 .text.LL_APB1_GRP1_EnableClock
                0x0000000008007454       0x38 Core/Src/tim.o
 .text.MX_TIM2_Init
                0x000000000800748c       0x82 Core/Src/tim.o
                0x000000000800748c                MX_TIM2_Init
 *fill*         0x000000000800750e        0x2 
 .text.MX_TIM3_Init
                0x0000000008007510       0x7c Core/Src/tim.o
                0x0000000008007510                MX_TIM3_Init
 .text.MX_TIM4_Init
                0x000000000800758c       0xec Core/Src/tim.o
                0x000000000800758c                MX_TIM4_Init
 .text.MX_TIM5_Init
                0x0000000008007678       0x7c Core/Src/tim.o
                0x0000000008007678                MX_TIM5_Init
 .text.HAL_TIM_Base_MspInit
                0x00000000080076f4       0x44 Core/Src/tim.o
                0x00000000080076f4                HAL_TIM_Base_MspInit
 .text.HAL_TIM_MspPostInit
                0x0000000008007738       0x78 Core/Src/tim.o
                0x0000000008007738                HAL_TIM_MspPostInit
 .text.__NVIC_GetPriorityGrouping
                0x00000000080077b0       0x1c Core/Src/usart.o
 .text.__NVIC_EnableIRQ
                0x00000000080077cc       0x3c Core/Src/usart.o
 .text.__NVIC_SetPriority
                0x0000000008007808       0x54 Core/Src/usart.o
 .text.NVIC_EncodePriority
                0x000000000800785c       0x66 Core/Src/usart.o
 .text.LL_USART_Enable
                0x00000000080078c2       0x20 Core/Src/usart.o
 .text.LL_USART_DisableFIFO
                0x00000000080078e2       0x20 Core/Src/usart.o
 .text.LL_USART_SetTXFIFOThreshold
                0x0000000008007902       0x28 Core/Src/usart.o
 .text.LL_USART_SetRXFIFOThreshold
                0x000000000800792a       0x28 Core/Src/usart.o
 .text.LL_USART_ConfigAsyncMode
                0x0000000008007952       0x2c Core/Src/usart.o
 .text.LL_USART_IsActiveFlag_TEACK
                0x000000000800797e       0x28 Core/Src/usart.o
 .text.LL_USART_IsActiveFlag_REACK
                0x00000000080079a6       0x28 Core/Src/usart.o
 *fill*         0x00000000080079ce        0x2 
 .text.LL_AHB4_GRP1_EnableClock
                0x00000000080079d0       0x38 Core/Src/usart.o
 .text.LL_APB1_GRP1_EnableClock
                0x0000000008007a08       0x38 Core/Src/usart.o
 .text.MX_USART3_UART_Init
                0x0000000008007a40      0x138 Core/Src/usart.o
                0x0000000008007a40                MX_USART3_UART_Init
 .text.Reset_Handler
                0x0000000008007b78       0x50 Core/Startup/startup_stm32h750vbtx.o
                0x0000000008007b78                Reset_Handler
 .text.Default_Handler
                0x0000000008007bc8        0x2 Core/Startup/startup_stm32h750vbtx.o
                0x0000000008007bc8                RTC_Alarm_IRQHandler
                0x0000000008007bc8                HASH_RNG_IRQHandler
                0x0000000008007bc8                EXTI2_IRQHandler
                0x0000000008007bc8                TIM8_CC_IRQHandler
                0x0000000008007bc8                HRTIM1_Master_IRQHandler
                0x0000000008007bc8                UART8_IRQHandler
                0x0000000008007bc8                SPI4_IRQHandler
                0x0000000008007bc8                TIM1_CC_IRQHandler
                0x0000000008007bc8                BDMA_Channel6_IRQHandler
                0x0000000008007bc8                DMA2_Stream5_IRQHandler
                0x0000000008007bc8                HRTIM1_FLT_IRQHandler
                0x0000000008007bc8                JPEG_IRQHandler
                0x0000000008007bc8                DMA1_Stream5_IRQHandler
                0x0000000008007bc8                BDMA_Channel1_IRQHandler
                0x0000000008007bc8                HRTIM1_TIMD_IRQHandler
                0x0000000008007bc8                TAMP_STAMP_IRQHandler
                0x0000000008007bc8                EXTI3_IRQHandler
                0x0000000008007bc8                LPTIM4_IRQHandler
                0x0000000008007bc8                TIM8_TRG_COM_TIM14_IRQHandler
                0x0000000008007bc8                LPTIM2_IRQHandler
                0x0000000008007bc8                DFSDM1_FLT1_IRQHandler
                0x0000000008007bc8                DMAMUX2_OVR_IRQHandler
                0x0000000008007bc8                TIM8_UP_TIM13_IRQHandler
                0x0000000008007bc8                I2C3_ER_IRQHandler
                0x0000000008007bc8                DFSDM1_FLT2_IRQHandler
                0x0000000008007bc8                LPTIM3_IRQHandler
                0x0000000008007bc8                HSEM1_IRQHandler
                0x0000000008007bc8                EXTI0_IRQHandler
                0x0000000008007bc8                I2C2_EV_IRQHandler
                0x0000000008007bc8                DMA1_Stream2_IRQHandler
                0x0000000008007bc8                FPU_IRQHandler
                0x0000000008007bc8                OTG_HS_WKUP_IRQHandler
                0x0000000008007bc8                FDCAN1_IT1_IRQHandler
                0x0000000008007bc8                LTDC_ER_IRQHandler
                0x0000000008007bc8                DMA2_Stream2_IRQHandler
                0x0000000008007bc8                HRTIM1_TIME_IRQHandler
                0x0000000008007bc8                SPI1_IRQHandler
                0x0000000008007bc8                TIM6_DAC_IRQHandler
                0x0000000008007bc8                DCMI_IRQHandler
                0x0000000008007bc8                HRTIM1_TIMC_IRQHandler
                0x0000000008007bc8                DMA2_Stream3_IRQHandler
                0x0000000008007bc8                SAI2_IRQHandler
                0x0000000008007bc8                DFSDM1_FLT3_IRQHandler
                0x0000000008007bc8                USART6_IRQHandler
                0x0000000008007bc8                TIM17_IRQHandler
                0x0000000008007bc8                BDMA_Channel7_IRQHandler
                0x0000000008007bc8                CRYP_IRQHandler
                0x0000000008007bc8                LPTIM5_IRQHandler
                0x0000000008007bc8                UART5_IRQHandler
                0x0000000008007bc8                ADC3_IRQHandler
                0x0000000008007bc8                DMA2_Stream0_IRQHandler
                0x0000000008007bc8                TIM4_IRQHandler
                0x0000000008007bc8                BDMA_Channel2_IRQHandler
                0x0000000008007bc8                I2C1_EV_IRQHandler
                0x0000000008007bc8                DMA1_Stream6_IRQHandler
                0x0000000008007bc8                DMAMUX1_OVR_IRQHandler
                0x0000000008007bc8                DMA1_Stream1_IRQHandler
                0x0000000008007bc8                TIM16_IRQHandler
                0x0000000008007bc8                UART4_IRQHandler
                0x0000000008007bc8                BDMA_Channel5_IRQHandler
                0x0000000008007bc8                RCC_IRQHandler
                0x0000000008007bc8                TIM8_BRK_TIM12_IRQHandler
                0x0000000008007bc8                TIM1_TRG_COM_IRQHandler
                0x0000000008007bc8                Default_Handler
                0x0000000008007bc8                ECC_IRQHandler
                0x0000000008007bc8                CEC_IRQHandler
                0x0000000008007bc8                EXTI15_10_IRQHandler
                0x0000000008007bc8                BDMA_Channel0_IRQHandler
                0x0000000008007bc8                ADC_IRQHandler
                0x0000000008007bc8                DMA1_Stream7_IRQHandler
                0x0000000008007bc8                HRTIM1_TIMA_IRQHandler
                0x0000000008007bc8                SPI5_IRQHandler
                0x0000000008007bc8                TIM7_IRQHandler
                0x0000000008007bc8                SDMMC1_IRQHandler
                0x0000000008007bc8                DMA2_Stream7_IRQHandler
                0x0000000008007bc8                TIM15_IRQHandler
                0x0000000008007bc8                PVD_AVD_IRQHandler
                0x0000000008007bc8                I2C3_EV_IRQHandler
                0x0000000008007bc8                EXTI9_5_IRQHandler
                0x0000000008007bc8                RTC_WKUP_IRQHandler
                0x0000000008007bc8                LTDC_IRQHandler
                0x0000000008007bc8                SAI3_IRQHandler
                0x0000000008007bc8                ETH_WKUP_IRQHandler
                0x0000000008007bc8                SPDIF_RX_IRQHandler
                0x0000000008007bc8                SPI2_IRQHandler
                0x0000000008007bc8                OTG_HS_EP1_IN_IRQHandler
                0x0000000008007bc8                DMA1_Stream0_IRQHandler
                0x0000000008007bc8                CRS_IRQHandler
                0x0000000008007bc8                EXTI4_IRQHandler
                0x0000000008007bc8                HRTIM1_TIMB_IRQHandler
                0x0000000008007bc8                FDCAN2_IT1_IRQHandler
                0x0000000008007bc8                ETH_IRQHandler
                0x0000000008007bc8                TIM1_UP_IRQHandler
                0x0000000008007bc8                BDMA_Channel4_IRQHandler
                0x0000000008007bc8                OTG_HS_EP1_OUT_IRQHandler
                0x0000000008007bc8                WWDG_IRQHandler
                0x0000000008007bc8                SPI6_IRQHandler
                0x0000000008007bc8                MDIOS_IRQHandler
                0x0000000008007bc8                I2C4_EV_IRQHandler
                0x0000000008007bc8                FDCAN2_IT0_IRQHandler
                0x0000000008007bc8                LPUART1_IRQHandler
                0x0000000008007bc8                FDCAN1_IT0_IRQHandler
                0x0000000008007bc8                OTG_FS_WKUP_IRQHandler
                0x0000000008007bc8                OTG_HS_IRQHandler
                0x0000000008007bc8                DMA2D_IRQHandler
                0x0000000008007bc8                TIM1_BRK_IRQHandler
                0x0000000008007bc8                EXTI1_IRQHandler
                0x0000000008007bc8                SDMMC2_IRQHandler
                0x0000000008007bc8                OTG_FS_EP1_OUT_IRQHandler
                0x0000000008007bc8                BDMA_Channel3_IRQHandler
                0x0000000008007bc8                UART7_IRQHandler
                0x0000000008007bc8                MDIOS_WKUP_IRQHandler
                0x0000000008007bc8                USART2_IRQHandler
                0x0000000008007bc8                DFSDM1_FLT0_IRQHandler
                0x0000000008007bc8                SAI4_IRQHandler
                0x0000000008007bc8                I2C2_ER_IRQHandler
                0x0000000008007bc8                DMA2_Stream1_IRQHandler
                0x0000000008007bc8                FLASH_IRQHandler
                0x0000000008007bc8                DMA2_Stream4_IRQHandler
                0x0000000008007bc8                USART1_IRQHandler
                0x0000000008007bc8                OTG_FS_IRQHandler
                0x0000000008007bc8                SPI3_IRQHandler
                0x0000000008007bc8                WAKEUP_PIN_IRQHandler
                0x0000000008007bc8                DMA1_Stream4_IRQHandler
                0x0000000008007bc8                OTG_FS_EP1_IN_IRQHandler
                0x0000000008007bc8                I2C1_ER_IRQHandler
                0x0000000008007bc8                FMC_IRQHandler
                0x0000000008007bc8                FDCAN_CAL_IRQHandler
                0x0000000008007bc8                SWPMI1_IRQHandler
                0x0000000008007bc8                COMP1_IRQHandler
                0x0000000008007bc8                LPTIM1_IRQHandler
                0x0000000008007bc8                I2C4_ER_IRQHandler
                0x0000000008007bc8                DMA2_Stream6_IRQHandler
                0x0000000008007bc8                SAI1_IRQHandler
                0x0000000008007bc8                DMA1_Stream3_IRQHandler
 *fill*         0x0000000008007bca        0x2 
 .text.HAL_Init
                0x0000000008007bcc       0x78 Drivers/STM32H7xx_HAL_Driver/Src/stm32h7xx_hal.o
                0x0000000008007bcc                HAL_Init
 .text.HAL_InitTick
                0x0000000008007c44       0x6c Drivers/STM32H7xx_HAL_Driver/Src/stm32h7xx_hal.o
                0x0000000008007c44                HAL_InitTick
 .text.HAL_IncTick
                0x0000000008007cb0       0x28 Drivers/STM32H7xx_HAL_Driver/Src/stm32h7xx_hal.o
                0x0000000008007cb0                HAL_IncTick
 .text.HAL_GetTick
                0x0000000008007cd8       0x18 Drivers/STM32H7xx_HAL_Driver/Src/stm32h7xx_hal.o
                0x0000000008007cd8                HAL_GetTick
 .text.HAL_Delay
                0x0000000008007cf0       0x48 Drivers/STM32H7xx_HAL_Driver/Src/stm32h7xx_hal.o
                0x0000000008007cf0                HAL_Delay
 .text.HAL_GetREVID
                0x0000000008007d38       0x18 Drivers/STM32H7xx_HAL_Driver/Src/stm32h7xx_hal.o
                0x0000000008007d38                HAL_GetREVID
 .text.__NVIC_SetPriorityGrouping
                0x0000000008007d50       0x48 Drivers/STM32H7xx_HAL_Driver/Src/stm32h7xx_hal_cortex.o
 .text.__NVIC_GetPriorityGrouping
                0x0000000008007d98       0x1c Drivers/STM32H7xx_HAL_Driver/Src/stm32h7xx_hal_cortex.o
 .text.__NVIC_EnableIRQ
                0x0000000008007db4       0x3c Drivers/STM32H7xx_HAL_Driver/Src/stm32h7xx_hal_cortex.o
 .text.__NVIC_SetPriority
                0x0000000008007df0       0x54 Drivers/STM32H7xx_HAL_Driver/Src/stm32h7xx_hal_cortex.o
 .text.NVIC_EncodePriority
                0x0000000008007e44       0x66 Drivers/STM32H7xx_HAL_Driver/Src/stm32h7xx_hal_cortex.o
 *fill*         0x0000000008007eaa        0x2 
 .text.SysTick_Config
                0x0000000008007eac       0x44 Drivers/STM32H7xx_HAL_Driver/Src/stm32h7xx_hal_cortex.o
 .text.HAL_NVIC_SetPriorityGrouping
                0x0000000008007ef0       0x16 Drivers/STM32H7xx_HAL_Driver/Src/stm32h7xx_hal_cortex.o
                0x0000000008007ef0                HAL_NVIC_SetPriorityGrouping
 .text.HAL_NVIC_SetPriority
                0x0000000008007f06       0x34 Drivers/STM32H7xx_HAL_Driver/Src/stm32h7xx_hal_cortex.o
                0x0000000008007f06                HAL_NVIC_SetPriority
 .text.HAL_NVIC_EnableIRQ
                0x0000000008007f3a       0x1c Drivers/STM32H7xx_HAL_Driver/Src/stm32h7xx_hal_cortex.o
                0x0000000008007f3a                HAL_NVIC_EnableIRQ
 .text.HAL_SYSTICK_Config
                0x0000000008007f56       0x18 Drivers/STM32H7xx_HAL_Driver/Src/stm32h7xx_hal_cortex.o
                0x0000000008007f56                HAL_SYSTICK_Config
 *fill*         0x0000000008007f6e        0x2 
 .text.HAL_GPIO_Init
                0x0000000008007f70      0x360 Drivers/STM32H7xx_HAL_Driver/Src/stm32h7xx_hal_gpio.o
                0x0000000008007f70                HAL_GPIO_Init
 .text.HAL_GPIO_WritePin
                0x00000000080082d0       0x32 Drivers/STM32H7xx_HAL_Driver/Src/stm32h7xx_hal_gpio.o
                0x00000000080082d0                HAL_GPIO_WritePin
 .text.HAL_GPIO_TogglePin
                0x0000000008008302       0x34 Drivers/STM32H7xx_HAL_Driver/Src/stm32h7xx_hal_gpio.o
                0x0000000008008302                HAL_GPIO_TogglePin
 .text.HAL_MDMA_Init
                0x0000000008008336       0x98 Drivers/STM32H7xx_HAL_Driver/Src/stm32h7xx_hal_mdma.o
                0x0000000008008336                HAL_MDMA_Init
 .text.HAL_MDMA_ConfigPostRequestMask
                0x00000000080083ce       0xa4 Drivers/STM32H7xx_HAL_Driver/Src/stm32h7xx_hal_mdma.o
                0x00000000080083ce                HAL_MDMA_ConfigPostRequestMask
 .text.HAL_MDMA_Start_IT
                0x0000000008008472      0x102 Drivers/STM32H7xx_HAL_Driver/Src/stm32h7xx_hal_mdma.o
                0x0000000008008472                HAL_MDMA_Start_IT
 .text.HAL_MDMA_Abort_IT
                0x0000000008008574       0x4e Drivers/STM32H7xx_HAL_Driver/Src/stm32h7xx_hal_mdma.o
                0x0000000008008574                HAL_MDMA_Abort_IT
 *fill*         0x00000000080085c2        0x2 
 .text.HAL_MDMA_IRQHandler
                0x00000000080085c4      0x2ac Drivers/STM32H7xx_HAL_Driver/Src/stm32h7xx_hal_mdma.o
                0x00000000080085c4                HAL_MDMA_IRQHandler
 .text.MDMA_SetConfig
                0x0000000008008870       0xe0 Drivers/STM32H7xx_HAL_Driver/Src/stm32h7xx_hal_mdma.o
 .text.MDMA_Init
                0x0000000008008950      0x130 Drivers/STM32H7xx_HAL_Driver/Src/stm32h7xx_hal_mdma.o
 .text.HAL_PWREx_ConfigSupply
                0x0000000008008a80       0x74 Drivers/STM32H7xx_HAL_Driver/Src/stm32h7xx_hal_pwr_ex.o
                0x0000000008008a80                HAL_PWREx_ConfigSupply
 .text.HAL_QSPI_Init
                0x0000000008008af4       0xe8 Drivers/STM32H7xx_HAL_Driver/Src/stm32h7xx_hal_qspi.o
                0x0000000008008af4                HAL_QSPI_Init
 .text.HAL_QSPI_IRQHandler
                0x0000000008008bdc      0x374 Drivers/STM32H7xx_HAL_Driver/Src/stm32h7xx_hal_qspi.o
                0x0000000008008bdc                HAL_QSPI_IRQHandler
 .text.HAL_QSPI_Command
                0x0000000008008f50       0xbc Drivers/STM32H7xx_HAL_Driver/Src/stm32h7xx_hal_qspi.o
                0x0000000008008f50                HAL_QSPI_Command
 .text.HAL_QSPI_Transmit_DMA
                0x000000000800900c      0x1d8 Drivers/STM32H7xx_HAL_Driver/Src/stm32h7xx_hal_qspi.o
                0x000000000800900c                HAL_QSPI_Transmit_DMA
 .text.HAL_QSPI_ErrorCallback
                0x00000000080091e4       0x14 Drivers/STM32H7xx_HAL_Driver/Src/stm32h7xx_hal_qspi.o
                0x00000000080091e4                HAL_QSPI_ErrorCallback
 .text.HAL_QSPI_AbortCpltCallback
                0x00000000080091f8       0x14 Drivers/STM32H7xx_HAL_Driver/Src/stm32h7xx_hal_qspi.o
                0x00000000080091f8                HAL_QSPI_AbortCpltCallback
 .text.HAL_QSPI_CmdCpltCallback
                0x000000000800920c       0x14 Drivers/STM32H7xx_HAL_Driver/Src/stm32h7xx_hal_qspi.o
                0x000000000800920c                HAL_QSPI_CmdCpltCallback
 .text.HAL_QSPI_RxCpltCallback
                0x0000000008009220       0x14 Drivers/STM32H7xx_HAL_Driver/Src/stm32h7xx_hal_qspi.o
                0x0000000008009220                HAL_QSPI_RxCpltCallback
 .text.HAL_QSPI_FifoThresholdCallback
                0x0000000008009234       0x14 Drivers/STM32H7xx_HAL_Driver/Src/stm32h7xx_hal_qspi.o
                0x0000000008009234                HAL_QSPI_FifoThresholdCallback
 .text.HAL_QSPI_StatusMatchCallback
                0x0000000008009248       0x14 Drivers/STM32H7xx_HAL_Driver/Src/stm32h7xx_hal_qspi.o
                0x0000000008009248                HAL_QSPI_StatusMatchCallback
 .text.HAL_QSPI_TimeOutCallback
                0x000000000800925c       0x14 Drivers/STM32H7xx_HAL_Driver/Src/stm32h7xx_hal_qspi.o
                0x000000000800925c                HAL_QSPI_TimeOutCallback
 .text.HAL_QSPI_Abort_IT
                0x0000000008009270       0xb8 Drivers/STM32H7xx_HAL_Driver/Src/stm32h7xx_hal_qspi.o
                0x0000000008009270                HAL_QSPI_Abort_IT
 .text.HAL_QSPI_SetTimeout
                0x0000000008009328       0x1c Drivers/STM32H7xx_HAL_Driver/Src/stm32h7xx_hal_qspi.o
                0x0000000008009328                HAL_QSPI_SetTimeout
 .text.QSPI_DMATxCplt
                0x0000000008009344       0x30 Drivers/STM32H7xx_HAL_Driver/Src/stm32h7xx_hal_qspi.o
 .text.QSPI_DMAError
                0x0000000008009374       0x44 Drivers/STM32H7xx_HAL_Driver/Src/stm32h7xx_hal_qspi.o
 .text.QSPI_DMAAbortCplt
                0x00000000080093b8       0x66 Drivers/STM32H7xx_HAL_Driver/Src/stm32h7xx_hal_qspi.o
 .text.QSPI_WaitFlagStateUntilTimeout
                0x000000000800941e       0x6e Drivers/STM32H7xx_HAL_Driver/Src/stm32h7xx_hal_qspi.o
 .text.QSPI_Config
                0x000000000800948c      0x30c Drivers/STM32H7xx_HAL_Driver/Src/stm32h7xx_hal_qspi.o
 .text.HAL_RCC_OscConfig
                0x0000000008009798      0x820 Drivers/STM32H7xx_HAL_Driver/Src/stm32h7xx_hal_rcc.o
                0x0000000008009798                HAL_RCC_OscConfig
 .text.HAL_RCC_ClockConfig
                0x0000000008009fb8      0x36c Drivers/STM32H7xx_HAL_Driver/Src/stm32h7xx_hal_rcc.o
                0x0000000008009fb8                HAL_RCC_ClockConfig
 .text.HAL_RCC_GetSysClockFreq
                0x000000000800a324      0x2f4 Drivers/STM32H7xx_HAL_Driver/Src/stm32h7xx_hal_rcc.o
                0x000000000800a324                HAL_RCC_GetSysClockFreq
 .text.HAL_RCCEx_PeriphCLKConfig
                0x000000000800a618      0xe80 Drivers/STM32H7xx_HAL_Driver/Src/stm32h7xx_hal_rcc_ex.o
                0x000000000800a618                HAL_RCCEx_PeriphCLKConfig
 .text.RCCEx_PLL2_Config
                0x000000000800b498      0x164 Drivers/STM32H7xx_HAL_Driver/Src/stm32h7xx_hal_rcc_ex.o
 .text.RCCEx_PLL3_Config
                0x000000000800b5fc      0x164 Drivers/STM32H7xx_HAL_Driver/Src/stm32h7xx_hal_rcc_ex.o
 .text.HAL_SPI_Init
                0x000000000800b760      0x204 Drivers/STM32H7xx_HAL_Driver/Src/stm32h7xx_hal_spi.o
                0x000000000800b760                HAL_SPI_Init
 .text.SPI_GetPacketSize
                0x000000000800b964       0x36 Drivers/STM32H7xx_HAL_Driver/Src/stm32h7xx_hal_spi.o
 .text.HAL_TIM_Base_Init
                0x000000000800b99a       0xae Drivers/STM32H7xx_HAL_Driver/Src/stm32h7xx_hal_tim.o
                0x000000000800b99a                HAL_TIM_Base_Init
 .text.HAL_TIM_PWM_Init
                0x000000000800ba48       0xae Drivers/STM32H7xx_HAL_Driver/Src/stm32h7xx_hal_tim.o
                0x000000000800ba48                HAL_TIM_PWM_Init
 .text.HAL_TIM_PWM_MspInit
                0x000000000800baf6       0x14 Drivers/STM32H7xx_HAL_Driver/Src/stm32h7xx_hal_tim.o
                0x000000000800baf6                HAL_TIM_PWM_MspInit
 *fill*         0x000000000800bb0a        0x2 
 .text.HAL_TIM_PWM_Start
                0x000000000800bb0c      0x210 Drivers/STM32H7xx_HAL_Driver/Src/stm32h7xx_hal_tim.o
                0x000000000800bb0c                HAL_TIM_PWM_Start
 .text.HAL_TIM_PWM_ConfigChannel
                0x000000000800bd1c      0x220 Drivers/STM32H7xx_HAL_Driver/Src/stm32h7xx_hal_tim.o
                0x000000000800bd1c                HAL_TIM_PWM_ConfigChannel
 .text.HAL_TIM_ConfigClockSource
                0x000000000800bf3c      0x1e8 Drivers/STM32H7xx_HAL_Driver/Src/stm32h7xx_hal_tim.o
                0x000000000800bf3c                HAL_TIM_ConfigClockSource
 .text.TIM_Base_SetConfig
                0x000000000800c124      0x134 Drivers/STM32H7xx_HAL_Driver/Src/stm32h7xx_hal_tim.o
                0x000000000800c124                TIM_Base_SetConfig
 .text.TIM_OC1_SetConfig
                0x000000000800c258      0x120 Drivers/STM32H7xx_HAL_Driver/Src/stm32h7xx_hal_tim.o
 .text.TIM_OC2_SetConfig
                0x000000000800c378      0x114 Drivers/STM32H7xx_HAL_Driver/Src/stm32h7xx_hal_tim.o
                0x000000000800c378                TIM_OC2_SetConfig
 .text.TIM_OC3_SetConfig
                0x000000000800c48c      0x10c Drivers/STM32H7xx_HAL_Driver/Src/stm32h7xx_hal_tim.o
 .text.TIM_OC4_SetConfig
                0x000000000800c598       0xd0 Drivers/STM32H7xx_HAL_Driver/Src/stm32h7xx_hal_tim.o
 .text.TIM_OC5_SetConfig
                0x000000000800c668       0xc4 Drivers/STM32H7xx_HAL_Driver/Src/stm32h7xx_hal_tim.o
 .text.TIM_OC6_SetConfig
                0x000000000800c72c       0xc8 Drivers/STM32H7xx_HAL_Driver/Src/stm32h7xx_hal_tim.o
 .text.TIM_TI1_ConfigInputStage
                0x000000000800c7f4       0x5e Drivers/STM32H7xx_HAL_Driver/Src/stm32h7xx_hal_tim.o
 .text.TIM_TI2_ConfigInputStage
                0x000000000800c852       0x60 Drivers/STM32H7xx_HAL_Driver/Src/stm32h7xx_hal_tim.o
 *fill*         0x000000000800c8b2        0x2 
 .text.TIM_ITRx_SetConfig
                0x000000000800c8b4       0x3c Drivers/STM32H7xx_HAL_Driver/Src/stm32h7xx_hal_tim.o
 .text.TIM_ETR_SetConfig
                0x000000000800c8f0       0x40 Drivers/STM32H7xx_HAL_Driver/Src/stm32h7xx_hal_tim.o
                0x000000000800c8f0                TIM_ETR_SetConfig
 .text.TIM_CCxChannelCmd
                0x000000000800c930       0x4a Drivers/STM32H7xx_HAL_Driver/Src/stm32h7xx_hal_tim.o
                0x000000000800c930                TIM_CCxChannelCmd
 *fill*         0x000000000800c97a        0x2 
 .text.HAL_TIMEx_MasterConfigSynchronization
                0x000000000800c97c      0x110 Drivers/STM32H7xx_HAL_Driver/Src/stm32h7xx_hal_tim_ex.o
                0x000000000800c97c                HAL_TIMEx_MasterConfigSynchronization
 .text.LL_GPIO_SetPinMode
                0x000000000800ca8c       0x40 Drivers/STM32H7xx_HAL_Driver/Src/stm32h7xx_ll_gpio.o
 .text.LL_GPIO_SetPinOutputType
                0x000000000800cacc       0x30 Drivers/STM32H7xx_HAL_Driver/Src/stm32h7xx_ll_gpio.o
 .text.LL_GPIO_SetPinSpeed
                0x000000000800cafc       0x40 Drivers/STM32H7xx_HAL_Driver/Src/stm32h7xx_ll_gpio.o
 .text.LL_GPIO_SetPinPull
                0x000000000800cb3c       0x40 Drivers/STM32H7xx_HAL_Driver/Src/stm32h7xx_ll_gpio.o
 .text.LL_GPIO_SetAFPin_0_7
                0x000000000800cb7c       0x58 Drivers/STM32H7xx_HAL_Driver/Src/stm32h7xx_ll_gpio.o
 .text.LL_GPIO_SetAFPin_8_15
                0x000000000800cbd4       0x6c Drivers/STM32H7xx_HAL_Driver/Src/stm32h7xx_ll_gpio.o
 .text.LL_GPIO_Init
                0x000000000800cc40       0xdc Drivers/STM32H7xx_HAL_Driver/Src/stm32h7xx_ll_gpio.o
                0x000000000800cc40                LL_GPIO_Init
 .text.LL_RCC_HSE_IsReady
                0x000000000800cd1c       0x28 Drivers/STM32H7xx_HAL_Driver/Src/stm32h7xx_ll_rcc.o
 .text.LL_RCC_HSI_IsReady
                0x000000000800cd44       0x24 Drivers/STM32H7xx_HAL_Driver/Src/stm32h7xx_ll_rcc.o
 .text.LL_RCC_HSI_GetDivider
                0x000000000800cd68       0x1c Drivers/STM32H7xx_HAL_Driver/Src/stm32h7xx_ll_rcc.o
 .text.LL_RCC_CSI_IsReady
                0x000000000800cd84       0x28 Drivers/STM32H7xx_HAL_Driver/Src/stm32h7xx_ll_rcc.o
 .text.LL_RCC_LSE_IsReady
                0x000000000800cdac       0x24 Drivers/STM32H7xx_HAL_Driver/Src/stm32h7xx_ll_rcc.o
 .text.LL_RCC_GetSysClkSource
                0x000000000800cdd0       0x1c Drivers/STM32H7xx_HAL_Driver/Src/stm32h7xx_ll_rcc.o
 .text.LL_RCC_GetSysPrescaler
                0x000000000800cdec       0x1c Drivers/STM32H7xx_HAL_Driver/Src/stm32h7xx_ll_rcc.o
 .text.LL_RCC_GetAHBPrescaler
                0x000000000800ce08       0x1c Drivers/STM32H7xx_HAL_Driver/Src/stm32h7xx_ll_rcc.o
 .text.LL_RCC_GetAPB1Prescaler
                0x000000000800ce24       0x1c Drivers/STM32H7xx_HAL_Driver/Src/stm32h7xx_ll_rcc.o
 .text.LL_RCC_GetAPB2Prescaler
                0x000000000800ce40       0x1c Drivers/STM32H7xx_HAL_Driver/Src/stm32h7xx_ll_rcc.o
 .text.LL_RCC_GetClockSource
                0x000000000800ce5c       0x4c Drivers/STM32H7xx_HAL_Driver/Src/stm32h7xx_ll_rcc.o
 .text.LL_RCC_GetUSARTClockSource
                0x000000000800cea8       0x18 Drivers/STM32H7xx_HAL_Driver/Src/stm32h7xx_ll_rcc.o
 .text.LL_RCC_PLL_GetSource
                0x000000000800cec0       0x1c Drivers/STM32H7xx_HAL_Driver/Src/stm32h7xx_ll_rcc.o
 .text.LL_RCC_PLL1P_IsEnabled
                0x000000000800cedc       0x28 Drivers/STM32H7xx_HAL_Driver/Src/stm32h7xx_ll_rcc.o
 .text.LL_RCC_PLL1Q_IsEnabled
                0x000000000800cf04       0x28 Drivers/STM32H7xx_HAL_Driver/Src/stm32h7xx_ll_rcc.o
 .text.LL_RCC_PLL1R_IsEnabled
                0x000000000800cf2c       0x28 Drivers/STM32H7xx_HAL_Driver/Src/stm32h7xx_ll_rcc.o
 .text.LL_RCC_PLL1FRACN_IsEnabled
                0x000000000800cf54       0x24 Drivers/STM32H7xx_HAL_Driver/Src/stm32h7xx_ll_rcc.o
 .text.LL_RCC_PLL1_GetN
                0x000000000800cf78       0x1c Drivers/STM32H7xx_HAL_Driver/Src/stm32h7xx_ll_rcc.o
 .text.LL_RCC_PLL1_GetM
                0x000000000800cf94       0x1c Drivers/STM32H7xx_HAL_Driver/Src/stm32h7xx_ll_rcc.o
 .text.LL_RCC_PLL1_GetP
                0x000000000800cfb0       0x20 Drivers/STM32H7xx_HAL_Driver/Src/stm32h7xx_ll_rcc.o
 .text.LL_RCC_PLL1_GetQ
                0x000000000800cfd0       0x20 Drivers/STM32H7xx_HAL_Driver/Src/stm32h7xx_ll_rcc.o
 .text.LL_RCC_PLL1_GetR
                0x000000000800cff0       0x20 Drivers/STM32H7xx_HAL_Driver/Src/stm32h7xx_ll_rcc.o
 .text.LL_RCC_PLL1_GetFRACN
                0x000000000800d010       0x1c Drivers/STM32H7xx_HAL_Driver/Src/stm32h7xx_ll_rcc.o
 .text.LL_RCC_PLL2_IsReady
                0x000000000800d02c       0x28 Drivers/STM32H7xx_HAL_Driver/Src/stm32h7xx_ll_rcc.o
 .text.LL_RCC_PLL2P_IsEnabled
                0x000000000800d054       0x28 Drivers/STM32H7xx_HAL_Driver/Src/stm32h7xx_ll_rcc.o
 .text.LL_RCC_PLL2Q_IsEnabled
                0x000000000800d07c       0x28 Drivers/STM32H7xx_HAL_Driver/Src/stm32h7xx_ll_rcc.o
 .text.LL_RCC_PLL2R_IsEnabled
                0x000000000800d0a4       0x28 Drivers/STM32H7xx_HAL_Driver/Src/stm32h7xx_ll_rcc.o
 .text.LL_RCC_PLL2FRACN_IsEnabled
                0x000000000800d0cc       0x24 Drivers/STM32H7xx_HAL_Driver/Src/stm32h7xx_ll_rcc.o
 .text.LL_RCC_PLL2_GetN
                0x000000000800d0f0       0x1c Drivers/STM32H7xx_HAL_Driver/Src/stm32h7xx_ll_rcc.o
 .text.LL_RCC_PLL2_GetM
                0x000000000800d10c       0x1c Drivers/STM32H7xx_HAL_Driver/Src/stm32h7xx_ll_rcc.o
 .text.LL_RCC_PLL2_GetP
                0x000000000800d128       0x20 Drivers/STM32H7xx_HAL_Driver/Src/stm32h7xx_ll_rcc.o
 .text.LL_RCC_PLL2_GetQ
                0x000000000800d148       0x20 Drivers/STM32H7xx_HAL_Driver/Src/stm32h7xx_ll_rcc.o
 .text.LL_RCC_PLL2_GetR
                0x000000000800d168       0x20 Drivers/STM32H7xx_HAL_Driver/Src/stm32h7xx_ll_rcc.o
 .text.LL_RCC_PLL2_GetFRACN
                0x000000000800d188       0x1c Drivers/STM32H7xx_HAL_Driver/Src/stm32h7xx_ll_rcc.o
 .text.LL_RCC_PLL3_IsReady
                0x000000000800d1a4       0x28 Drivers/STM32H7xx_HAL_Driver/Src/stm32h7xx_ll_rcc.o
 .text.LL_RCC_PLL3P_IsEnabled
                0x000000000800d1cc       0x28 Drivers/STM32H7xx_HAL_Driver/Src/stm32h7xx_ll_rcc.o
 .text.LL_RCC_PLL3Q_IsEnabled
                0x000000000800d1f4       0x28 Drivers/STM32H7xx_HAL_Driver/Src/stm32h7xx_ll_rcc.o
 .text.LL_RCC_PLL3R_IsEnabled
                0x000000000800d21c       0x28 Drivers/STM32H7xx_HAL_Driver/Src/stm32h7xx_ll_rcc.o
 .text.LL_RCC_PLL3FRACN_IsEnabled
                0x000000000800d244       0x28 Drivers/STM32H7xx_HAL_Driver/Src/stm32h7xx_ll_rcc.o
 .text.LL_RCC_PLL3_GetN
                0x000000000800d26c       0x1c Drivers/STM32H7xx_HAL_Driver/Src/stm32h7xx_ll_rcc.o
 .text.LL_RCC_PLL3_GetM
                0x000000000800d288       0x1c Drivers/STM32H7xx_HAL_Driver/Src/stm32h7xx_ll_rcc.o
 .text.LL_RCC_PLL3_GetP
                0x000000000800d2a4       0x20 Drivers/STM32H7xx_HAL_Driver/Src/stm32h7xx_ll_rcc.o
 .text.LL_RCC_PLL3_GetQ
                0x000000000800d2c4       0x20 Drivers/STM32H7xx_HAL_Driver/Src/stm32h7xx_ll_rcc.o
 .text.LL_RCC_PLL3_GetR
                0x000000000800d2e4       0x20 Drivers/STM32H7xx_HAL_Driver/Src/stm32h7xx_ll_rcc.o
 .text.LL_RCC_PLL3_GetFRACN
                0x000000000800d304       0x1c Drivers/STM32H7xx_HAL_Driver/Src/stm32h7xx_ll_rcc.o
 .text.LL_RCC_GetPLL1ClockFreq
                0x000000000800d320      0x130 Drivers/STM32H7xx_HAL_Driver/Src/stm32h7xx_ll_rcc.o
                0x000000000800d320                LL_RCC_GetPLL1ClockFreq
 .text.LL_RCC_GetPLL2ClockFreq
                0x000000000800d450      0x130 Drivers/STM32H7xx_HAL_Driver/Src/stm32h7xx_ll_rcc.o
                0x000000000800d450                LL_RCC_GetPLL2ClockFreq
 .text.LL_RCC_GetPLL3ClockFreq
                0x000000000800d580      0x134 Drivers/STM32H7xx_HAL_Driver/Src/stm32h7xx_ll_rcc.o
                0x000000000800d580                LL_RCC_GetPLL3ClockFreq
 .text.LL_RCC_CalcPLLClockFreq
                0x000000000800d6b4       0x80 Drivers/STM32H7xx_HAL_Driver/Src/stm32h7xx_ll_rcc.o
                0x000000000800d6b4                LL_RCC_CalcPLLClockFreq
 .text.LL_RCC_GetUSARTClockFreq
                0x000000000800d734      0x1dc Drivers/STM32H7xx_HAL_Driver/Src/stm32h7xx_ll_rcc.o
                0x000000000800d734                LL_RCC_GetUSARTClockFreq
 .text.RCC_GetSystemClockFreq
                0x000000000800d910       0xc4 Drivers/STM32H7xx_HAL_Driver/Src/stm32h7xx_ll_rcc.o
 .text.RCC_GetHCLKClockFreq
                0x000000000800d9d4       0x2c Drivers/STM32H7xx_HAL_Driver/Src/stm32h7xx_ll_rcc.o
 .text.RCC_GetPCLK1ClockFreq
                0x000000000800da00       0x30 Drivers/STM32H7xx_HAL_Driver/Src/stm32h7xx_ll_rcc.o
 .text.RCC_GetPCLK2ClockFreq
                0x000000000800da30       0x30 Drivers/STM32H7xx_HAL_Driver/Src/stm32h7xx_ll_rcc.o
 .text.LL_TIM_SetPrescaler
                0x000000000800da60       0x1c Drivers/STM32H7xx_HAL_Driver/Src/stm32h7xx_ll_tim.o
 .text.LL_TIM_SetAutoReload
                0x000000000800da7c       0x1c Drivers/STM32H7xx_HAL_Driver/Src/stm32h7xx_ll_tim.o
 .text.LL_TIM_SetRepetitionCounter
                0x000000000800da98       0x1c Drivers/STM32H7xx_HAL_Driver/Src/stm32h7xx_ll_tim.o
 .text.LL_TIM_GenerateEvent_UPDATE
                0x000000000800dab4       0x20 Drivers/STM32H7xx_HAL_Driver/Src/stm32h7xx_ll_tim.o
 .text.LL_TIM_Init
                0x000000000800dad4      0x128 Drivers/STM32H7xx_HAL_Driver/Src/stm32h7xx_ll_tim.o
                0x000000000800dad4                LL_TIM_Init
 .text.LL_USART_IsEnabled
                0x000000000800dbfc       0x26 Drivers/STM32H7xx_HAL_Driver/Src/stm32h7xx_ll_usart.o
 .text.LL_USART_SetPrescaler
                0x000000000800dc22       0x28 Drivers/STM32H7xx_HAL_Driver/Src/stm32h7xx_ll_usart.o
 .text.LL_USART_SetStopBitsLength
                0x000000000800dc4a       0x26 Drivers/STM32H7xx_HAL_Driver/Src/stm32h7xx_ll_usart.o
 .text.LL_USART_SetHWFlowCtrl
                0x000000000800dc70       0x26 Drivers/STM32H7xx_HAL_Driver/Src/stm32h7xx_ll_usart.o
 *fill*         0x000000000800dc96        0x2 
 .text.LL_USART_SetBaudRate
                0x000000000800dc98       0xa0 Drivers/STM32H7xx_HAL_Driver/Src/stm32h7xx_ll_usart.o
 .text.LL_USART_Init
                0x000000000800dd38      0x154 Drivers/STM32H7xx_HAL_Driver/Src/stm32h7xx_ll_usart.o
                0x000000000800dd38                LL_USART_Init
 .text.__errno  0x000000000800de8c        0xc c:/st/stm32cubeide_1.3.0/stm32cubeide/plugins/com.st.stm32cube.ide.mcu.externaltools.gnu-tools-for-stm32.9-2020-q2-update.win32_1.5.0.202011040924/tools/bin/../lib/gcc/arm-none-eabi/9.3.1/../../../../arm-none-eabi/lib/thumb/v7e-m+dp/hard\libc_nano.a(lib_a-errno.o)
                0x000000000800de8c                __errno
 .text.__libc_init_array
                0x000000000800de98       0x48 c:/st/stm32cubeide_1.3.0/stm32cubeide/plugins/com.st.stm32cube.ide.mcu.externaltools.gnu-tools-for-stm32.9-2020-q2-update.win32_1.5.0.202011040924/tools/bin/../lib/gcc/arm-none-eabi/9.3.1/../../../../arm-none-eabi/lib/thumb/v7e-m+dp/hard\libc_nano.a(lib_a-init.o)
                0x000000000800de98                __libc_init_array
 .text.memset   0x000000000800dee0       0x10 c:/st/stm32cubeide_1.3.0/stm32cubeide/plugins/com.st.stm32cube.ide.mcu.externaltools.gnu-tools-for-stm32.9-2020-q2-update.win32_1.5.0.202011040924/tools/bin/../lib/gcc/arm-none-eabi/9.3.1/../../../../arm-none-eabi/lib/thumb/v7e-m+dp/hard\libc_nano.a(lib_a-memset.o)
                0x000000000800dee0                memset
 .text.sprintf  0x000000000800def0       0x40 c:/st/stm32cubeide_1.3.0/stm32cubeide/plugins/com.st.stm32cube.ide.mcu.externaltools.gnu-tools-for-stm32.9-2020-q2-update.win32_1.5.0.202011040924/tools/bin/../lib/gcc/arm-none-eabi/9.3.1/../../../../arm-none-eabi/lib/thumb/v7e-m+dp/hard\libc_nano.a(lib_a-sprintf.o)
                0x000000000800def0                siprintf
                0x000000000800def0                sprintf
 .text.__ssputs_r
                0x000000000800df30       0xb6 c:/st/stm32cubeide_1.3.0/stm32cubeide/plugins/com.st.stm32cube.ide.mcu.externaltools.gnu-tools-for-stm32.9-2020-q2-update.win32_1.5.0.202011040924/tools/bin/../lib/gcc/arm-none-eabi/9.3.1/../../../../arm-none-eabi/lib/thumb/v7e-m+dp/hard\libc_nano.a(lib_a-nano-svfprintf.o)
                0x000000000800df30                __ssputs_r
 *fill*         0x000000000800dfe6        0x2 
 .text._svfprintf_r
                0x000000000800dfe8      0x200 c:/st/stm32cubeide_1.3.0/stm32cubeide/plugins/com.st.stm32cube.ide.mcu.externaltools.gnu-tools-for-stm32.9-2020-q2-update.win32_1.5.0.202011040924/tools/bin/../lib/gcc/arm-none-eabi/9.3.1/../../../../arm-none-eabi/lib/thumb/v7e-m+dp/hard\libc_nano.a(lib_a-nano-svfprintf.o)
                0x000000000800dfe8                _svfiprintf_r
                0x000000000800dfe8                _svfprintf_r
 .text._printf_common
                0x000000000800e1e8       0xda c:/st/stm32cubeide_1.3.0/stm32cubeide/plugins/com.st.stm32cube.ide.mcu.externaltools.gnu-tools-for-stm32.9-2020-q2-update.win32_1.5.0.202011040924/tools/bin/../lib/gcc/arm-none-eabi/9.3.1/../../../../arm-none-eabi/lib/thumb/v7e-m+dp/hard\libc_nano.a(lib_a-nano-vfprintf_i.o)
                0x000000000800e1e8                _printf_common
 *fill*         0x000000000800e2c2        0x2 
 .text._printf_i
                0x000000000800e2c4      0x24c c:/st/stm32cubeide_1.3.0/stm32cubeide/plugins/com.st.stm32cube.ide.mcu.externaltools.gnu-tools-for-stm32.9-2020-q2-update.win32_1.5.0.202011040924/tools/bin/../lib/gcc/arm-none-eabi/9.3.1/../../../../arm-none-eabi/lib/thumb/v7e-m+dp/hard\libc_nano.a(lib_a-nano-vfprintf_i.o)
                0x000000000800e2c4                _printf_i
 .text.memcpy   0x000000000800e510       0x1c c:/st/stm32cubeide_1.3.0/stm32cubeide/plugins/com.st.stm32cube.ide.mcu.externaltools.gnu-tools-for-stm32.9-2020-q2-update.win32_1.5.0.202011040924/tools/bin/../lib/gcc/arm-none-eabi/9.3.1/../../../../arm-none-eabi/lib/thumb/v7e-m+dp/hard\libc_nano.a(lib_a-memcpy-stub.o)
                0x000000000800e510                memcpy
 .text.memmove  0x000000000800e52c       0x34 c:/st/stm32cubeide_1.3.0/stm32cubeide/plugins/com.st.stm32cube.ide.mcu.externaltools.gnu-tools-for-stm32.9-2020-q2-update.win32_1.5.0.202011040924/tools/bin/../lib/gcc/arm-none-eabi/9.3.1/../../../../arm-none-eabi/lib/thumb/v7e-m+dp/hard\libc_nano.a(lib_a-memmove.o)
                0x000000000800e52c                memmove
 .text._free_r  0x000000000800e560       0xa0 c:/st/stm32cubeide_1.3.0/stm32cubeide/plugins/com.st.stm32cube.ide.mcu.externaltools.gnu-tools-for-stm32.9-2020-q2-update.win32_1.5.0.202011040924/tools/bin/../lib/gcc/arm-none-eabi/9.3.1/../../../../arm-none-eabi/lib/thumb/v7e-m+dp/hard\libc_nano.a(lib_a-nano-freer.o)
                0x000000000800e560                _free_r
 .text._malloc_r
                0x000000000800e600       0xb4 c:/st/stm32cubeide_1.3.0/stm32cubeide/plugins/com.st.stm32cube.ide.mcu.externaltools.gnu-tools-for-stm32.9-2020-q2-update.win32_1.5.0.202011040924/tools/bin/../lib/gcc/arm-none-eabi/9.3.1/../../../../arm-none-eabi/lib/thumb/v7e-m+dp/hard\libc_nano.a(lib_a-nano-mallocr.o)
                0x000000000800e600                _malloc_r
 .text._realloc_r
                0x000000000800e6b4       0x4c c:/st/stm32cubeide_1.3.0/stm32cubeide/plugins/com.st.stm32cube.ide.mcu.externaltools.gnu-tools-for-stm32.9-2020-q2-update.win32_1.5.0.202011040924/tools/bin/../lib/gcc/arm-none-eabi/9.3.1/../../../../arm-none-eabi/lib/thumb/v7e-m+dp/hard\libc_nano.a(lib_a-nano-reallocr.o)
                0x000000000800e6b4                _realloc_r
 .text._sbrk_r  0x000000000800e700       0x20 c:/st/stm32cubeide_1.3.0/stm32cubeide/plugins/com.st.stm32cube.ide.mcu.externaltools.gnu-tools-for-stm32.9-2020-q2-update.win32_1.5.0.202011040924/tools/bin/../lib/gcc/arm-none-eabi/9.3.1/../../../../arm-none-eabi/lib/thumb/v7e-m+dp/hard\libc_nano.a(lib_a-sbrkr.o)
                0x000000000800e700                _sbrk_r
 .text.__malloc_lock
                0x000000000800e720        0xc c:/st/stm32cubeide_1.3.0/stm32cubeide/plugins/com.st.stm32cube.ide.mcu.externaltools.gnu-tools-for-stm32.9-2020-q2-update.win32_1.5.0.202011040924/tools/bin/../lib/gcc/arm-none-eabi/9.3.1/../../../../arm-none-eabi/lib/thumb/v7e-m+dp/hard\libc_nano.a(lib_a-mlock.o)
                0x000000000800e720                __malloc_lock
 .text.__malloc_unlock
                0x000000000800e72c        0xc c:/st/stm32cubeide_1.3.0/stm32cubeide/plugins/com.st.stm32cube.ide.mcu.externaltools.gnu-tools-for-stm32.9-2020-q2-update.win32_1.5.0.202011040924/tools/bin/../lib/gcc/arm-none-eabi/9.3.1/../../../../arm-none-eabi/lib/thumb/v7e-m+dp/hard\libc_nano.a(lib_a-mlock.o)
                0x000000000800e72c                __malloc_unlock
 .text._malloc_usable_size_r
                0x000000000800e738       0x10 c:/st/stm32cubeide_1.3.0/stm32cubeide/plugins/com.st.stm32cube.ide.mcu.externaltools.gnu-tools-for-stm32.9-2020-q2-update.win32_1.5.0.202011040924/tools/bin/../lib/gcc/arm-none-eabi/9.3.1/../../../../arm-none-eabi/lib/thumb/v7e-m+dp/hard\libc_nano.a(lib_a-nano-msizer.o)
                0x000000000800e738                _malloc_usable_size_r
 .text.__retarget_lock_acquire_recursive
                0x000000000800e748        0x2 c:/st/stm32cubeide_1.3.0/stm32cubeide/plugins/com.st.stm32cube.ide.mcu.externaltools.gnu-tools-for-stm32.9-2020-q2-update.win32_1.5.0.202011040924/tools/bin/../lib/gcc/arm-none-eabi/9.3.1/../../../../arm-none-eabi/lib/thumb/v7e-m+dp/hard\libc_nano.a(lib_a-lock.o)
                0x000000000800e748                __retarget_lock_acquire_recursive
 .text.__retarget_lock_release_recursive
                0x000000000800e74a        0x2 c:/st/stm32cubeide_1.3.0/stm32cubeide/plugins/com.st.stm32cube.ide.mcu.externaltools.gnu-tools-for-stm32.9-2020-q2-update.win32_1.5.0.202011040924/tools/bin/../lib/gcc/arm-none-eabi/9.3.1/../../../../arm-none-eabi/lib/thumb/v7e-m+dp/hard\libc_nano.a(lib_a-lock.o)
                0x000000000800e74a                __retarget_lock_release_recursive
 *(.glue_7)
 .glue_7        0x000000000800e74c        0x0 linker stubs
 *(.glue_7t)
 .glue_7t       0x000000000800e74c        0x0 linker stubs
 *(.eh_frame)
 .eh_frame      0x000000000800e74c        0x0 c:/st/stm32cubeide_1.3.0/stm32cubeide/plugins/com.st.stm32cube.ide.mcu.externaltools.gnu-tools-for-stm32.9-2020-q2-update.win32_1.5.0.202011040924/tools/bin/../lib/gcc/arm-none-eabi/9.3.1/thumb/v7e-m+dp/hard/crtbegin.o
 *(.init)
 .init          0x000000000800e74c        0x4 c:/st/stm32cubeide_1.3.0/stm32cubeide/plugins/com.st.stm32cube.ide.mcu.externaltools.gnu-tools-for-stm32.9-2020-q2-update.win32_1.5.0.202011040924/tools/bin/../lib/gcc/arm-none-eabi/9.3.1/thumb/v7e-m+dp/hard/crti.o
                0x000000000800e74c                _init
 .init          0x000000000800e750        0x8 c:/st/stm32cubeide_1.3.0/stm32cubeide/plugins/com.st.stm32cube.ide.mcu.externaltools.gnu-tools-for-stm32.9-2020-q2-update.win32_1.5.0.202011040924/tools/bin/../lib/gcc/arm-none-eabi/9.3.1/thumb/v7e-m+dp/hard/crtn.o
 *(.fini)
 .fini          0x000000000800e758        0x4 c:/st/stm32cubeide_1.3.0/stm32cubeide/plugins/com.st.stm32cube.ide.mcu.externaltools.gnu-tools-for-stm32.9-2020-q2-update.win32_1.5.0.202011040924/tools/bin/../lib/gcc/arm-none-eabi/9.3.1/thumb/v7e-m+dp/hard/crti.o
                0x000000000800e758                _fini
 .fini          0x000000000800e75c        0x8 c:/st/stm32cubeide_1.3.0/stm32cubeide/plugins/com.st.stm32cube.ide.mcu.externaltools.gnu-tools-for-stm32.9-2020-q2-update.win32_1.5.0.202011040924/tools/bin/../lib/gcc/arm-none-eabi/9.3.1/thumb/v7e-m+dp/hard/crtn.o
                0x000000000800e764                . = ALIGN (0x4)
                0x000000000800e764                _etext = .

.vfp11_veneer   0x000000000800e764        0x0
 .vfp11_veneer  0x000000000800e764        0x0 linker stubs

.v4_bx          0x000000000800e764        0x0
 .v4_bx         0x000000000800e764        0x0 linker stubs

.iplt           0x000000000800e764        0x0
 .iplt          0x000000000800e764        0x0 c:/st/stm32cubeide_1.3.0/stm32cubeide/plugins/com.st.stm32cube.ide.mcu.externaltools.gnu-tools-for-stm32.9-2020-q2-update.win32_1.5.0.202011040924/tools/bin/../lib/gcc/arm-none-eabi/9.3.1/thumb/v7e-m+dp/hard/crtbegin.o

.rodata         0x000000000800e764      0x16c
                0x000000000800e764                . = ALIGN (0x4)
 *(.rodata)
 .rodata        0x000000000800e764       0x9d Core/Src/LL_UART_TEO.o
 *fill*         0x000000000800e801        0x3 
 .rodata        0x000000000800e804       0x47 Core/Src/main.o
 *(.rodata*)
 *fill*         0x000000000800e84b        0x1 
 .rodata.D1CorePrescTable
                0x000000000800e84c       0x10 Core/Src/system_stm32h7xx.o
                0x000000000800e84c                D1CorePrescTable
 .rodata.LL_RCC_PrescTable
                0x000000000800e85c       0x10 Drivers/STM32H7xx_HAL_Driver/Src/stm32h7xx_ll_rcc.o
                0x000000000800e85c                LL_RCC_PrescTable
 .rodata.USART_PRESCALER_TAB
                0x000000000800e86c       0x30 Drivers/STM32H7xx_HAL_Driver/Src/stm32h7xx_ll_usart.o
 .rodata._svfprintf_r.str1.1
                0x000000000800e89c       0x11 c:/st/stm32cubeide_1.3.0/stm32cubeide/plugins/com.st.stm32cube.ide.mcu.externaltools.gnu-tools-for-stm32.9-2020-q2-update.win32_1.5.0.202011040924/tools/bin/../lib/gcc/arm-none-eabi/9.3.1/../../../../arm-none-eabi/lib/thumb/v7e-m+dp/hard\libc_nano.a(lib_a-nano-svfprintf.o)
 .rodata._printf_i.str1.1
                0x000000000800e8ad       0x22 c:/st/stm32cubeide_1.3.0/stm32cubeide/plugins/com.st.stm32cube.ide.mcu.externaltools.gnu-tools-for-stm32.9-2020-q2-update.win32_1.5.0.202011040924/tools/bin/../lib/gcc/arm-none-eabi/9.3.1/../../../../arm-none-eabi/lib/thumb/v7e-m+dp/hard\libc_nano.a(lib_a-nano-vfprintf_i.o)
                0x000000000800e8d0                . = ALIGN (0x4)
 *fill*         0x000000000800e8cf        0x1 

.rel.dyn        0x000000000800e8d0        0x0
 .rel.iplt      0x000000000800e8d0        0x0 c:/st/stm32cubeide_1.3.0/stm32cubeide/plugins/com.st.stm32cube.ide.mcu.externaltools.gnu-tools-for-stm32.9-2020-q2-update.win32_1.5.0.202011040924/tools/bin/../lib/gcc/arm-none-eabi/9.3.1/thumb/v7e-m+dp/hard/crtbegin.o

.ARM.extab      0x000000000800e8d0        0x0
                0x000000000800e8d0                . = ALIGN (0x4)
 *(.ARM.extab* .gnu.linkonce.armextab.*)
                0x000000000800e8d0                . = ALIGN (0x4)

.ARM            0x000000000800e8d0        0x0
                0x000000000800e8d0                . = ALIGN (0x4)
                0x000000000800e8d0                __exidx_start = .
 *(.ARM.exidx*)
                0x000000000800e8d0                __exidx_end = .
                0x000000000800e8d0                . = ALIGN (0x4)

.preinit_array  0x000000000800e8d0        0x0
                0x000000000800e8d0                . = ALIGN (0x4)
                0x000000000800e8d0                PROVIDE (__preinit_array_start = .)
 *(.preinit_array*)
                0x000000000800e8d0                PROVIDE (__preinit_array_end = .)
                0x000000000800e8d0                . = ALIGN (0x4)

.init_array     0x000000000800e8d0        0x4
                0x000000000800e8d0                . = ALIGN (0x4)
                0x000000000800e8d0                PROVIDE (__init_array_start = .)
 *(SORT_BY_NAME(.init_array.*))
 *(.init_array*)
 .init_array    0x000000000800e8d0        0x4 c:/st/stm32cubeide_1.3.0/stm32cubeide/plugins/com.st.stm32cube.ide.mcu.externaltools.gnu-tools-for-stm32.9-2020-q2-update.win32_1.5.0.202011040924/tools/bin/../lib/gcc/arm-none-eabi/9.3.1/thumb/v7e-m+dp/hard/crtbegin.o
                0x000000000800e8d4                PROVIDE (__init_array_end = .)
                0x000000000800e8d4                . = ALIGN (0x4)

.fini_array     0x000000000800e8d4        0x4
                0x000000000800e8d4                . = ALIGN (0x4)
                [!provide]                        PROVIDE (__fini_array_start = .)
 *(SORT_BY_NAME(.fini_array.*))
 *(.fini_array*)
 .fini_array    0x000000000800e8d4        0x4 c:/st/stm32cubeide_1.3.0/stm32cubeide/plugins/com.st.stm32cube.ide.mcu.externaltools.gnu-tools-for-stm32.9-2020-q2-update.win32_1.5.0.202011040924/tools/bin/../lib/gcc/arm-none-eabi/9.3.1/thumb/v7e-m+dp/hard/crtbegin.o
                [!provide]                        PROVIDE (__fini_array_end = .)
                0x000000000800e8d8                . = ALIGN (0x4)
                0x000000000800e8d8                _sidata = LOADADDR (.data)

.data           0x0000000024000000     0x5878 load address 0x000000000800e8d8
                0x0000000024000000                . = ALIGN (0x4)
                0x0000000024000000                _sdata = .
 *(.data)
 *(.data*)
 .data.f_start_view
                0x0000000024000000        0x4 Core/Src/HUB_75.o
                0x0000000024000000                f_start_view
 .data.Fonts_16
                0x0000000024000004     0x4000 Core/Src/Napisy.o
                0x0000000024000004                Fonts_16
 .data.Pozdr_wsz
                0x0000000024004004     0x1000 Core/Src/PIXEL_MAPS.o
                0x0000000024004004                Pozdr_wsz
 .data.Quad_Pika
                0x0000000024005004      0x800 Core/Src/PIXEL_MAPS.o
                0x0000000024005004                Quad_Pika
 .data.SystemCoreClock
                0x0000000024005804        0x4 Core/Src/system_stm32h7xx.o
                0x0000000024005804                SystemCoreClock
 .data.SystemD2Clock
                0x0000000024005808        0x4 Core/Src/system_stm32h7xx.o
                0x0000000024005808                SystemD2Clock
 .data.uwTickPrio
                0x000000002400580c        0x4 Drivers/STM32H7xx_HAL_Driver/Src/stm32h7xx_hal.o
                0x000000002400580c                uwTickPrio
 .data.uwTickFreq
                0x0000000024005810        0x1 Drivers/STM32H7xx_HAL_Driver/Src/stm32h7xx_hal.o
                0x0000000024005810                uwTickFreq
 *fill*         0x0000000024005811        0x3 
 .data._impure_ptr
                0x0000000024005814        0x4 c:/st/stm32cubeide_1.3.0/stm32cubeide/plugins/com.st.stm32cube.ide.mcu.externaltools.gnu-tools-for-stm32.9-2020-q2-update.win32_1.5.0.202011040924/tools/bin/../lib/gcc/arm-none-eabi/9.3.1/../../../../arm-none-eabi/lib/thumb/v7e-m+dp/hard\libc_nano.a(lib_a-impure.o)
                0x0000000024005814                _impure_ptr
 .data.impure_data
                0x0000000024005818       0x60 c:/st/stm32cubeide_1.3.0/stm32cubeide/plugins/com.st.stm32cube.ide.mcu.externaltools.gnu-tools-for-stm32.9-2020-q2-update.win32_1.5.0.202011040924/tools/bin/../lib/gcc/arm-none-eabi/9.3.1/../../../../arm-none-eabi/lib/thumb/v7e-m+dp/hard\libc_nano.a(lib_a-impure.o)
                0x0000000024005878                . = ALIGN (0x4)
                0x0000000024005878                _edata = .

.igot.plt       0x0000000024005878        0x0 load address 0x0000000008014150
 .igot.plt      0x0000000024005878        0x0 c:/st/stm32cubeide_1.3.0/stm32cubeide/plugins/com.st.stm32cube.ide.mcu.externaltools.gnu-tools-for-stm32.9-2020-q2-update.win32_1.5.0.202011040924/tools/bin/../lib/gcc/arm-none-eabi/9.3.1/thumb/v7e-m+dp/hard/crtbegin.o
                0x0000000024005878                . = ALIGN (0x4)

.bss            0x0000000024005878     0xb67c load address 0x0000000008014150
                0x0000000024005878                _sbss = .
                0x0000000024005878                __bss_start__ = _sbss
 *(.bss)
 .bss           0x0000000024005878       0x1c c:/st/stm32cubeide_1.3.0/stm32cubeide/plugins/com.st.stm32cube.ide.mcu.externaltools.gnu-tools-for-stm32.9-2020-q2-update.win32_1.5.0.202011040924/tools/bin/../lib/gcc/arm-none-eabi/9.3.1/thumb/v7e-m+dp/hard/crtbegin.o
 *(.bss*)
 .bss.Conv_BP   0x0000000024005894     0x2710 Core/Src/HUB_75.o
                0x0000000024005894                Conv_BP
 .bss.OUT_B1    0x0000000024007fa4      0x9f6 Core/Src/HUB_75.o
                0x0000000024007fa4                OUT_B1
 *fill*         0x000000002400899a        0x2 
 .bss.OUT_B2    0x000000002400899c      0x9f6 Core/Src/HUB_75.o
                0x000000002400899c                OUT_B2
 *fill*         0x0000000024009392        0x2 
 .bss.k         0x0000000024009394        0x4 Core/Src/HUB_75.o
                0x0000000024009394                k
 .bss.l         0x0000000024009398        0x4 Core/Src/HUB_75.o
                0x0000000024009398                l
 .bss.LINIA     0x000000002400939c        0x4 Core/Src/HUB_75.o
                0x000000002400939c                LINIA
 .bss.zT_SCROLL
                0x00000000240093a0        0x4 Core/Src/HUB_75.o
                0x00000000240093a0                zT_SCROLL
 .bss.zT_View   0x00000000240093a4        0x4 Core/Src/HUB_75.o
                0x00000000240093a4                zT_View
 .bss.SedingBufor_Adr
                0x00000000240093a8        0x4 Core/Src/HUB_75.o
                0x00000000240093a8                SedingBufor_Adr
 .bss.Bufor_Send_Picker
                0x00000000240093ac        0x1 Core/Src/HUB_75.o
                0x00000000240093ac                Bufor_Send_Picker
 *fill*         0x00000000240093ad        0x3 
 .bss.miejsce_znaku
                0x00000000240093b0        0x4 Core/Src/Napisy.o
                0x00000000240093b0                miejsce_znaku
 .bss.p_mark    0x00000000240093b4        0x4 Core/Src/Napisy.o
                0x00000000240093b4                p_mark
 .bss.Zacznij_Wpr_Od
                0x00000000240093b8        0x4 Core/Src/Napisy.o
                0x00000000240093b8                Zacznij_Wpr_Od
 .bss.Created_By_UART_BMP
                0x00000000240093bc     0x2710 Core/Src/String_From_UART.o
                0x00000000240093bc                Created_By_UART_BMP
 .bss.Ilosc_Lini_tesktu
                0x000000002400bacc        0x4 Core/Src/String_From_UART.o
                0x000000002400bacc                Ilosc_Lini_tesktu
 .bss.Z_czasOtrzymania_tekstu
                0x000000002400bad0        0x4 Core/Src/String_From_UART.o
                0x000000002400bad0                Z_czasOtrzymania_tekstu
 .bss.t2        0x000000002400bad4        0x4 Core/Src/stm32h7xx_it.o
                0x000000002400bad4                t2
 .bss.__sbrk_heap_end
                0x000000002400bad8        0x4 Core/Src/sysmem.o
 .bss.__malloc_free_list
                0x000000002400badc        0x4 c:/st/stm32cubeide_1.3.0/stm32cubeide/plugins/com.st.stm32cube.ide.mcu.externaltools.gnu-tools-for-stm32.9-2020-q2-update.win32_1.5.0.202011040924/tools/bin/../lib/gcc/arm-none-eabi/9.3.1/../../../../arm-none-eabi/lib/thumb/v7e-m+dp/hard\libc_nano.a(lib_a-nano-mallocr.o)
                0x000000002400badc                __malloc_free_list
 .bss.__malloc_sbrk_start
                0x000000002400bae0        0x4 c:/st/stm32cubeide_1.3.0/stm32cubeide/plugins/com.st.stm32cube.ide.mcu.externaltools.gnu-tools-for-stm32.9-2020-q2-update.win32_1.5.0.202011040924/tools/bin/../lib/gcc/arm-none-eabi/9.3.1/../../../../arm-none-eabi/lib/thumb/v7e-m+dp/hard\libc_nano.a(lib_a-nano-mallocr.o)
                0x000000002400bae0                __malloc_sbrk_start
 *(COMMON)
 COMMON         0x000000002400bae4       0x40 Core/Src/HUB_75.o
                0x000000002400bae4                SCR_PROCESS
                0x000000002400bae5                My_Scr_Status
                0x000000002400bae8                start_view_by_time
                0x000000002400baec                sCommand
 COMMON         0x000000002400bb24      0x1cc Core/Src/LL_UART_TEO.o
                0x000000002400bb24                Thuart3
                0x000000002400bb4c                Tx_USART3
                0x000000002400bc28                Rx_USART3
 COMMON         0x000000002400bcf0     0x5064 Core/Src/Napisy.o
                0x000000002400bcf0                xoffset
                0x000000002400bcf4                x
                0x000000002400bcf8                yoffset
                0x000000002400bcfc                String_Buf_16
                0x0000000024010b1c                y
                0x0000000024010b20                height
                0x0000000024010b24                Font
                0x0000000024010d4c                xadvance
                0x0000000024010d50                width
 COMMON         0x0000000024010d54       0xb8 Core/Src/quadspi.o
                0x0000000024010d54                hmdma_quadspi_fifo_th
                0x0000000024010dc0                hqspi
 COMMON         0x0000000024010e0c       0x88 Core/Src/spi.o
                0x0000000024010e0c                hspi2
 COMMON         0x0000000024010e94       0x4c Core/Src/tim.o
                0x0000000024010e94                htim4
 COMMON         0x0000000024010ee0        0x4 Drivers/STM32H7xx_HAL_Driver/Src/stm32h7xx_hal.o
                0x0000000024010ee0                uwTick
 COMMON         0x0000000024010ee4        0x4 c:/st/stm32cubeide_1.3.0/stm32cubeide/plugins/com.st.stm32cube.ide.mcu.externaltools.gnu-tools-for-stm32.9-2020-q2-update.win32_1.5.0.202011040924/tools/bin/../lib/gcc/arm-none-eabi/9.3.1/../../../../arm-none-eabi/lib/thumb/v7e-m+dp/hard\libc_nano.a(lib_a-reent.o)
                0x0000000024010ee4                errno
 COMMON         0x0000000024010ee8        0x9 c:/st/stm32cubeide_1.3.0/stm32cubeide/plugins/com.st.stm32cube.ide.mcu.externaltools.gnu-tools-for-stm32.9-2020-q2-update.win32_1.5.0.202011040924/tools/bin/../lib/gcc/arm-none-eabi/9.3.1/../../../../arm-none-eabi/lib/thumb/v7e-m+dp/hard\libc_nano.a(lib_a-lock.o)
                0x0000000024010ee8                __lock___atexit_recursive_mutex
                0x0000000024010ee9                __lock___arc4random_mutex
                0x0000000024010eea                __lock___env_recursive_mutex
                0x0000000024010eeb                __lock___sinit_recursive_mutex
                0x0000000024010eec                __lock___malloc_recursive_mutex
                0x0000000024010eed                __lock___at_quick_exit_mutex
                0x0000000024010eee                __lock___dd_hash_mutex
                0x0000000024010eef                __lock___tz_mutex
                0x0000000024010ef0                __lock___sfp_recursive_mutex
                0x0000000024010ef4                . = ALIGN (0x4)
 *fill*         0x0000000024010ef1        0x3 
                0x0000000024010ef4                _ebss = .
                0x0000000024010ef4                __bss_end__ = _ebss

._user_heap_stack
                0x0000000024010ef4      0x604 load address 0x0000000008014150
                0x0000000024010ef8                . = ALIGN (0x8)
 *fill*         0x0000000024010ef4        0x4 
                [!provide]                        PROVIDE (end = .)
                0x0000000024010ef8                PROVIDE (_end = .)
                0x00000000240110f8                . = (. + _Min_Heap_Size)
 *fill*         0x0000000024010ef8      0x200 
                0x00000000240114f8                . = (. + _Min_Stack_Size)
 *fill*         0x00000000240110f8      0x400 
                0x00000000240114f8                . = ALIGN (0x8)

/DISCARD/
 libc.a(*)
 libm.a(*)
 libgcc.a(*)

.ARM.attributes
                0x0000000000000000       0x2e
 *(.ARM.attributes)
 .ARM.attributes
                0x0000000000000000       0x1e c:/st/stm32cubeide_1.3.0/stm32cubeide/plugins/com.st.stm32cube.ide.mcu.externaltools.gnu-tools-for-stm32.9-2020-q2-update.win32_1.5.0.202011040924/tools/bin/../lib/gcc/arm-none-eabi/9.3.1/thumb/v7e-m+dp/hard/crti.o
 .ARM.attributes
                0x000000000000001e       0x32 c:/st/stm32cubeide_1.3.0/stm32cubeide/plugins/com.st.stm32cube.ide.mcu.externaltools.gnu-tools-for-stm32.9-2020-q2-update.win32_1.5.0.202011040924/tools/bin/../lib/gcc/arm-none-eabi/9.3.1/thumb/v7e-m+dp/hard/crtbegin.o
 .ARM.attributes
                0x0000000000000050       0x32 Core/Src/HUB_75.o
 .ARM.attributes
                0x0000000000000082       0x32 Core/Src/LL_UART_TEO.o
 .ARM.attributes
                0x00000000000000b4       0x32 Core/Src/Napisy.o
 .ARM.attributes
                0x00000000000000e6       0x32 Core/Src/PIXEL_MAPS.o
 .ARM.attributes
                0x0000000000000118       0x32 Core/Src/String_From_UART.o
 .ARM.attributes
                0x000000000000014a       0x32 Core/Src/gpio.o
 .ARM.attributes
                0x000000000000017c       0x32 Core/Src/main.o
 .ARM.attributes
                0x00000000000001ae       0x32 Core/Src/mdma.o
 .ARM.attributes
                0x00000000000001e0       0x32 Core/Src/quadspi.o
 .ARM.attributes
                0x0000000000000212       0x32 Core/Src/spi.o
 .ARM.attributes
                0x0000000000000244       0x32 Core/Src/stm32h7xx_hal_msp.o
 .ARM.attributes
                0x0000000000000276       0x32 Core/Src/stm32h7xx_it.o
 .ARM.attributes
                0x00000000000002a8       0x32 Core/Src/sysmem.o
 .ARM.attributes
                0x00000000000002da       0x32 Core/Src/system_stm32h7xx.o
 .ARM.attributes
                0x000000000000030c       0x32 Core/Src/tim.o
 .ARM.attributes
                0x000000000000033e       0x32 Core/Src/usart.o
 .ARM.attributes
                0x0000000000000370       0x21 Core/Startup/startup_stm32h750vbtx.o
 .ARM.attributes
                0x0000000000000391       0x32 Drivers/STM32H7xx_HAL_Driver/Src/stm32h7xx_hal.o
 .ARM.attributes
                0x00000000000003c3       0x32 Drivers/STM32H7xx_HAL_Driver/Src/stm32h7xx_hal_cortex.o
 .ARM.attributes
                0x00000000000003f5       0x32 Drivers/STM32H7xx_HAL_Driver/Src/stm32h7xx_hal_gpio.o
 .ARM.attributes
                0x0000000000000427       0x32 Drivers/STM32H7xx_HAL_Driver/Src/stm32h7xx_hal_mdma.o
 .ARM.attributes
                0x0000000000000459       0x32 Drivers/STM32H7xx_HAL_Driver/Src/stm32h7xx_hal_pwr_ex.o
 .ARM.attributes
                0x000000000000048b       0x32 Drivers/STM32H7xx_HAL_Driver/Src/stm32h7xx_hal_qspi.o
 .ARM.attributes
                0x00000000000004bd       0x32 Drivers/STM32H7xx_HAL_Driver/Src/stm32h7xx_hal_rcc.o
 .ARM.attributes
                0x00000000000004ef       0x32 Drivers/STM32H7xx_HAL_Driver/Src/stm32h7xx_hal_rcc_ex.o
 .ARM.attributes
                0x0000000000000521       0x32 Drivers/STM32H7xx_HAL_Driver/Src/stm32h7xx_hal_spi.o
 .ARM.attributes
                0x0000000000000553       0x32 Drivers/STM32H7xx_HAL_Driver/Src/stm32h7xx_hal_tim.o
 .ARM.attributes
                0x0000000000000585       0x32 Drivers/STM32H7xx_HAL_Driver/Src/stm32h7xx_hal_tim_ex.o
 .ARM.attributes
                0x00000000000005b7       0x32 Drivers/STM32H7xx_HAL_Driver/Src/stm32h7xx_ll_gpio.o
 .ARM.attributes
                0x00000000000005e9       0x32 Drivers/STM32H7xx_HAL_Driver/Src/stm32h7xx_ll_rcc.o
 .ARM.attributes
                0x000000000000061b       0x32 Drivers/STM32H7xx_HAL_Driver/Src/stm32h7xx_ll_tim.o
 .ARM.attributes
                0x000000000000064d       0x32 Drivers/STM32H7xx_HAL_Driver/Src/stm32h7xx_ll_usart.o
 .ARM.attributes
                0x000000000000067f       0x32 c:/st/stm32cubeide_1.3.0/stm32cubeide/plugins/com.st.stm32cube.ide.mcu.externaltools.gnu-tools-for-stm32.9-2020-q2-update.win32_1.5.0.202011040924/tools/bin/../lib/gcc/arm-none-eabi/9.3.1/../../../../arm-none-eabi/lib/thumb/v7e-m+dp/hard\libc_nano.a(lib_a-errno.o)
 .ARM.attributes
                0x00000000000006b1       0x30 c:/st/stm32cubeide_1.3.0/stm32cubeide/plugins/com.st.stm32cube.ide.mcu.externaltools.gnu-tools-for-stm32.9-2020-q2-update.win32_1.5.0.202011040924/tools/bin/../lib/gcc/arm-none-eabi/9.3.1/../../../../arm-none-eabi/lib/thumb/v7e-m+dp/hard\libc_nano.a(lib_a-impure.o)
 .ARM.attributes
                0x00000000000006e1       0x32 c:/st/stm32cubeide_1.3.0/stm32cubeide/plugins/com.st.stm32cube.ide.mcu.externaltools.gnu-tools-for-stm32.9-2020-q2-update.win32_1.5.0.202011040924/tools/bin/../lib/gcc/arm-none-eabi/9.3.1/../../../../arm-none-eabi/lib/thumb/v7e-m+dp/hard\libc_nano.a(lib_a-init.o)
 .ARM.attributes
                0x0000000000000713       0x32 c:/st/stm32cubeide_1.3.0/stm32cubeide/plugins/com.st.stm32cube.ide.mcu.externaltools.gnu-tools-for-stm32.9-2020-q2-update.win32_1.5.0.202011040924/tools/bin/../lib/gcc/arm-none-eabi/9.3.1/../../../../arm-none-eabi/lib/thumb/v7e-m+dp/hard\libc_nano.a(lib_a-memset.o)
 .ARM.attributes
                0x0000000000000745       0x32 c:/st/stm32cubeide_1.3.0/stm32cubeide/plugins/com.st.stm32cube.ide.mcu.externaltools.gnu-tools-for-stm32.9-2020-q2-update.win32_1.5.0.202011040924/tools/bin/../lib/gcc/arm-none-eabi/9.3.1/../../../../arm-none-eabi/lib/thumb/v7e-m+dp/hard\libc_nano.a(lib_a-sprintf.o)
 .ARM.attributes
                0x0000000000000777       0x32 c:/st/stm32cubeide_1.3.0/stm32cubeide/plugins/com.st.stm32cube.ide.mcu.externaltools.gnu-tools-for-stm32.9-2020-q2-update.win32_1.5.0.202011040924/tools/bin/../lib/gcc/arm-none-eabi/9.3.1/../../../../arm-none-eabi/lib/thumb/v7e-m+dp/hard\libc_nano.a(lib_a-nano-svfprintf.o)
 .ARM.attributes
                0x00000000000007a9       0x32 c:/st/stm32cubeide_1.3.0/stm32cubeide/plugins/com.st.stm32cube.ide.mcu.externaltools.gnu-tools-for-stm32.9-2020-q2-update.win32_1.5.0.202011040924/tools/bin/../lib/gcc/arm-none-eabi/9.3.1/../../../../arm-none-eabi/lib/thumb/v7e-m+dp/hard\libc_nano.a(lib_a-nano-vfprintf_i.o)
 .ARM.attributes
                0x00000000000007db       0x1c c:/st/stm32cubeide_1.3.0/stm32cubeide/plugins/com.st.stm32cube.ide.mcu.externaltools.gnu-tools-for-stm32.9-2020-q2-update.win32_1.5.0.202011040924/tools/bin/../lib/gcc/arm-none-eabi/9.3.1/../../../../arm-none-eabi/lib/thumb/v7e-m+dp/hard\libc_nano.a(lib_a-memchr.o)
 .ARM.attributes
                0x00000000000007f7       0x32 c:/st/stm32cubeide_1.3.0/stm32cubeide/plugins/com.st.stm32cube.ide.mcu.externaltools.gnu-tools-for-stm32.9-2020-q2-update.win32_1.5.0.202011040924/tools/bin/../lib/gcc/arm-none-eabi/9.3.1/../../../../arm-none-eabi/lib/thumb/v7e-m+dp/hard\libc_nano.a(lib_a-memcpy-stub.o)
 .ARM.attributes
                0x0000000000000829       0x32 c:/st/stm32cubeide_1.3.0/stm32cubeide/plugins/com.st.stm32cube.ide.mcu.externaltools.gnu-tools-for-stm32.9-2020-q2-update.win32_1.5.0.202011040924/tools/bin/../lib/gcc/arm-none-eabi/9.3.1/../../../../arm-none-eabi/lib/thumb/v7e-m+dp/hard\libc_nano.a(lib_a-memmove.o)
 .ARM.attributes
                0x000000000000085b       0x32 c:/st/stm32cubeide_1.3.0/stm32cubeide/plugins/com.st.stm32cube.ide.mcu.externaltools.gnu-tools-for-stm32.9-2020-q2-update.win32_1.5.0.202011040924/tools/bin/../lib/gcc/arm-none-eabi/9.3.1/../../../../arm-none-eabi/lib/thumb/v7e-m+dp/hard\libc_nano.a(lib_a-nano-freer.o)
 .ARM.attributes
                0x000000000000088d       0x32 c:/st/stm32cubeide_1.3.0/stm32cubeide/plugins/com.st.stm32cube.ide.mcu.externaltools.gnu-tools-for-stm32.9-2020-q2-update.win32_1.5.0.202011040924/tools/bin/../lib/gcc/arm-none-eabi/9.3.1/../../../../arm-none-eabi/lib/thumb/v7e-m+dp/hard\libc_nano.a(lib_a-nano-mallocr.o)
 .ARM.attributes
                0x00000000000008bf       0x32 c:/st/stm32cubeide_1.3.0/stm32cubeide/plugins/com.st.stm32cube.ide.mcu.externaltools.gnu-tools-for-stm32.9-2020-q2-update.win32_1.5.0.202011040924/tools/bin/../lib/gcc/arm-none-eabi/9.3.1/../../../../arm-none-eabi/lib/thumb/v7e-m+dp/hard\libc_nano.a(lib_a-nano-reallocr.o)
 .ARM.attributes
                0x00000000000008f1       0x32 c:/st/stm32cubeide_1.3.0/stm32cubeide/plugins/com.st.stm32cube.ide.mcu.externaltools.gnu-tools-for-stm32.9-2020-q2-update.win32_1.5.0.202011040924/tools/bin/../lib/gcc/arm-none-eabi/9.3.1/../../../../arm-none-eabi/lib/thumb/v7e-m+dp/hard\libc_nano.a(lib_a-sbrkr.o)
 .ARM.attributes
                0x0000000000000923       0x32 c:/st/stm32cubeide_1.3.0/stm32cubeide/plugins/com.st.stm32cube.ide.mcu.externaltools.gnu-tools-for-stm32.9-2020-q2-update.win32_1.5.0.202011040924/tools/bin/../lib/gcc/arm-none-eabi/9.3.1/../../../../arm-none-eabi/lib/thumb/v7e-m+dp/hard\libc_nano.a(lib_a-mlock.o)
 .ARM.attributes
                0x0000000000000955       0x32 c:/st/stm32cubeide_1.3.0/stm32cubeide/plugins/com.st.stm32cube.ide.mcu.externaltools.gnu-tools-for-stm32.9-2020-q2-update.win32_1.5.0.202011040924/tools/bin/../lib/gcc/arm-none-eabi/9.3.1/../../../../arm-none-eabi/lib/thumb/v7e-m+dp/hard\libc_nano.a(lib_a-nano-msizer.o)
 .ARM.attributes
                0x0000000000000987       0x32 c:/st/stm32cubeide_1.3.0/stm32cubeide/plugins/com.st.stm32cube.ide.mcu.externaltools.gnu-tools-for-stm32.9-2020-q2-update.win32_1.5.0.202011040924/tools/bin/../lib/gcc/arm-none-eabi/9.3.1/../../../../arm-none-eabi/lib/thumb/v7e-m+dp/hard\libc_nano.a(lib_a-reent.o)
 .ARM.attributes
                0x00000000000009b9       0x32 c:/st/stm32cubeide_1.3.0/stm32cubeide/plugins/com.st.stm32cube.ide.mcu.externaltools.gnu-tools-for-stm32.9-2020-q2-update.win32_1.5.0.202011040924/tools/bin/../lib/gcc/arm-none-eabi/9.3.1/../../../../arm-none-eabi/lib/thumb/v7e-m+dp/hard\libc_nano.a(lib_a-lock.o)
 .ARM.attributes
                0x00000000000009eb       0x1e c:/st/stm32cubeide_1.3.0/stm32cubeide/plugins/com.st.stm32cube.ide.mcu.externaltools.gnu-tools-for-stm32.9-2020-q2-update.win32_1.5.0.202011040924/tools/bin/../lib/gcc/arm-none-eabi/9.3.1/thumb/v7e-m+dp/hard/crtn.o
OUTPUT(WYSWTLACZ_HUB75.elf elf32-littlearm)
LOAD linker stubs
LOAD c:/st/stm32cubeide_1.3.0/stm32cubeide/plugins/com.st.stm32cube.ide.mcu.externaltools.gnu-tools-for-stm32.9-2020-q2-update.win32_1.5.0.202011040924/tools/bin/../lib/gcc/arm-none-eabi/9.3.1/../../../../arm-none-eabi/lib/thumb/v7e-m+dp/hard\libc.a
LOAD c:/st/stm32cubeide_1.3.0/stm32cubeide/plugins/com.st.stm32cube.ide.mcu.externaltools.gnu-tools-for-stm32.9-2020-q2-update.win32_1.5.0.202011040924/tools/bin/../lib/gcc/arm-none-eabi/9.3.1/../../../../arm-none-eabi/lib/thumb/v7e-m+dp/hard\libm.a
LOAD c:/st/stm32cubeide_1.3.0/stm32cubeide/plugins/com.st.stm32cube.ide.mcu.externaltools.gnu-tools-for-stm32.9-2020-q2-update.win32_1.5.0.202011040924/tools/bin/../lib/gcc/arm-none-eabi/9.3.1/thumb/v7e-m+dp/hard\libgcc.a

.debug_info     0x0000000000000000    0x33121
 .debug_info    0x0000000000000000     0x224d Core/Src/HUB_75.o
 .debug_info    0x000000000000224d     0x1233 Core/Src/LL_UART_TEO.o
 .debug_info    0x0000000000003480     0x123c Core/Src/Napisy.o
 .debug_info    0x00000000000046bc      0xc66 Core/Src/PIXEL_MAPS.o
 .debug_info    0x0000000000005322     0x1014 Core/Src/String_From_UART.o
 .debug_info    0x0000000000006336     0x11c1 Core/Src/gpio.o
 .debug_info    0x00000000000074f7     0x30c6 Core/Src/main.o
 .debug_info    0x000000000000a5bd     0x1396 Core/Src/mdma.o
 .debug_info    0x000000000000b953     0x1bac Core/Src/quadspi.o
 .debug_info    0x000000000000d4ff     0x18a0 Core/Src/spi.o
 .debug_info    0x000000000000ed9f     0x1009 Core/Src/stm32h7xx_hal_msp.o
 .debug_info    0x000000000000fda8     0x17c2 Core/Src/stm32h7xx_it.o
 .debug_info    0x000000000001156a      0xa25 Core/Src/sysmem.o
 .debug_info    0x0000000000011f8f     0x1468 Core/Src/system_stm32h7xx.o
 .debug_info    0x00000000000133f7     0x24f7 Core/Src/tim.o
 .debug_info    0x00000000000158ee     0x206c Core/Src/usart.o
 .debug_info    0x000000000001795a       0x22 Core/Startup/startup_stm32h750vbtx.o
 .debug_info    0x000000000001797c     0x1f64 Drivers/STM32H7xx_HAL_Driver/Src/stm32h7xx_hal.o
 .debug_info    0x00000000000198e0     0x1bda Drivers/STM32H7xx_HAL_Driver/Src/stm32h7xx_hal_cortex.o
 .debug_info    0x000000000001b4ba     0x17bf Drivers/STM32H7xx_HAL_Driver/Src/stm32h7xx_hal_gpio.o
 .debug_info    0x000000000001cc79     0x16c6 Drivers/STM32H7xx_HAL_Driver/Src/stm32h7xx_hal_mdma.o
 .debug_info    0x000000000001e33f     0x1b06 Drivers/STM32H7xx_HAL_Driver/Src/stm32h7xx_hal_pwr_ex.o
 .debug_info    0x000000000001fe45     0x1d6a Drivers/STM32H7xx_HAL_Driver/Src/stm32h7xx_hal_qspi.o
 .debug_info    0x0000000000021baf     0x192a Drivers/STM32H7xx_HAL_Driver/Src/stm32h7xx_hal_rcc.o
 .debug_info    0x00000000000234d9     0x1cc2 Drivers/STM32H7xx_HAL_Driver/Src/stm32h7xx_hal_rcc_ex.o
 .debug_info    0x000000000002519b     0x1fa0 Drivers/STM32H7xx_HAL_Driver/Src/stm32h7xx_hal_spi.o
 .debug_info    0x000000000002713b     0x3612 Drivers/STM32H7xx_HAL_Driver/Src/stm32h7xx_hal_tim.o
 .debug_info    0x000000000002a74d     0x21a8 Drivers/STM32H7xx_HAL_Driver/Src/stm32h7xx_hal_tim_ex.o
 .debug_info    0x000000000002c8f5     0x1390 Drivers/STM32H7xx_HAL_Driver/Src/stm32h7xx_ll_gpio.o
 .debug_info    0x000000000002dc85     0x2281 Drivers/STM32H7xx_HAL_Driver/Src/stm32h7xx_ll_rcc.o
 .debug_info    0x000000000002ff06     0x1dd7 Drivers/STM32H7xx_HAL_Driver/Src/stm32h7xx_ll_tim.o
 .debug_info    0x0000000000031cdd     0x1444 Drivers/STM32H7xx_HAL_Driver/Src/stm32h7xx_ll_usart.o

.debug_abbrev   0x0000000000000000     0x5639
 .debug_abbrev  0x0000000000000000      0x38c Core/Src/HUB_75.o
 .debug_abbrev  0x000000000000038c      0x2ed Core/Src/LL_UART_TEO.o
 .debug_abbrev  0x0000000000000679      0x2f9 Core/Src/Napisy.o
 .debug_abbrev  0x0000000000000972      0x200 Core/Src/PIXEL_MAPS.o
 .debug_abbrev  0x0000000000000b72      0x299 Core/Src/String_From_UART.o
 .debug_abbrev  0x0000000000000e0b      0x229 Core/Src/gpio.o
 .debug_abbrev  0x0000000000001034      0x2f2 Core/Src/main.o
 .debug_abbrev  0x0000000000001326      0x20f Core/Src/mdma.o
 .debug_abbrev  0x0000000000001535      0x278 Core/Src/quadspi.o
 .debug_abbrev  0x00000000000017ad      0x265 Core/Src/spi.o
 .debug_abbrev  0x0000000000001a12      0x20f Core/Src/stm32h7xx_hal_msp.o
 .debug_abbrev  0x0000000000001c21      0x282 Core/Src/stm32h7xx_it.o
 .debug_abbrev  0x0000000000001ea3      0x1bf Core/Src/sysmem.o
 .debug_abbrev  0x0000000000002062      0x251 Core/Src/system_stm32h7xx.o
 .debug_abbrev  0x00000000000022b3      0x2fb Core/Src/tim.o
 .debug_abbrev  0x00000000000025ae      0x2a3 Core/Src/usart.o
 .debug_abbrev  0x0000000000002851       0x12 Core/Startup/startup_stm32h750vbtx.o
 .debug_abbrev  0x0000000000002863      0x31b Drivers/STM32H7xx_HAL_Driver/Src/stm32h7xx_hal.o
 .debug_abbrev  0x0000000000002b7e      0x409 Drivers/STM32H7xx_HAL_Driver/Src/stm32h7xx_hal_cortex.o
 .debug_abbrev  0x0000000000002f87      0x2cb Drivers/STM32H7xx_HAL_Driver/Src/stm32h7xx_hal_gpio.o
 .debug_abbrev  0x0000000000003252      0x29c Drivers/STM32H7xx_HAL_Driver/Src/stm32h7xx_hal_mdma.o
 .debug_abbrev  0x00000000000034ee      0x350 Drivers/STM32H7xx_HAL_Driver/Src/stm32h7xx_hal_pwr_ex.o
 .debug_abbrev  0x000000000000383e      0x2e6 Drivers/STM32H7xx_HAL_Driver/Src/stm32h7xx_hal_qspi.o
 .debug_abbrev  0x0000000000003b24      0x322 Drivers/STM32H7xx_HAL_Driver/Src/stm32h7xx_hal_rcc.o
 .debug_abbrev  0x0000000000003e46      0x31d Drivers/STM32H7xx_HAL_Driver/Src/stm32h7xx_hal_rcc_ex.o
 .debug_abbrev  0x0000000000004163      0x313 Drivers/STM32H7xx_HAL_Driver/Src/stm32h7xx_hal_spi.o