14:36:25 **** Incremental Build of configuration Debug for project SSD1306_DemoMenuOn_My_ownGFX ****
make -j8 all 
arm-none-eabi-size   SSD1306_DemoMenuOn_My_ownGFX.elf 
   text	   data	    bss	    dec	    hex	filename
 130420	    500	  19064	 149984	  249e0	SSD1306_DemoMenuOn_My_ownGFX.elf
Finished building: default.size.stdout
 
14:36:30 **** Incremental Build of configuration Debug for project SSD1306_DemoMenuOn_My_ownGFX ****
make -j8 all 
arm-none-eabi-size   SSD1306_DemoMenuOn_My_ownGFX.elf 
   text	   data	    bss	    dec	    hex	filename
 130420	    500	  19064	 149984	  249e0	SSD1306_DemoMenuOn_My_ownGFX.elf
Finished building: default.size.stdout
 
14:38:05 **** Incremental Build of configuration Debug for project SSD1306_DemoMenuOn_My_ownGFX ****
make -j8 all 
arm-none-eabi-gcc "../Core/Src/OLED_SSD1306_Task.c" -mcpu=cortex-m3 -std=gnu11 -g3 -DDEBUG -DARM_MATH_CM3 -DUSE_HAL_DRIVER -DSTM32F103xB -c -I../Drivers/CMSIS/DSP/Include -I../Core/Inc -I../Drivers/STM32F1xx_HAL_Driver/Inc -I../Drivers/STM32F1xx_HAL_Driver/Inc/Legacy -I../Drivers/CMSIS/Device/ST/STM32F1xx/Include -I../Drivers/CMSIS/Include -O1 -ffunction-sections -fdata-sections -Wall -fstack-usage -MMD -MP -MF"Core/Src/OLED_SSD1306_Task.d" -MT"Core/Src/OLED_SSD1306_Task.o" --specs=nano.specs -mfloat-abi=soft -mthumb -o "Core/Src/OLED_SSD1306_Task.o"
../Core/Src/OLED_SSD1306_Task.c: In function 'OLED_PickButton_Task':
../Core/Src/OLED_SSD1306_Task.c:225:4: error: 'WindowVerScrH' undeclared (first use in this function)
  225 |    WindowVerScrH      = GFX_CreateWindow(120,32);
      |    ^~~~~~~~~~~~~
../Core/Src/OLED_SSD1306_Task.c:225:4: note: each undeclared identifier is reported only once for each function it appears in
../Core/Src/OLED_SSD1306_Task.c:226:4: error: 'WindowVerScr' undeclared (first use in this function)
  226 |    WindowVerScr  = GFX_CreateWindow(120,16);
      |    ^~~~~~~~~~~~
../Core/Src/OLED_SSD1306_Task.c:227:4: error: 'WindowHorScrH' undeclared (first use in this function)
  227 |    WindowHorScrH  = GFX_CreateWindow(80,16);
      |    ^~~~~~~~~~~~~
../Core/Src/OLED_SSD1306_Task.c:228:4: error: 'WindowHorScr' undeclared (first use in this function)
  228 |    WindowHorScr  = GFX_CreateWindow(80,16);
      |    ^~~~~~~~~~~~
../Core/Src/OLED_SSD1306_Task.c:229:4: error: 'WindowVerStr' undeclared (first use in this function)
  229 |    WindowVerStr = GFX_CreateWindow(80,16);
      |    ^~~~~~~~~~~~
../Core/Src/OLED_SSD1306_Task.c:230:4: error: 'WindowVerStrH' undeclared (first use in this function)
  230 |    WindowVerStrH = GFX_CreateWindow(80,16);
      |    ^~~~~~~~~~~~~
../Core/Src/OLED_SSD1306_Task.c: In function 'OLED_EXTI_CallBack':
../Core/Src/OLED_SSD1306_Task.c:449:46: error: 'TSOP4836' undeclared (first use in this function)
  449 |   RC5_IR_EXTI_GPIO_ReceiveAndDecodeFunction(&TSOP4836);
      |                                              ^~~~~~~~
../Core/Src/OLED_SSD1306_Task.c: In function 'DrawGFXDemo':
../Core/Src/OLED_SSD1306_Task.c:512:19: error: 'WindowVerStrH' undeclared (first use in this function)
  512 |    GFX_DrawString(WindowVerStrH,0,0, "PIONOWO  ", WHITE, BLACK);
      |                   ^~~~~~~~~~~~~
../Core/Src/OLED_SSD1306_Task.c:516:47: error: 'WindowVerStr' undeclared (first use in this function)
  516 |       GFX_Window_VerScrollFlow(WindowVerStrH, WindowVerStr , 8, 40, WHITE, 55,scrollprocessStr,1);
      |                                               ^~~~~~~~~~~~
../Core/Src/OLED_SSD1306_Task.c:525:22: error: 'WindowVerScrH' undeclared (first use in this function)
  525 |       GFX_DrawString(WindowVerScrH,0,0, "POZDRAWIAM ALLS", WHITE, BLACK);
      |                      ^~~~~~~~~~~~~
../Core/Src/OLED_SSD1306_Task.c:529:48: error: 'WindowVerScr' undeclared (first use in this function)
  529 |        GFX_Window_VerScrollFlow(WindowVerScrH, WindowVerScr , 120, 16, 1, 16,scrollprocessVer,1);
      |                                                ^~~~~~~~~~~~
../Core/Src/OLED_SSD1306_Task.c:538:20: error: 'WindowHorScrH' undeclared (first use in this function)
  538 |     GFX_DrawString(WindowHorScrH,0,0, "Teodor Test", WHITE, BLACK);
      |                    ^~~~~~~~~~~~~
../Core/Src/OLED_SSD1306_Task.c:541:50: error: 'WindowHorScr' undeclared (first use in this function)
  541 |        GFX_Window_Hor_ScrollRight(WindowHorScrH, WindowHorScr,60, 8,1, 70,scrollprocessHor);
      |                                                  ^~~~~~~~~~~~
../Core/Src/OLED_SSD1306_Task.c: In function 'DrawBMP280Sensor':
../Core/Src/OLED_SSD1306_Task.c:560:24: error: 'temperature' undeclared (first use in this function)
  560 |   sprintf(strhbuf,"%f",temperature);
      |                        ^~~~~~~~~~~
../Core/Src/OLED_SSD1306_Task.c:563:25: error: 'pressure' undeclared (first use in this function)
  563 |   sprintf(strhbuf,"%lu",pressure);
      |                         ^~~~~~~~
../Core/Src/OLED_SSD1306_Task.c: In function 'DrawHCSR04':
../Core/Src/OLED_SSD1306_Task.c:578:31: error: 'DistanceHCS04' undeclared (first use in this function)
  578 |   sprintf(strhbuf,"%.2f\n\r", DistanceHCS04);
      |                               ^~~~~~~~~~~~~
../Core/Src/OLED_SSD1306_Task.c: In function 'DrawRC5_TSOP4438':
../Core/Src/OLED_SSD1306_Task.c:598:28: error: 'TSOP_NormRecData' undeclared (first use in this function)
  598 |   sprintf(strhbuf,"0x %x", TSOP_NormRecData);
      |                            ^~~~~~~~~~~~~~~~
../Core/Src/OLED_SSD1306_Task.c: In function 'DrawMPU6050':
../Core/Src/OLED_SSD1306_Task.c:612:29: error: 'MPU6050' undeclared (first use in this function); did you mean 'MPU6050_t'?
  612 |   sprintf(strhbuf,"T:%.2f", MPU6050.Temperature);
      |                             ^~~~~~~
      |                             MPU6050_t
../Core/Src/OLED_SSD1306_Task.c: In function 'DrawMFRC522':
../Core/Src/OLED_SSD1306_Task.c:643:46: error: 'UID' undeclared (first use in this function)
  643 |   sprintf(strhbuf,"%02X:%02X:%02X:%02X:%02X",UID[0],UID[1],UID[2],UID[3],UID[4]);
      |                                              ^~~
../Core/Src/OLED_SSD1306_Task.c:647:25: error: 'R' undeclared (first use in this function)
  647 |   sprintf(strhbuf,"%s", R);
      |                         ^
../Core/Src/OLED_SSD1306_Task.c: In function 'mMFRC522ReadBlock':
../Core/Src/OLED_SSD1306_Task.c:655:35: error: 'str' undeclared (first use in this function)
  655 |  if((MFRC522_Request(PICC_REQIDL, str)==MFRC522_OK))
      |                                   ^~~
../Core/Src/OLED_SSD1306_Task.c:659:11: error: 'UID' undeclared (first use in this function)
  659 |    memcpy(UID, str, 5);
      |           ^~~
../Core/Src/OLED_SSD1306_Task.c:661:34: error: 'FACTORY_KEY' undeclared (first use in this function)
  661 |    MFRC522_Auth(PICC_AUTHENT1A,2,FACTORY_KEY,UID);
      |                                  ^~~~~~~~~~~
../Core/Src/OLED_SSD1306_Task.c:663:26: error: 'R' undeclared (first use in this function)
  663 |    MFRC522_ReadBlock( 2, R);
      |                          ^
../Core/Src/OLED_SSD1306_Task.c: In function 'CalculateFFT':
../Core/Src/OLED_SSD1306_Task.c:673:5: error: 'MicrophoneDataReady' undeclared (first use in this function)
  673 |  if(MicrophoneDataReady)
      |     ^~~~~~~~~~~~~~~~~~~
../Core/Src/OLED_SSD1306_Task.c: In function 'ADC_MicrophoneConvCpltCallBack':
../Core/Src/OLED_SSD1306_Task.c:733:2: error: 'MicrophoneDataReady' undeclared (first use in this function)
  733 |  MicrophoneDataReady=1;
      |  ^~~~~~~~~~~~~~~~~~~
make: *** [Core/Src/subdir.mk:91: Core/Src/OLED_SSD1306_Task.o] Error 1
"make -j8 all" terminated with exit code 2. Build might be incomplete.
14:38:39 **** Incremental Build of configuration Debug for project SSD1306_DemoMenuOn_My_ownGFX ****
make -j8 all 
arm-none-eabi-gcc "../Core/Src/OLED_SSD1306_Task.c" -mcpu=cortex-m3 -std=gnu11 -g3 -DDEBUG -DARM_MATH_CM3 -DUSE_HAL_DRIVER -DSTM32F103xB -c -I../Drivers/CMSIS/DSP/Include -I../Core/Inc -I../Drivers/STM32F1xx_HAL_Driver/Inc -I../Drivers/STM32F1xx_HAL_Driver/Inc/Legacy -I../Drivers/CMSIS/Device/ST/STM32F1xx/Include -I../Drivers/CMSIS/Include -O1 -ffunction-sections -fdata-sections -Wall -fstack-usage -MMD -MP -MF"Core/Src/OLED_SSD1306_Task.d" -MT"Core/Src/OLED_SSD1306_Task.o" --specs=nano.specs -mfloat-abi=soft -mthumb -o "Core/Src/OLED_SSD1306_Task.o"
../Core/Src/OLED_SSD1306_Task.c: In function 'DrawMFRC522':
../Core/Src/OLED_SSD1306_Task.c:643:46: error: 'UID' undeclared (first use in this function)
  643 |   sprintf(strhbuf,"%02X:%02X:%02X:%02X:%02X",UID[0],UID[1],UID[2],UID[3],UID[4]);
      |                                              ^~~
../Core/Src/OLED_SSD1306_Task.c:643:46: note: each undeclared identifier is reported only once for each function it appears in
../Core/Src/OLED_SSD1306_Task.c:647:25: error: 'R' undeclared (first use in this function)
  647 |   sprintf(strhbuf,"%s", R);
      |                         ^
../Core/Src/OLED_SSD1306_Task.c: In function 'mMFRC522ReadBlock':
../Core/Src/OLED_SSD1306_Task.c:655:35: error: 'str' undeclared (first use in this function)
  655 |  if((MFRC522_Request(PICC_REQIDL, str)==MFRC522_OK))
      |                                   ^~~
../Core/Src/OLED_SSD1306_Task.c:659:11: error: 'UID' undeclared (first use in this function)
  659 |    memcpy(UID, str, 5);
      |           ^~~
../Core/Src/OLED_SSD1306_Task.c:661:34: error: 'FACTORY_KEY' undeclared (first use in this function)
  661 |    MFRC522_Auth(PICC_AUTHENT1A,2,FACTORY_KEY,UID);
      |                                  ^~~~~~~~~~~
../Core/Src/OLED_SSD1306_Task.c:663:26: error: 'R' undeclared (first use in this function)
  663 |    MFRC522_ReadBlock( 2, R);
      |                          ^
../Core/Src/OLED_SSD1306_Task.c: In function 'CalculateFFT':
../Core/Src/OLED_SSD1306_Task.c:673:5: error: 'MicrophoneDataReady' undeclared (first use in this function)
  673 |  if(MicrophoneDataReady)
      |     ^~~~~~~~~~~~~~~~~~~
../Core/Src/OLED_SSD1306_Task.c: In function 'ADC_MicrophoneConvCpltCallBack':
../Core/Src/OLED_SSD1306_Task.c:733:2: error: 'MicrophoneDataReady' undeclared (first use in this function)
  733 |  MicrophoneDataReady=1;
      |  ^~~~~~~~~~~~~~~~~~~
make: *** [Core/Src/subdir.mk:91: Core/Src/OLED_SSD1306_Task.o] Error 1
"make -j8 all" terminated with exit code 2. Build might be incomplete.
14:38:52 **** Incremental Build of configuration Debug for project SSD1306_DemoMenuOn_My_ownGFX ****
make -j8 all 
arm-none-eabi-gcc "../Core/Src/OLED_SSD1306_Task.c" -mcpu=cortex-m3 -std=gnu11 -g3 -DDEBUG -DARM_MATH_CM3 -DUSE_HAL_DRIVER -DSTM32F103xB -c -I../Drivers/CMSIS/DSP/Include -I../Core/Inc -I../Drivers/STM32F1xx_HAL_Driver/Inc -I../Drivers/STM32F1xx_HAL_Driver/Inc/Legacy -I../Drivers/CMSIS/Device/ST/STM32F1xx/Include -I../Drivers/CMSIS/Include -O1 -ffunction-sections -fdata-sections -Wall -fstack-usage -MMD -MP -MF"Core/Src/OLED_SSD1306_Task.d" -MT"Core/Src/OLED_SSD1306_Task.o" --specs=nano.specs -mfloat-abi=soft -mthumb -o "Core/Src/OLED_SSD1306_Task.o"
../Core/Src/OLED_SSD1306_Task.c: In function 'DrawMFRC522':
../Core/Src/OLED_SSD1306_Task.c:643:46: error: 'UID' undeclared (first use in this function)
  643 |   sprintf(strhbuf,"%02X:%02X:%02X:%02X:%02X",UID[0],UID[1],UID[2],UID[3],UID[4]);
      |                                              ^~~
../Core/Src/OLED_SSD1306_Task.c:643:46: note: each undeclared identifier is reported only once for each function it appears in
../Core/Src/OLED_SSD1306_Task.c:647:25: error: 'R' undeclared (first use in this function)
  647 |   sprintf(strhbuf,"%s", R);
      |                         ^
../Core/Src/OLED_SSD1306_Task.c: In function 'mMFRC522ReadBlock':
../Core/Src/OLED_SSD1306_Task.c:655:35: error: 'str' undeclared (first use in this function)
  655 |  if((MFRC522_Request(PICC_REQIDL, str)==MFRC522_OK))
      |                                   ^~~
../Core/Src/OLED_SSD1306_Task.c:659:11: error: 'UID' undeclared (first use in this function)
  659 |    memcpy(UID, str, 5);
      |           ^~~
../Core/Src/OLED_SSD1306_Task.c:661:34: error: 'FACTORY_KEY' undeclared (first use in this function)
  661 |    MFRC522_Auth(PICC_AUTHENT1A,2,FACTORY_KEY,UID);
      |                                  ^~~~~~~~~~~
../Core/Src/OLED_SSD1306_Task.c:663:26: error: 'R' undeclared (first use in this function)
  663 |    MFRC522_ReadBlock( 2, R);
      |                          ^
../Core/Src/OLED_SSD1306_Task.c: In function 'CalculateFFT':
../Core/Src/OLED_SSD1306_Task.c:673:5: error: 'MicrophoneDataReady' undeclared (first use in this function)
  673 |  if(MicrophoneDataReady)
      |     ^~~~~~~~~~~~~~~~~~~
../Core/Src/OLED_SSD1306_Task.c: In function 'ADC_MicrophoneConvCpltCallBack':
../Core/Src/OLED_SSD1306_Task.c:733:2: error: 'MicrophoneDataReady' undeclared (first use in this function)
  733 |  MicrophoneDataReady=1;
      |  ^~~~~~~~~~~~~~~~~~~
make: *** [Core/Src/subdir.mk:91: Core/Src/OLED_SSD1306_Task.o] Error 1
"make -j8 all" terminated with exit code 2. Build might be incomplete.
14:38:58 **** Incremental Build of configuration Debug for project SSD1306_DemoMenuOn_My_ownGFX ****
make -j8 all 
arm-none-eabi-gcc "../Core/Src/OLED_SSD1306_Task.c" -mcpu=cortex-m3 -std=gnu11 -g3 -DDEBUG -DARM_MATH_CM3 -DUSE_HAL_DRIVER -DSTM32F103xB -c -I../Drivers/CMSIS/DSP/Include -I../Core/Inc -I../Drivers/STM32F1xx_HAL_Driver/Inc -I../Drivers/STM32F1xx_HAL_Driver/Inc/Legacy -I../Drivers/CMSIS/Device/ST/STM32F1xx/Include -I../Drivers/CMSIS/Include -O1 -ffunction-sections -fdata-sections -Wall -fstack-usage -MMD -MP -MF"Core/Src/OLED_SSD1306_Task.d" -MT"Core/Src/OLED_SSD1306_Task.o" --specs=nano.specs -mfloat-abi=soft -mthumb -o "Core/Src/OLED_SSD1306_Task.o"
arm-none-eabi-gcc -o "SSD1306_DemoMenuOn_My_ownGFX.elf" @"objects.list"  -larm_cortexM3l_math -mcpu=cortex-m3 -T"E:\STM32_Teo\SSD1306_DemoMenuOn_My_ownGFX\STM32F103RBTX_FLASH.ld" --specs=nosys.specs -Wl,-Map="SSD1306_DemoMenuOn_My_ownGFX.map" -Wl,--gc-sections -static -Wl,--start-group -larm_cortexM3l_math -Wl,--end-group -L"E:\STM32_Teo\SSD1306_DemoMenuOn_My_ownGFX\Drivers\CMSIS\Lib\GCC" --specs=nano.specs -mfloat-abi=soft -mthumb -u _printf_float -Wl,--start-group -lc -lm -Wl,--end-group
Finished building target: SSD1306_DemoMenuOn_My_ownGFX.elf
 
arm-none-eabi-objdump -h -S  SSD1306_DemoMenuOn_My_ownGFX.elf  > "SSD1306_DemoMenuOn_My_ownGFX.list"
arm-none-eabi-objcopy  -O binary  SSD1306_DemoMenuOn_My_ownGFX.elf  "SSD1306_DemoMenuOn_My_ownGFX.bin"
arm-none-eabi-size   SSD1306_DemoMenuOn_My_ownGFX.elf 
   text	   data	    bss	    dec	    hex	filename
 130420	    500	  19064	 149984	  249e0	SSD1306_DemoMenuOn_My_ownGFX.elf
Finished building: default.size.stdout
 
Finished building: SSD1306_DemoMenuOn_My_ownGFX.bin
 
Finished building: SSD1306_DemoMenuOn_My_ownGFX.list
 
14:39:07 **** Incremental Build of configuration Debug for project SSD1306_DemoMenuOn_My_ownGFX ****
make -j8 all 
arm-none-eabi-gcc "../Core/Src/OLED_SSD1306_Task.c" -mcpu=cortex-m3 -std=gnu11 -g3 -DDEBUG -DARM_MATH_CM3 -DUSE_HAL_DRIVER -DSTM32F103xB -c -I../Drivers/CMSIS/DSP/Include -I../Core/Inc -I../Drivers/STM32F1xx_HAL_Driver/Inc -I../Drivers/STM32F1xx_HAL_Driver/Inc/Legacy -I../Drivers/CMSIS/Device/ST/STM32F1xx/Include -I../Drivers/CMSIS/Include -O1 -ffunction-sections -fdata-sections -Wall -fstack-usage -MMD -MP -MF"Core/Src/OLED_SSD1306_Task.d" -MT"Core/Src/OLED_SSD1306_Task.o" --specs=nano.specs -mfloat-abi=soft -mthumb -o "Core/Src/OLED_SSD1306_Task.o"
../Core/Src/OLED_SSD1306_Task.c: In function 'DrawMFRC522':
../Core/Src/OLED_SSD1306_Task.c:643:46: error: 'UID' undeclared (first use in this function)
  643 |   sprintf(strhbuf,"%02X:%02X:%02X:%02X:%02X",UID[0],UID[1],UID[2],UID[3],UID[4]);
      |                                              ^~~
../Core/Src/OLED_SSD1306_Task.c:643:46: note: each undeclared identifier is reported only once for each function it appears in
../Core/Src/OLED_SSD1306_Task.c:647:25: error: 'R' undeclared (first use in this function)
  647 |   sprintf(strhbuf,"%s", R);
      |                         ^
../Core/Src/OLED_SSD1306_Task.c: In function 'mMFRC522ReadBlock':
../Core/Src/OLED_SSD1306_Task.c:655:35: error: 'str' undeclared (first use in this function)
  655 |  if((MFRC522_Request(PICC_REQIDL, str)==MFRC522_OK))
      |                                   ^~~
../Core/Src/OLED_SSD1306_Task.c:659:11: error: 'UID' undeclared (first use in this function)
  659 |    memcpy(UID, str, 5);
      |           ^~~
../Core/Src/OLED_SSD1306_Task.c:661:34: error: 'FACTORY_KEY' undeclared (first use in this function)
  661 |    MFRC522_Auth(PICC_AUTHENT1A,2,FACTORY_KEY,UID);
      |                                  ^~~~~~~~~~~
../Core/Src/OLED_SSD1306_Task.c:663:26: error: 'R' undeclared (first use in this function)
  663 |    MFRC522_ReadBlock( 2, R);
      |                          ^
../Core/Src/OLED_SSD1306_Task.c: In function 'CalculateFFT':
../Core/Src/OLED_SSD1306_Task.c:673:5: error: 'MicrophoneDataReady' undeclared (first use in this function)
  673 |  if(MicrophoneDataReady)
      |     ^~~~~~~~~~~~~~~~~~~
../Core/Src/OLED_SSD1306_Task.c: In function 'ADC_MicrophoneConvCpltCallBack':
../Core/Src/OLED_SSD1306_Task.c:733:2: error: 'MicrophoneDataReady' undeclared (first use in this function)
  733 |  MicrophoneDataReady=1;
      |  ^~~~~~~~~~~~~~~~~~~
make: *** [Core/Src/subdir.mk:91: Core/Src/OLED_SSD1306_Task.o] Error 1
"make -j8 all" terminated with exit code 2. Build might be incomplete.
14:39:29 **** Incremental Build of configuration Debug for project SSD1306_DemoMenuOn_My_ownGFX ****
make -j8 all 
arm-none-eabi-gcc "../Core/Src/OLED_SSD1306_Task.c" -mcpu=cortex-m3 -std=gnu11 -g3 -DDEBUG -DARM_MATH_CM3 -DUSE_HAL_DRIVER -DSTM32F103xB -c -I../Drivers/CMSIS/DSP/Include -I../Core/Inc -I../Drivers/STM32F1xx_HAL_Driver/Inc -I../Drivers/STM32F1xx_HAL_Driver/Inc/Legacy -I../Drivers/CMSIS/Device/ST/STM32F1xx/Include -I../Drivers/CMSIS/Include -O1 -ffunction-sections -fdata-sections -Wall -fstack-usage -MMD -MP -MF"Core/Src/OLED_SSD1306_Task.d" -MT"Core/Src/OLED_SSD1306_Task.o" --specs=nano.specs -mfloat-abi=soft -mthumb -o "Core/Src/OLED_SSD1306_Task.o"
../Core/Src/OLED_SSD1306_Task.c: In function 'DrawMFRC522':
../Core/Src/OLED_SSD1306_Task.c:643:46: error: 'UID' undeclared (first use in this function)
  643 |   sprintf(strhbuf,"%02X:%02X:%02X:%02X:%02X",UID[0],UID[1],UID[2],UID[3],UID[4]);
      |                                              ^~~
../Core/Src/OLED_SSD1306_Task.c:643:46: note: each undeclared identifier is reported only once for each function it appears in
../Core/Src/OLED_SSD1306_Task.c:647:25: error: 'R' undeclared (first use in this function)
  647 |   sprintf(strhbuf,"%s", R);
      |                         ^
../Core/Src/OLED_SSD1306_Task.c: In function 'mMFRC522ReadBlock':
../Core/Src/OLED_SSD1306_Task.c:655:35: error: 'str' undeclared (first use in this function)
  655 |  if((MFRC522_Request(PICC_REQIDL, str)==MFRC522_OK))
      |                                   ^~~
../Core/Src/OLED_SSD1306_Task.c:659:11: error: 'UID' undeclared (first use in this function)
  659 |    memcpy(UID, str, 5);
      |           ^~~
../Core/Src/OLED_SSD1306_Task.c:661:34: error: 'FACTORY_KEY' undeclared (first use in this function)
  661 |    MFRC522_Auth(PICC_AUTHENT1A,2,FACTORY_KEY,UID);
      |                                  ^~~~~~~~~~~
../Core/Src/OLED_SSD1306_Task.c:663:26: error: 'R' undeclared (first use in this function)
  663 |    MFRC522_ReadBlock( 2, R);
      |                          ^
make: *** [Core/Src/subdir.mk:91: Core/Src/OLED_SSD1306_Task.o] Error 1
"make -j8 all" terminated with exit code 2. Build might be incomplete.
14:39:47 **** Incremental Build of configuration Debug for project SSD1306_DemoMenuOn_My_ownGFX ****
make -j8 all 
arm-none-eabi-gcc "../Core/Src/OLED_SSD1306_Task.c" -mcpu=cortex-m3 -std=gnu11 -g3 -DDEBUG -DARM_MATH_CM3 -DUSE_HAL_DRIVER -DSTM32F103xB -c -I../Drivers/CMSIS/DSP/Include -I../Core/Inc -I../Drivers/STM32F1xx_HAL_Driver/Inc -I../Drivers/STM32F1xx_HAL_Driver/Inc/Legacy -I../Drivers/CMSIS/Device/ST/STM32F1xx/Include -I../Drivers/CMSIS/Include -O1 -ffunction-sections -fdata-sections -Wall -fstack-usage -MMD -MP -MF"Core/Src/OLED_SSD1306_Task.d" -MT"Core/Src/OLED_SSD1306_Task.o" --specs=nano.specs -mfloat-abi=soft -mthumb -o "Core/Src/OLED_SSD1306_Task.o"
arm-none-eabi-gcc -o "SSD1306_DemoMenuOn_My_ownGFX.elf" @"objects.list"  -larm_cortexM3l_math -mcpu=cortex-m3 -T"E:\STM32_Teo\SSD1306_DemoMenuOn_My_ownGFX\STM32F103RBTX_FLASH.ld" --specs=nosys.specs -Wl,-Map="SSD1306_DemoMenuOn_My_ownGFX.map" -Wl,--gc-sections -static -Wl,--start-group -larm_cortexM3l_math -Wl,--end-group -L"E:\STM32_Teo\SSD1306_DemoMenuOn_My_ownGFX\Drivers\CMSIS\Lib\GCC" --specs=nano.specs -mfloat-abi=soft -mthumb -u _printf_float -Wl,--start-group -lc -lm -Wl,--end-group
Finished building target: SSD1306_DemoMenuOn_My_ownGFX.elf
 
arm-none-eabi-objdump -h -S  SSD1306_DemoMenuOn_My_ownGFX.elf  > "SSD1306_DemoMenuOn_My_ownGFX.list"
arm-none-eabi-objcopy  -O binary  SSD1306_DemoMenuOn_My_ownGFX.elf  "SSD1306_DemoMenuOn_My_ownGFX.bin"
arm-none-eabi-size   SSD1306_DemoMenuOn_My_ownGFX.elf 
   text	   data	    bss	    dec	    hex	filename
 130404	    500	  19032	 149936	  249b0	SSD1306_DemoMenuOn_My_ownGFX.elf
Finished building: default.size.stdout
 
Finished building: SSD1306_DemoMenuOn_My_ownGFX.bin
 
Finished building: SSD1306_DemoMenuOn_My_ownGFX.list
 
14:39:58 **** Incremental Build of configuration Debug for project SSD1306_DemoMenuOn_My_ownGFX ****
make -j8 all 
arm-none-eabi-size   SSD1306_DemoMenuOn_My_ownGFX.elf 
   text	   data	    bss	    dec	    hex	filename
 130404	    500	  19032	 149936	  249b0	SSD1306_DemoMenuOn_My_ownGFX.elf
Finished building: default.size.stdout
 
14:40:29 **** Incremental Build of configuration Debug for project SSD1306_DemoMenuOn_My_ownGFX ****
make -j8 all 
arm-none-eabi-gcc "../Core/Src/OLED_SSD1306_Task.c" -mcpu=cortex-m3 -std=gnu11 -g3 -DDEBUG -DARM_MATH_CM3 -DUSE_HAL_DRIVER -DSTM32F103xB -c -I../Drivers/CMSIS/DSP/Include -I../Core/Inc -I../Drivers/STM32F1xx_HAL_Driver/Inc -I../Drivers/STM32F1xx_HAL_Driver/Inc/Legacy -I../Drivers/CMSIS/Device/ST/STM32F1xx/Include -I../Drivers/CMSIS/Include -O1 -ffunction-sections -fdata-sections -Wall -fstack-usage -MMD -MP -MF"Core/Src/OLED_SSD1306_Task.d" -MT"Core/Src/OLED_SSD1306_Task.o" --specs=nano.specs -mfloat-abi=soft -mthumb -o "Core/Src/OLED_SSD1306_Task.o"
arm-none-eabi-gcc -o "SSD1306_DemoMenuOn_My_ownGFX.elf" @"objects.list"  -larm_cortexM3l_math -mcpu=cortex-m3 -T"E:\STM32_Teo\SSD1306_DemoMenuOn_My_ownGFX\STM32F103RBTX_FLASH.ld" --specs=nosys.specs -Wl,-Map="SSD1306_DemoMenuOn_My_ownGFX.map" -Wl,--gc-sections -static -Wl,--start-group -larm_cortexM3l_math -Wl,--end-group -L"E:\STM32_Teo\SSD1306_DemoMenuOn_My_ownGFX\Drivers\CMSIS\Lib\GCC" --specs=nano.specs -mfloat-abi=soft -mthumb -u _printf_float -Wl,--start-group -lc -lm -Wl,--end-group
Finished building target: SSD1306_DemoMenuOn_My_ownGFX.elf
 
arm-none-eabi-objdump -h -S  SSD1306_DemoMenuOn_My_ownGFX.elf  > "SSD1306_DemoMenuOn_My_ownGFX.list"
arm-none-eabi-objcopy  -O binary  SSD1306_DemoMenuOn_My_ownGFX.elf  "SSD1306_DemoMenuOn_My_ownGFX.bin"
arm-none-eabi-size   SSD1306_DemoMenuOn_My_ownGFX.elf 
   text	   data	    bss	    dec	    hex	filename
 130412	    500	  19064	 149976	  249d8	SSD1306_DemoMenuOn_My_ownGFX.elf
Finished building: default.size.stdout
 
Finished building: SSD1306_DemoMenuOn_My_ownGFX.bin
 
Finished building: SSD1306_DemoMenuOn_My_ownGFX.list
 
14:40:37 **** Incremental Build of configuration Debug for project SSD1306_DemoMenuOn_My_ownGFX ****
make -j8 all 
arm-none-eabi-size   SSD1306_DemoMenuOn_My_ownGFX.elf 
   text	   data	    bss	    dec	    hex	filename
 130412	    500	  19064	 149976	  249d8	SSD1306_DemoMenuOn_My_ownGFX.elf
Finished building: default.size.stdout
 
14:40:51 **** Incremental Build of configuration Debug for project SSD1306_DemoMenuOn_My_ownGFX ****
make -j8 all 
arm-none-eabi-gcc "../Core/Src/OLED_SSD1306_Task.c" -mcpu=cortex-m3 -std=gnu11 -g3 -DDEBUG -DARM_MATH_CM3 -DUSE_HAL_DRIVER -DSTM32F103xB -c -I../Drivers/CMSIS/DSP/Include -I../Core/Inc -I../Drivers/STM32F1xx_HAL_Driver/Inc -I../Drivers/STM32F1xx_HAL_Driver/Inc/Legacy -I../Drivers/CMSIS/Device/ST/STM32F1xx/Include -I../Drivers/CMSIS/Include -O1 -ffunction-sections -fdata-sections -Wall -fstack-usage -MMD -MP -MF"Core/Src/OLED_SSD1306_Task.d" -MT"Core/Src/OLED_SSD1306_Task.o" --specs=nano.specs -mfloat-abi=soft -mthumb -o "Core/Src/OLED_SSD1306_Task.o"
arm-none-eabi-gcc -o "SSD1306_DemoMenuOn_My_ownGFX.elf" @"objects.list"  -larm_cortexM3l_math -mcpu=cortex-m3 -T"E:\STM32_Teo\SSD1306_DemoMenuOn_My_ownGFX\STM32F103RBTX_FLASH.ld" --specs=nosys.specs -Wl,-Map="SSD1306_DemoMenuOn_My_ownGFX.map" -Wl,--gc-sections -static -Wl,--start-group -larm_cortexM3l_math -Wl,--end-group -L"E:\STM32_Teo\SSD1306_DemoMenuOn_My_ownGFX\Drivers\CMSIS\Lib\GCC" --specs=nano.specs -mfloat-abi=soft -mthumb -u _printf_float -Wl,--start-group -lc -lm -Wl,--end-group
Finished building target: SSD1306_DemoMenuOn_My_ownGFX.elf
 
arm-none-eabi-objdump -h -S  SSD1306_DemoMenuOn_My_ownGFX.elf  > "SSD1306_DemoMenuOn_My_ownGFX.list"
arm-none-eabi-objcopy  -O binary  SSD1306_DemoMenuOn_My_ownGFX.elf  "SSD1306_DemoMenuOn_My_ownGFX.bin"
arm-none-eabi-size   SSD1306_DemoMenuOn_My_ownGFX.elf 
   text	   data	    bss	    dec	    hex	filename
  42776	    492	  19056	  62324	   f374	SSD1306_DemoMenuOn_My_ownGFX.elf
Finished building: default.size.stdout
 
Finished building: SSD1306_DemoMenuOn_My_ownGFX.bin
 
Finished building: SSD1306_DemoMenuOn_My_ownGFX.list
 
14:41:07 **** Incremental Build of configuration Debug for project SSD1306_DemoMenuOn_My_ownGFX ****
make -j8 all 
arm-none-eabi-size   SSD1306_DemoMenuOn_My_ownGFX.elf 
   text	   data	    bss	    dec	    hex	filename
  42776	    492	  19056	  62324	   f374	SSD1306_DemoMenuOn_My_ownGFX.elf
Finished building: default.size.stdout
 
14:41:22 **** Incremental Build of configuration Debug for project SSD1306_DemoMenuOn_My_ownGFX ****
make -j8 all 
arm-none-eabi-gcc "../Core/Src/OLED_SSD1306_Task.c" -mcpu=cortex-m3 -std=gnu11 -g3 -DDEBUG -DARM_MATH_CM3 -DUSE_HAL_DRIVER -DSTM32F103xB -c -I../Drivers/CMSIS/DSP/Include -I../Core/Inc -I../Drivers/STM32F1xx_HAL_Driver/Inc -I../Drivers/STM32F1xx_HAL_Driver/Inc/Legacy -I../Drivers/CMSIS/Device/ST/STM32F1xx/Include -I../Drivers/CMSIS/Include -O1 -ffunction-sections -fdata-sections -Wall -fstack-usage -MMD -MP -MF"Core/Src/OLED_SSD1306_Task.d" -MT"Core/Src/OLED_SSD1306_Task.o" --specs=nano.specs -mfloat-abi=soft -mthumb -o "Core/Src/OLED_SSD1306_Task.o"
arm-none-eabi-gcc -o "SSD1306_DemoMenuOn_My_ownGFX.elf" @"objects.list"  -larm_cortexM3l_math -mcpu=cortex-m3 -T"E:\STM32_Teo\SSD1306_DemoMenuOn_My_ownGFX\STM32F103RBTX_FLASH.ld" --specs=nosys.specs -Wl,-Map="SSD1306_DemoMenuOn_My_ownGFX.map" -Wl,--gc-sections -static -Wl,--start-group -larm_cortexM3l_math -Wl,--end-group -L"E:\STM32_Teo\SSD1306_DemoMenuOn_My_ownGFX\Drivers\CMSIS\Lib\GCC" --specs=nano.specs -mfloat-abi=soft -mthumb -u _printf_float -Wl,--start-group -lc -lm -Wl,--end-group
Finished building target: SSD1306_DemoMenuOn_My_ownGFX.elf
 
arm-none-eabi-objdump -h -S  SSD1306_DemoMenuOn_My_ownGFX.elf  > "SSD1306_DemoMenuOn_My_ownGFX.list"
arm-none-eabi-objcopy  -O binary  SSD1306_DemoMenuOn_My_ownGFX.elf  "SSD1306_DemoMenuOn_My_ownGFX.bin"
arm-none-eabi-size   SSD1306_DemoMenuOn_My_ownGFX.elf 
   text	   data	    bss	    dec	    hex	filename
  42784	    492	  19056	  62332	   f37c	SSD1306_DemoMenuOn_My_ownGFX.elf
Finished building: default.size.stdout
 
Finished building: SSD1306_DemoMenuOn_My_ownGFX.bin
 
Finished building: SSD1306_DemoMenuOn_My_ownGFX.list
 
14:41:27 **** Incremental Build of configuration Debug for project SSD1306_DemoMenuOn_My_ownGFX ****
make -j8 all 
arm-none-eabi-size   SSD1306_DemoMenuOn_My_ownGFX.elf 
   text	   data	    bss	    dec	    hex	filename
  42784	    492	  19056	  62332	   f37c	SSD1306_DemoMenuOn_My_ownGFX.elf
Finished building: default.size.stdout
 
14:41:37 **** Incremental Build of configuration Debug for project SSD1306_DemoMenuOn_My_ownGFX ****
make -j8 all 
arm-none-eabi-size   SSD1306_DemoMenuOn_My_ownGFX.elf 
   text	   data	    bss	    dec	    hex	filename
  42784	    492	  19056	  62332	   f37c	SSD1306_DemoMenuOn_My_ownGFX.elf
Finished building: default.size.stdout
 
14:42:02 **** Incremental Build of configuration Debug for project SSD1306_DemoMenuOn_My_ownGFX ****
make -j8 all 
arm-none-eabi-gcc "../Core/Src/OLED_SSD1306_Task.c" -mcpu=cortex-m3 -std=gnu11 -g3 -DDEBUG -DARM_MATH_CM3 -DUSE_HAL_DRIVER -DSTM32F103xB -c -I../Drivers/CMSIS/DSP/Include -I../Core/Inc -I../Drivers/STM32F1xx_HAL_Driver/Inc -I../Drivers/STM32F1xx_HAL_Driver/Inc/Legacy -I../Drivers/CMSIS/Device/ST/STM32F1xx/Include -I../Drivers/CMSIS/Include -O1 -ffunction-sections -fdata-sections -Wall -fstack-usage -MMD -MP -MF"Core/Src/OLED_SSD1306_Task.d" -MT"Core/Src/OLED_SSD1306_Task.o" --specs=nano.specs -mfloat-abi=soft -mthumb -o "Core/Src/OLED_SSD1306_Task.o"
arm-none-eabi-gcc -o "SSD1306_DemoMenuOn_My_ownGFX.elf" @"objects.list"  -larm_cortexM3l_math -mcpu=cortex-m3 -T"E:\STM32_Teo\SSD1306_DemoMenuOn_My_ownGFX\STM32F103RBTX_FLASH.ld" --specs=nosys.specs -Wl,-Map="SSD1306_DemoMenuOn_My_ownGFX.map" -Wl,--gc-sections -static -Wl,--start-group -larm_cortexM3l_math -Wl,--end-group -L"E:\STM32_Teo\SSD1306_DemoMenuOn_My_ownGFX\Drivers\CMSIS\Lib\GCC" --specs=nano.specs -mfloat-abi=soft -mthumb -u _printf_float -Wl,--start-group -lc -lm -Wl,--end-group
Finished building target: SSD1306_DemoMenuOn_My_ownGFX.elf
 
arm-none-eabi-objdump -h -S  SSD1306_DemoMenuOn_My_ownGFX.elf  > "SSD1306_DemoMenuOn_My_ownGFX.list"
arm-none-eabi-objcopy  -O binary  SSD1306_DemoMenuOn_My_ownGFX.elf  "SSD1306_DemoMenuOn_My_ownGFX.bin"
arm-none-eabi-size   SSD1306_DemoMenuOn_My_ownGFX.elf 
   text	   data	    bss	    dec	    hex	filename
  42784	    492	  18128	  61404	   efdc	SSD1306_DemoMenuOn_My_ownGFX.elf
Finished building: default.size.stdout
 
Finished building: SSD1306_DemoMenuOn_My_ownGFX.bin
 
Finished building: SSD1306_DemoMenuOn_My_ownGFX.list
 
14:42:10 **** Incremental Build of configuration Debug for project SSD1306_DemoMenuOn_My_ownGFX ****
make -j8 all 
arm-none-eabi-gcc "../Core/Src/OLED_SSD1306_Task.c" -mcpu=cortex-m3 -std=gnu11 -g3 -DDEBUG -DARM_MATH_CM3 -DUSE_HAL_DRIVER -DSTM32F103xB -c -I../Drivers/CMSIS/DSP/Include -I../Core/Inc -I../Drivers/STM32F1xx_HAL_Driver/Inc -I../Drivers/STM32F1xx_HAL_Driver/Inc/Legacy -I../Drivers/CMSIS/Device/ST/STM32F1xx/Include -I../Drivers/CMSIS/Include -O1 -ffunction-sections -fdata-sections -Wall -fstack-usage -MMD -MP -MF"Core/Src/OLED_SSD1306_Task.d" -MT"Core/Src/OLED_SSD1306_Task.o" --specs=nano.specs -mfloat-abi=soft -mthumb -o "Core/Src/OLED_SSD1306_Task.o"
arm-none-eabi-gcc -o "SSD1306_DemoMenuOn_My_ownGFX.elf" @"objects.list"  -larm_cortexM3l_math -mcpu=cortex-m3 -T"E:\STM32_Teo\SSD1306_DemoMenuOn_My_ownGFX\STM32F103RBTX_FLASH.ld" --specs=nosys.specs -Wl,-Map="SSD1306_DemoMenuOn_My_ownGFX.map" -Wl,--gc-sections -static -Wl,--start-group -larm_cortexM3l_math -Wl,--end-group -L"E:\STM32_Teo\SSD1306_DemoMenuOn_My_ownGFX\Drivers\CMSIS\Lib\GCC" --specs=nano.specs -mfloat-abi=soft -mthumb -u _printf_float -Wl,--start-group -lc -lm -Wl,--end-group
Finished building target: SSD1306_DemoMenuOn_My_ownGFX.elf
 
arm-none-eabi-objdump -h -S  SSD1306_DemoMenuOn_My_ownGFX.elf  > "SSD1306_DemoMenuOn_My_ownGFX.list"
arm-none-eabi-objcopy  -O binary  SSD1306_DemoMenuOn_My_ownGFX.elf  "SSD1306_DemoMenuOn_My_ownGFX.bin"
arm-none-eabi-size   SSD1306_DemoMenuOn_My_ownGFX.elf 
   text	   data	    bss	    dec	    hex	filename
  42784	    492	  15472	  58748	   e57c	SSD1306_DemoMenuOn_My_ownGFX.elf
Finished building: default.size.stdout
 
Finished building: SSD1306_DemoMenuOn_My_ownGFX.bin
 
Finished building: SSD1306_DemoMenuOn_My_ownGFX.list
 
14:42:15 **** Incremental Build of configuration Debug for project SSD1306_DemoMenuOn_My_ownGFX ****
make -j8 all 
arm-none-eabi-size   SSD1306_DemoMenuOn_My_ownGFX.elf 
   text	   data	    bss	    dec	    hex	filename
  42784	    492	  15472	  58748	   e57c	SSD1306_DemoMenuOn_My_ownGFX.elf
Finished building: default.size.stdout
 
14:42:44 **** Incremental Build of configuration Debug for project SSD1306_DemoMenuOn_My_ownGFX ****
make -j8 all 
arm-none-eabi-gcc "../Core/Src/OLED_SSD1306_Task.c" -mcpu=cortex-m3 -std=gnu11 -g3 -DDEBUG -DARM_MATH_CM3 -DUSE_HAL_DRIVER -DSTM32F103xB -c -I../Drivers/CMSIS/DSP/Include -I../Core/Inc -I../Drivers/STM32F1xx_HAL_Driver/Inc -I../Drivers/STM32F1xx_HAL_Driver/Inc/Legacy -I../Drivers/CMSIS/Device/ST/STM32F1xx/Include -I../Drivers/CMSIS/Include -O1 -ffunction-sections -fdata-sections -Wall -fstack-usage -MMD -MP -MF"Core/Src/OLED_SSD1306_Task.d" -MT"Core/Src/OLED_SSD1306_Task.o" --specs=nano.specs -mfloat-abi=soft -mthumb -o "Core/Src/OLED_SSD1306_Task.o"
arm-none-eabi-gcc -o "SSD1306_DemoMenuOn_My_ownGFX.elf" @"objects.list"  -larm_cortexM3l_math -mcpu=cortex-m3 -T"E:\STM32_Teo\SSD1306_DemoMenuOn_My_ownGFX\STM32F103RBTX_FLASH.ld" --specs=nosys.specs -Wl,-Map="SSD1306_DemoMenuOn_My_ownGFX.map" -Wl,--gc-sections -static -Wl,--start-group -larm_cortexM3l_math -Wl,--end-group -L"E:\STM32_Teo\SSD1306_DemoMenuOn_My_ownGFX\Drivers\CMSIS\Lib\GCC" --specs=nano.specs -mfloat-abi=soft -mthumb -u _printf_float -Wl,--start-group -lc -lm -Wl,--end-group
Finished building target: SSD1306_DemoMenuOn_My_ownGFX.elf
 
arm-none-eabi-objdump -h -S  SSD1306_DemoMenuOn_My_ownGFX.elf  > "SSD1306_DemoMenuOn_My_ownGFX.list"
arm-none-eabi-objcopy  -O binary  SSD1306_DemoMenuOn_My_ownGFX.elf  "SSD1306_DemoMenuOn_My_ownGFX.bin"
arm-none-eabi-size   SSD1306_DemoMenuOn_My_ownGFX.elf 
   text	   data	    bss	    dec	    hex	filename
 130412	    500	  19064	 149976	  249d8	SSD1306_DemoMenuOn_My_ownGFX.elf
Finished building: default.size.stdout
 
Finished building: SSD1306_DemoMenuOn_My_ownGFX.bin
 
Finished building: SSD1306_DemoMenuOn_My_ownGFX.list
 
14:42:49 **** Incremental Build of configuration Debug for project SSD1306_DemoMenuOn_My_ownGFX ****
make -j8 all 
arm-none-eabi-size   SSD1306_DemoMenuOn_My_ownGFX.elf 
   text	   data	    bss	    dec	    hex	filename
 130412	    500	  19064	 149976	  249d8	SSD1306_DemoMenuOn_My_ownGFX.elf
Finished building: default.size.stdout
 
14:48:21 **** Incremental Build of configuration Debug for project SSD1306_DemoMenuOn_My_ownGFX ****
make -j8 all 
arm-none-eabi-gcc "../Core/Src/OLED_SSD1306_Task.c" -mcpu=cortex-m3 -std=gnu11 -g3 -DDEBUG -DARM_MATH_CM3 -DUSE_HAL_DRIVER -DSTM32F103xB -c -I../Drivers/CMSIS/DSP/Include -I../Core/Inc -I../Drivers/STM32F1xx_HAL_Driver/Inc -I../Drivers/STM32F1xx_HAL_Driver/Inc/Legacy -I../Drivers/CMSIS/Device/ST/STM32F1xx/Include -I../Drivers/CMSIS/Include -O1 -ffunction-sections -fdata-sections -Wall -fstack-usage -MMD -MP -MF"Core/Src/OLED_SSD1306_Task.d" -MT"Core/Src/OLED_SSD1306_Task.o" --specs=nano.specs -mfloat-abi=soft -mthumb -o "Core/Src/OLED_SSD1306_Task.o"
arm-none-eabi-gcc -o "SSD1306_DemoMenuOn_My_ownGFX.elf" @"objects.list"  -larm_cortexM3l_math -mcpu=cortex-m3 -T"E:\STM32_Teo\SSD1306_DemoMenuOn_My_ownGFX\STM32F103RBTX_FLASH.ld" --specs=nosys.specs -Wl,-Map="SSD1306_DemoMenuOn_My_ownGFX.map" -Wl,--gc-sections -static -Wl,--start-group -larm_cortexM3l_math -Wl,--end-group -L"E:\STM32_Teo\SSD1306_DemoMenuOn_My_ownGFX\Drivers\CMSIS\Lib\GCC" --specs=nano.specs -mfloat-abi=soft -mthumb -u _printf_float -Wl,--start-group -lc -lm -Wl,--end-group
c:\st\stm32cubeide_1.3.0\stm32cubeide\plugins\com.st.stm32cube.ide.mcu.externaltools.gnu-tools-for-stm32.9-2020-q2-update.win32_1.5.0.202011040924\tools\arm-none-eabi\bin\ld.exe: SSD1306_DemoMenuOn_My_ownGFX.elf section `.rodata' will not fit in region `FLASH'
c:\st\stm32cubeide_1.3.0\stm32cubeide\plugins\com.st.stm32cube.ide.mcu.externaltools.gnu-tools-for-stm32.9-2020-q2-update.win32_1.5.0.202011040924\tools\arm-none-eabi\bin\ld.exe: region `FLASH' overflowed by 8264 bytes
collect2.exe: error: ld returned 1 exit status
make: *** [makefile:65: SSD1306_DemoMenuOn_My_ownGFX.elf] Error 1
"make -j8 all" terminated with exit code 2. Build might be incomplete.
14:48:42 **** Incremental Build of configuration Debug for project SSD1306_DemoMenuOn_My_ownGFX ****
make -j8 all 
arm-none-eabi-gcc "../Core/Src/OLED_SSD1306_Task.c" -mcpu=cortex-m3 -std=gnu11 -g3 -DDEBUG -DARM_MATH_CM3 -DUSE_HAL_DRIVER -DSTM32F103xB -c -I../Drivers/CMSIS/DSP/Include -I../Core/Inc -I../Drivers/STM32F1xx_HAL_Driver/Inc -I../Drivers/STM32F1xx_HAL_Driver/Inc/Legacy -I../Drivers/CMSIS/Device/ST/STM32F1xx/Include -I../Drivers/CMSIS/Include -O1 -ffunction-sections -fdata-sections -Wall -fstack-usage -MMD -MP -MF"Core/Src/OLED_SSD1306_Task.d" -MT"Core/Src/OLED_SSD1306_Task.o" --specs=nano.specs -mfloat-abi=soft -mthumb -o "Core/Src/OLED_SSD1306_Task.o"
arm-none-eabi-gcc -o "SSD1306_DemoMenuOn_My_ownGFX.elf" @"objects.list"  -larm_cortexM3l_math -mcpu=cortex-m3 -T"E:\STM32_Teo\SSD1306_DemoMenuOn_My_ownGFX\STM32F103RBTX_FLASH.ld" --specs=nosys.specs -Wl,-Map="SSD1306_DemoMenuOn_My_ownGFX.map" -Wl,--gc-sections -static -Wl,--start-group -larm_cortexM3l_math -Wl,--end-group -L"E:\STM32_Teo\SSD1306_DemoMenuOn_My_ownGFX\Drivers\CMSIS\Lib\GCC" --specs=nano.specs -mfloat-abi=soft -mthumb -u _printf_float -Wl,--start-group -lc -lm -Wl,--end-group
Finished building target: SSD1306_DemoMenuOn_My_ownGFX.elf
 
arm-none-eabi-objdump -h -S  SSD1306_DemoMenuOn_My_ownGFX.elf  > "SSD1306_DemoMenuOn_My_ownGFX.list"
arm-none-eabi-objcopy  -O binary  SSD1306_DemoMenuOn_My_ownGFX.elf  "SSD1306_DemoMenuOn_My_ownGFX.bin"
arm-none-eabi-size   SSD1306_DemoMenuOn_My_ownGFX.elf 
   text	   data	    bss	    dec	    hex	filename
  52088	    500	  10920	  63508	   f814	SSD1306_DemoMenuOn_My_ownGFX.elf
Finished building: default.size.stdout
 
Finished building: SSD1306_DemoMenuOn_My_ownGFX.bin
 
Finished building: SSD1306_DemoMenuOn_My_ownGFX.list
 
14:48:46 **** Incremental Build of configuration Debug for project SSD1306_DemoMenuOn_My_ownGFX ****
make -j8 all 
arm-none-eabi-size   SSD1306_DemoMenuOn_My_ownGFX.elf 
   text	   data	    bss	    dec	    hex	filename
  52088	    500	  10920	  63508	   f814	SSD1306_DemoMenuOn_My_ownGFX.elf
Finished building: default.size.stdout
 
14:51:11 **** Incremental Build of configuration Debug for project SSD1306_DemoMenuOn_My_ownGFX ****
make -j8 all 
arm-none-eabi-gcc "../Drivers/STM32F1xx_HAL_Driver/Src/stm32f1xx_hal.c" -mcpu=cortex-m3 -std=gnu11 -g3 -DDEBUG -DARM_MATH_CM3 -DUSE_HAL_DRIVER -DSTM32F103xB -c -I../Drivers/CMSIS/DSP/Include -I../Core/Inc -I../Drivers/STM32F1xx_HAL_Driver/Inc -I../Drivers/STM32F1xx_HAL_Driver/Inc/Legacy -I../Drivers/CMSIS/Device/ST/STM32F1xx/Include -I../Drivers/CMSIS/Include -O1 -ffunction-sections -fdata-sections -Wall -fstack-usage -MMD -MP -MF"Drivers/STM32F1xx_HAL_Driver/Src/stm32f1xx_hal.d" -MT"Drivers/STM32F1xx_HAL_Driver/Src/stm32f1xx_hal.o" --specs=nano.specs -mfloat-abi=soft -mthumb -o "Drivers/STM32F1xx_HAL_Driver/Src/stm32f1xx_hal.o"
arm-none-eabi-gcc "../Drivers/STM32F1xx_HAL_Driver/Src/stm32f1xx_hal_adc.c" -mcpu=cortex-m3 -std=gnu11 -g3 -DDEBUG -DARM_MATH_CM3 -DUSE_HAL_DRIVER -DSTM32F103xB -c -I../Drivers/CMSIS/DSP/Include -I../Core/Inc -I../Drivers/STM32F1xx_HAL_Driver/Inc -I../Drivers/STM32F1xx_HAL_Driver/Inc/Legacy -I../Drivers/CMSIS/Device/ST/STM32F1xx/Include -I../Drivers/CMSIS/Include -O1 -ffunction-sections -fdata-sections -Wall -fstack-usage -MMD -MP -MF"Drivers/STM32F1xx_HAL_Driver/Src/stm32f1xx_hal_adc.d" -MT"Drivers/STM32F1xx_HAL_Driver/Src/stm32f1xx_hal_adc.o" --specs=nano.specs -mfloat-abi=soft -mthumb -o "Drivers/STM32F1xx_HAL_Driver/Src/stm32f1xx_hal_adc.o"
arm-none-eabi-gcc "../Drivers/STM32F1xx_HAL_Driver/Src/stm32f1xx_hal_adc_ex.c" -mcpu=cortex-m3 -std=gnu11 -g3 -DDEBUG -DARM_MATH_CM3 -DUSE_HAL_DRIVER -DSTM32F103xB -c -I../Drivers/CMSIS/DSP/Include -I../Core/Inc -I../Drivers/STM32F1xx_HAL_Driver/Inc -I../Drivers/STM32F1xx_HAL_Driver/Inc/Legacy -I../Drivers/CMSIS/Device/ST/STM32F1xx/Include -I../Drivers/CMSIS/Include -O1 -ffunction-sections -fdata-sections -Wall -fstack-usage -MMD -MP -MF"Drivers/STM32F1xx_HAL_Driver/Src/stm32f1xx_hal_adc_ex.d" -MT"Drivers/STM32F1xx_HAL_Driver/Src/stm32f1xx_hal_adc_ex.o" --specs=nano.specs -mfloat-abi=soft -mthumb -o "Drivers/STM32F1xx_HAL_Driver/Src/stm32f1xx_hal_adc_ex.o"
arm-none-eabi-gcc "../Drivers/STM32F1xx_HAL_Driver/Src/stm32f1xx_hal_cortex.c" -mcpu=cortex-m3 -std=gnu11 -g3 -DDEBUG -DARM_MATH_CM3 -DUSE_HAL_DRIVER -DSTM32F103xB -c -I../Drivers/CMSIS/DSP/Include -I../Core/Inc -I../Drivers/STM32F1xx_HAL_Driver/Inc -I../Drivers/STM32F1xx_HAL_Driver/Inc/Legacy -I../Drivers/CMSIS/Device/ST/STM32F1xx/Include -I../Drivers/CMSIS/Include -O1 -ffunction-sections -fdata-sections -Wall -fstack-usage -MMD -MP -MF"Drivers/STM32F1xx_HAL_Driver/Src/stm32f1xx_hal_cortex.d" -MT"Drivers/STM32F1xx_HAL_Driver/Src/stm32f1xx_hal_cortex.o" --specs=nano.specs -mfloat-abi=soft -mthumb -o "Drivers/STM32F1xx_HAL_Driver/Src/stm32f1xx_hal_cortex.o"
arm-none-eabi-gcc "../Drivers/STM32F1xx_HAL_Driver/Src/stm32f1xx_hal_dma.c" -mcpu=cortex-m3 -std=gnu11 -g3 -DDEBUG -DARM_MATH_CM3 -DUSE_HAL_DRIVER -DSTM32F103xB -c -I../Drivers/CMSIS/DSP/Include -I../Core/Inc -I../Drivers/STM32F1xx_HAL_Driver/Inc -I../Drivers/STM32F1xx_HAL_Driver/Inc/Legacy -I../Drivers/CMSIS/Device/ST/STM32F1xx/Include -I../Drivers/CMSIS/Include -O1 -ffunction-sections -fdata-sections -Wall -fstack-usage -MMD -MP -MF"Drivers/STM32F1xx_HAL_Driver/Src/stm32f1xx_hal_dma.d" -MT"Drivers/STM32F1xx_HAL_Driver/Src/stm32f1xx_hal_dma.o" --specs=nano.specs -mfloat-abi=soft -mthumb -o "Drivers/STM32F1xx_HAL_Driver/Src/stm32f1xx_hal_dma.o"
arm-none-eabi-gcc "../Drivers/STM32F1xx_HAL_Driver/Src/stm32f1xx_hal_exti.c" -mcpu=cortex-m3 -std=gnu11 -g3 -DDEBUG -DARM_MATH_CM3 -DUSE_HAL_DRIVER -DSTM32F103xB -c -I../Drivers/CMSIS/DSP/Include -I../Core/Inc -I../Drivers/STM32F1xx_HAL_Driver/Inc -I../Drivers/STM32F1xx_HAL_Driver/Inc/Legacy -I../Drivers/CMSIS/Device/ST/STM32F1xx/Include -I../Drivers/CMSIS/Include -O1 -ffunction-sections -fdata-sections -Wall -fstack-usage -MMD -MP -MF"Drivers/STM32F1xx_HAL_Driver/Src/stm32f1xx_hal_exti.d" -MT"Drivers/STM32F1xx_HAL_Driver/Src/stm32f1xx_hal_exti.o" --specs=nano.specs -mfloat-abi=soft -mthumb -o "Drivers/STM32F1xx_HAL_Driver/Src/stm32f1xx_hal_exti.o"
arm-none-eabi-gcc "../Drivers/STM32F1xx_HAL_Driver/Src/stm32f1xx_hal_flash.c" -mcpu=cortex-m3 -std=gnu11 -g3 -DDEBUG -DARM_MATH_CM3 -DUSE_HAL_DRIVER -DSTM32F103xB -c -I../Drivers/CMSIS/DSP/Include -I../Core/Inc -I../Drivers/STM32F1xx_HAL_Driver/Inc -I../Drivers/STM32F1xx_HAL_Driver/Inc/Legacy -I../Drivers/CMSIS/Device/ST/STM32F1xx/Include -I../Drivers/CMSIS/Include -O1 -ffunction-sections -fdata-sections -Wall -fstack-usage -MMD -MP -MF"Drivers/STM32F1xx_HAL_Driver/Src/stm32f1xx_hal_flash.d" -MT"Drivers/STM32F1xx_HAL_Driver/Src/stm32f1xx_hal_flash.o" --specs=nano.specs -mfloat-abi=soft -mthumb -o "Drivers/STM32F1xx_HAL_Driver/Src/stm32f1xx_hal_flash.o"
arm-none-eabi-gcc "../Drivers/STM32F1xx_HAL_Driver/Src/stm32f1xx_hal_flash_ex.c" -mcpu=cortex-m3 -std=gnu11 -g3 -DDEBUG -DARM_MATH_CM3 -DUSE_HAL_DRIVER -DSTM32F103xB -c -I../Drivers/CMSIS/DSP/Include -I../Core/Inc -I../Drivers/STM32F1xx_HAL_Driver/Inc -I../Drivers/STM32F1xx_HAL_Driver/Inc/Legacy -I../Drivers/CMSIS/Device/ST/STM32F1xx/Include -I../Drivers/CMSIS/Include -O1 -ffunction-sections -fdata-sections -Wall -fstack-usage -MMD -MP -MF"Drivers/STM32F1xx_HAL_Driver/Src/stm32f1xx_hal_flash_ex.d" -MT"Drivers/STM32F1xx_HAL_Driver/Src/stm32f1xx_hal_flash_ex.o" --specs=nano.specs -mfloat-abi=soft -mthumb -o "Drivers/STM32F1xx_HAL_Driver/Src/stm32f1xx_hal_flash_ex.o"
arm-none-eabi-gcc "../Drivers/STM32F1xx_HAL_Driver/Src/stm32f1xx_hal_gpio.c" -mcpu=cortex-m3 -std=gnu11 -g3 -DDEBUG -DARM_MATH_CM3 -DUSE_HAL_DRIVER -DSTM32F103xB -c -I../Drivers/CMSIS/DSP/Include -I../Core/Inc -I../Drivers/STM32F1xx_HAL_Driver/Inc -I../Drivers/STM32F1xx_HAL_Driver/Inc/Legacy -I../Drivers/CMSIS/Device/ST/STM32F1xx/Include -I../Drivers/CMSIS/Include -O1 -ffunction-sections -fdata-sections -Wall -fstack-usage -MMD -MP -MF"Drivers/STM32F1xx_HAL_Driver/Src/stm32f1xx_hal_gpio.d" -MT"Drivers/STM32F1xx_HAL_Driver/Src/stm32f1xx_hal_gpio.o" --specs=nano.specs -mfloat-abi=soft -mthumb -o "Drivers/STM32F1xx_HAL_Driver/Src/stm32f1xx_hal_gpio.o"
arm-none-eabi-gcc "../Drivers/STM32F1xx_HAL_Driver/Src/stm32f1xx_hal_gpio_ex.c" -mcpu=cortex-m3 -std=gnu11 -g3 -DDEBUG -DARM_MATH_CM3 -DUSE_HAL_DRIVER -DSTM32F103xB -c -I../Drivers/CMSIS/DSP/Include -I../Core/Inc -I../Drivers/STM32F1xx_HAL_Driver/Inc -I../Drivers/STM32F1xx_HAL_Driver/Inc/Legacy -I../Drivers/CMSIS/Device/ST/STM32F1xx/Include -I../Drivers/CMSIS/Include -O1 -ffunction-sections -fdata-sections -Wall -fstack-usage -MMD -MP -MF"Drivers/STM32F1xx_HAL_Driver/Src/stm32f1xx_hal_gpio_ex.d" -MT"Drivers/STM32F1xx_HAL_Driver/Src/stm32f1xx_hal_gpio_ex.o" --specs=nano.specs -mfloat-abi=soft -mthumb -o "Drivers/STM32F1xx_HAL_Driver/Src/stm32f1xx_hal_gpio_ex.o"
arm-none-eabi-gcc "../Drivers/STM32F1xx_HAL_Driver/Src/stm32f1xx_hal_i2c.c" -mcpu=cortex-m3 -std=gnu11 -g3 -DDEBUG -DARM_MATH_CM3 -DUSE_HAL_DRIVER -DSTM32F103xB -c -I../Drivers/CMSIS/DSP/Include -I../Core/Inc -I../Drivers/STM32F1xx_HAL_Driver/Inc -I../Drivers/STM32F1xx_HAL_Driver/Inc/Legacy -I../Drivers/CMSIS/Device/ST/STM32F1xx/Include -I../Drivers/CMSIS/Include -O1 -ffunction-sections -fdata-sections -Wall -fstack-usage -MMD -MP -MF"Drivers/STM32F1xx_HAL_Driver/Src/stm32f1xx_hal_i2c.d" -MT"Drivers/STM32F1xx_HAL_Driver/Src/stm32f1xx_hal_i2c.o" --specs=nano.specs -mfloat-abi=soft -mthumb -o "Drivers/STM32F1xx_HAL_Driver/Src/stm32f1xx_hal_i2c.o"
arm-none-eabi-gcc "../Drivers/STM32F1xx_HAL_Driver/Src/stm32f1xx_hal_pwr.c" -mcpu=cortex-m3 -std=gnu11 -g3 -DDEBUG -DARM_MATH_CM3 -DUSE_HAL_DRIVER -DSTM32F103xB -c -I../Drivers/CMSIS/DSP/Include -I../Core/Inc -I../Drivers/STM32F1xx_HAL_Driver/Inc -I../Drivers/STM32F1xx_HAL_Driver/Inc/Legacy -I../Drivers/CMSIS/Device/ST/STM32F1xx/Include -I../Drivers/CMSIS/Include -O1 -ffunction-sections -fdata-sections -Wall -fstack-usage -MMD -MP -MF"Drivers/STM32F1xx_HAL_Driver/Src/stm32f1xx_hal_pwr.d" -MT"Drivers/STM32F1xx_HAL_Driver/Src/stm32f1xx_hal_pwr.o" --specs=nano.specs -mfloat-abi=soft -mthumb -o "Drivers/STM32F1xx_HAL_Driver/Src/stm32f1xx_hal_pwr.o"
arm-none-eabi-gcc "../Drivers/STM32F1xx_HAL_Driver/Src/stm32f1xx_hal_rcc.c" -mcpu=cortex-m3 -std=gnu11 -g3 -DDEBUG -DARM_MATH_CM3 -DUSE_HAL_DRIVER -DSTM32F103xB -c -I../Drivers/CMSIS/DSP/Include -I../Core/Inc -I../Drivers/STM32F1xx_HAL_Driver/Inc -I../Drivers/STM32F1xx_HAL_Driver/Inc/Legacy -I../Drivers/CMSIS/Device/ST/STM32F1xx/Include -I../Drivers/CMSIS/Include -O1 -ffunction-sections -fdata-sections -Wall -fstack-usage -MMD -MP -MF"Drivers/STM32F1xx_HAL_Driver/Src/stm32f1xx_hal_rcc.d" -MT"Drivers/STM32F1xx_HAL_Driver/Src/stm32f1xx_hal_rcc.o" --specs=nano.specs -mfloat-abi=soft -mthumb -o "Drivers/STM32F1xx_HAL_Driver/Src/stm32f1xx_hal_rcc.o"
arm-none-eabi-gcc "../Drivers/STM32F1xx_HAL_Driver/Src/stm32f1xx_hal_rcc_ex.c" -mcpu=cortex-m3 -std=gnu11 -g3 -DDEBUG -DARM_MATH_CM3 -DUSE_HAL_DRIVER -DSTM32F103xB -c -I../Drivers/CMSIS/DSP/Include -I../Core/Inc -I../Drivers/STM32F1xx_HAL_Driver/Inc -I../Drivers/STM32F1xx_HAL_Driver/Inc/Legacy -I../Drivers/CMSIS/Device/ST/STM32F1xx/Include -I../Drivers/CMSIS/Include -O1 -ffunction-sections -fdata-sections -Wall -fstack-usage -MMD -MP -MF"Drivers/STM32F1xx_HAL_Driver/Src/stm32f1xx_hal_rcc_ex.d" -MT"Drivers/STM32F1xx_HAL_Driver/Src/stm32f1xx_hal_rcc_ex.o" --specs=nano.specs -mfloat-abi=soft -mthumb -o "Drivers/STM32F1xx_HAL_Driver/Src/stm32f1xx_hal_rcc_ex.o"
arm-none-eabi-gcc "../Drivers/STM32F1xx_HAL_Driver/Src/stm32f1xx_hal_spi.c" -mcpu=cortex-m3 -std=gnu11 -g3 -DDEBUG -DARM_MATH_CM3 -DUSE_HAL_DRIVER -DSTM32F103xB -c -I../Drivers/CMSIS/DSP/Include -I../Core/Inc -I../Drivers/STM32F1xx_HAL_Driver/Inc -I../Drivers/STM32F1xx_HAL_Driver/Inc/Legacy -I../Drivers/CMSIS/Device/ST/STM32F1xx/Include -I../Drivers/CMSIS/Include -O1 -ffunction-sections -fdata-sections -Wall -fstack-usage -MMD -MP -MF"Drivers/STM32F1xx_HAL_Driver/Src/stm32f1xx_hal_spi.d" -MT"Drivers/STM32F1xx_HAL_Driver/Src/stm32f1xx_hal_spi.o" --specs=nano.specs -mfloat-abi=soft -mthumb -o "Drivers/STM32F1xx_HAL_Driver/Src/stm32f1xx_hal_spi.o"
arm-none-eabi-gcc "../Drivers/STM32F1xx_HAL_Driver/Src/stm32f1xx_hal_tim.c" -mcpu=cortex-m3 -std=gnu11 -g3 -DDEBUG -DARM_MATH_CM3 -DUSE_HAL_DRIVER -DSTM32F103xB -c -I../Drivers/CMSIS/DSP/Include -I../Core/Inc -I../Drivers/STM32F1xx_HAL_Driver/Inc -I../Drivers/STM32F1xx_HAL_Driver/Inc/Legacy -I../Drivers/CMSIS/Device/ST/STM32F1xx/Include -I../Drivers/CMSIS/Include -O1 -ffunction-sections -fdata-sections -Wall -fstack-usage -MMD -MP -MF"Drivers/STM32F1xx_HAL_Driver/Src/stm32f1xx_hal_tim.d" -MT"Drivers/STM32F1xx_HAL_Driver/Src/stm32f1xx_hal_tim.o" --specs=nano.specs -mfloat-abi=soft -mthumb -o "Drivers/STM32F1xx_HAL_Driver/Src/stm32f1xx_hal_tim.o"
arm-none-eabi-gcc "../Drivers/STM32F1xx_HAL_Driver/Src/stm32f1xx_hal_tim_ex.c" -mcpu=cortex-m3 -std=gnu11 -g3 -DDEBUG -DARM_MATH_CM3 -DUSE_HAL_DRIVER -DSTM32F103xB -c -I../Drivers/CMSIS/DSP/Include -I../Core/Inc -I../Drivers/STM32F1xx_HAL_Driver/Inc -I../Drivers/STM32F1xx_HAL_Driver/Inc/Legacy -I../Drivers/CMSIS/Device/ST/STM32F1xx/Include -I../Drivers/CMSIS/Include -O1 -ffunction-sections -fdata-sections -Wall -fstack-usage -MMD -MP -MF"Drivers/STM32F1xx_HAL_Driver/Src/stm32f1xx_hal_tim_ex.d" -MT"Drivers/STM32F1xx_HAL_Driver/Src/stm32f1xx_hal_tim_ex.o" --specs=nano.specs -mfloat-abi=soft -mthumb -o "Drivers/STM32F1xx_HAL_Driver/Src/stm32f1xx_hal_tim_ex.o"
arm-none-eabi-gcc "../Drivers/STM32F1xx_HAL_Driver/Src/stm32f1xx_hal_uart.c" -mcpu=cortex-m3 -std=gnu11 -g3 -DDEBUG -DARM_MATH_CM3 -DUSE_HAL_DRIVER -DSTM32F103xB -c -I../Drivers/CMSIS/DSP/Include -I../Core/Inc -I../Drivers/STM32F1xx_HAL_Driver/Inc -I../Drivers/STM32F1xx_HAL_Driver/Inc/Legacy -I../Drivers/CMSIS/Device/ST/STM32F1xx/Include -I../Drivers/CMSIS/Include -O1 -ffunction-sections -fdata-sections -Wall -fstack-usage -MMD -MP -MF"Drivers/STM32F1xx_HAL_Driver/Src/stm32f1xx_hal_uart.d" -MT"Drivers/STM32F1xx_HAL_Driver/Src/stm32f1xx_hal_uart.o" --specs=nano.specs -mfloat-abi=soft -mthumb -o "Drivers/STM32F1xx_HAL_Driver/Src/stm32f1xx_hal_uart.o"
arm-none-eabi-gcc "../Core/Src/BMXX80.c" -mcpu=cortex-m3 -std=gnu11 -g3 -DDEBUG -DARM_MATH_CM3 -DUSE_HAL_DRIVER -DSTM32F103xB -c -I../Drivers/CMSIS/DSP/Include -I../Core/Inc -I../Drivers/STM32F1xx_HAL_Driver/Inc -I../Drivers/STM32F1xx_HAL_Driver/Inc/Legacy -I../Drivers/CMSIS/Device/ST/STM32F1xx/Include -I../Drivers/CMSIS/Include -O1 -ffunction-sections -fdata-sections -Wall -fstack-usage -MMD -MP -MF"Core/Src/BMXX80.d" -MT"Core/Src/BMXX80.o" --specs=nano.specs -mfloat-abi=soft -mthumb -o "Core/Src/BMXX80.o"
arm-none-eabi-gcc "../Core/Src/GFX_BW.c" -mcpu=cortex-m3 -std=gnu11 -g3 -DDEBUG -DARM_MATH_CM3 -DUSE_HAL_DRIVER -DSTM32F103xB -c -I../Drivers/CMSIS/DSP/Include -I../Core/Inc -I../Drivers/STM32F1xx_HAL_Driver/Inc -I../Drivers/STM32F1xx_HAL_Driver/Inc/Legacy -I../Drivers/CMSIS/Device/ST/STM32F1xx/Include -I../Drivers/CMSIS/Include -O1 -ffunction-sections -fdata-sections -Wall -fstack-usage -MMD -MP -MF"Core/Src/GFX_BW.d" -MT"Core/Src/GFX_BW.o" --specs=nano.specs -mfloat-abi=soft -mthumb -o "Core/Src/GFX_BW.o"
arm-none-eabi-gcc "../Core/Src/OLED_SSD1306.c" -mcpu=cortex-m3 -std=gnu11 -g3 -DDEBUG -DARM_MATH_CM3 -DUSE_HAL_DRIVER -DSTM32F103xB -c -I../Drivers/CMSIS/DSP/Include -I../Core/Inc -I../Drivers/STM32F1xx_HAL_Driver/Inc -I../Drivers/STM32F1xx_HAL_Driver/Inc/Legacy -I../Drivers/CMSIS/Device/ST/STM32F1xx/Include -I../Drivers/CMSIS/Include -O1 -ffunction-sections -fdata-sections -Wall -fstack-usage -MMD -MP -MF"Core/Src/OLED_SSD1306.d" -MT"Core/Src/OLED_SSD1306.o" --specs=nano.specs -mfloat-abi=soft -mthumb -o "Core/Src/OLED_SSD1306.o"
arm-none-eabi-gcc "../Core/Src/OLED_SSD1306_Task.c" -mcpu=cortex-m3 -std=gnu11 -g3 -DDEBUG -DARM_MATH_CM3 -DUSE_HAL_DRIVER -DSTM32F103xB -c -I../Drivers/CMSIS/DSP/Include -I../Core/Inc -I../Drivers/STM32F1xx_HAL_Driver/Inc -I../Drivers/STM32F1xx_HAL_Driver/Inc/Legacy -I../Drivers/CMSIS/Device/ST/STM32F1xx/Include -I../Drivers/CMSIS/Include -O1 -ffunction-sections -fdata-sections -Wall -fstack-usage -MMD -MP -MF"Core/Src/OLED_SSD1306_Task.d" -MT"Core/Src/OLED_SSD1306_Task.o" --specs=nano.specs -mfloat-abi=soft -mthumb -o "Core/Src/OLED_SSD1306_Task.o"
arm-none-eabi-gcc "../Core/Src/TSOP_2236_new_T.c" -mcpu=cortex-m3 -std=gnu11 -g3 -DDEBUG -DARM_MATH_CM3 -DUSE_HAL_DRIVER -DSTM32F103xB -c -I../Drivers/CMSIS/DSP/Include -I../Core/Inc -I../Drivers/STM32F1xx_HAL_Driver/Inc -I../Drivers/STM32F1xx_HAL_Driver/Inc/Legacy -I../Drivers/CMSIS/Device/ST/STM32F1xx/Include -I../Drivers/CMSIS/Include -O1 -ffunction-sections -fdata-sections -Wall -fstack-usage -MMD -MP -MF"Core/Src/TSOP_2236_new_T.d" -MT"Core/Src/TSOP_2236_new_T.o" --specs=nano.specs -mfloat-abi=soft -mthumb -o "Core/Src/TSOP_2236_new_T.o"
arm-none-eabi-gcc "../Core/Src/adc.c" -mcpu=cortex-m3 -std=gnu11 -g3 -DDEBUG -DARM_MATH_CM3 -DUSE_HAL_DRIVER -DSTM32F103xB -c -I../Drivers/CMSIS/DSP/Include -I../Core/Inc -I../Drivers/STM32F1xx_HAL_Driver/Inc -I../Drivers/STM32F1xx_HAL_Driver/Inc/Legacy -I../Drivers/CMSIS/Device/ST/STM32F1xx/Include -I../Drivers/CMSIS/Include -O1 -ffunction-sections -fdata-sections -Wall -fstack-usage -MMD -MP -MF"Core/Src/adc.d" -MT"Core/Src/adc.o" --specs=nano.specs -mfloat-abi=soft -mthumb -o "Core/Src/adc.o"
arm-none-eabi-gcc "../Core/Src/dma.c" -mcpu=cortex-m3 -std=gnu11 -g3 -DDEBUG -DARM_MATH_CM3 -DUSE_HAL_DRIVER -DSTM32F103xB -c -I../Drivers/CMSIS/DSP/Include -I../Core/Inc -I../Drivers/STM32F1xx_HAL_Driver/Inc -I../Drivers/STM32F1xx_HAL_Driver/Inc/Legacy -I../Drivers/CMSIS/Device/ST/STM32F1xx/Include -I../Drivers/CMSIS/Include -O1 -ffunction-sections -fdata-sections -Wall -fstack-usage -MMD -MP -MF"Core/Src/dma.d" -MT"Core/Src/dma.o" --specs=nano.specs -mfloat-abi=soft -mthumb -o "Core/Src/dma.o"
arm-none-eabi-gcc "../Core/Src/gpio.c" -mcpu=cortex-m3 -std=gnu11 -g3 -DDEBUG -DARM_MATH_CM3 -DUSE_HAL_DRIVER -DSTM32F103xB -c -I../Drivers/CMSIS/DSP/Include -I../Core/Inc -I../Drivers/STM32F1xx_HAL_Driver/Inc -I../Drivers/STM32F1xx_HAL_Driver/Inc/Legacy -I../Drivers/CMSIS/Device/ST/STM32F1xx/Include -I../Drivers/CMSIS/Include -O1 -ffunction-sections -fdata-sections -Wall -fstack-usage -MMD -MP -MF"Core/Src/gpio.d" -MT"Core/Src/gpio.o" --specs=nano.specs -mfloat-abi=soft -mthumb -o "Core/Src/gpio.o"
arm-none-eabi-gcc "../Core/Src/hcsr04.c" -mcpu=cortex-m3 -std=gnu11 -g3 -DDEBUG -DARM_MATH_CM3 -DUSE_HAL_DRIVER -DSTM32F103xB -c -I../Drivers/CMSIS/DSP/Include -I../Core/Inc -I../Drivers/STM32F1xx_HAL_Driver/Inc -I../Drivers/STM32F1xx_HAL_Driver/Inc/Legacy -I../Drivers/CMSIS/Device/ST/STM32F1xx/Include -I../Drivers/CMSIS/Include -O1 -ffunction-sections -fdata-sections -Wall -fstack-usage -MMD -MP -MF"Core/Src/hcsr04.d" -MT"Core/Src/hcsr04.o" --specs=nano.specs -mfloat-abi=soft -mthumb -o "Core/Src/hcsr04.o"
arm-none-eabi-gcc "../Core/Src/i2c.c" -mcpu=cortex-m3 -std=gnu11 -g3 -DDEBUG -DARM_MATH_CM3 -DUSE_HAL_DRIVER -DSTM32F103xB -c -I../Drivers/CMSIS/DSP/Include -I../Core/Inc -I../Drivers/STM32F1xx_HAL_Driver/Inc -I../Drivers/STM32F1xx_HAL_Driver/Inc/Legacy -I../Drivers/CMSIS/Device/ST/STM32F1xx/Include -I../Drivers/CMSIS/Include -O1 -ffunction-sections -fdata-sections -Wall -fstack-usage -MMD -MP -MF"Core/Src/i2c.d" -MT"Core/Src/i2c.o" --specs=nano.specs -mfloat-abi=soft -mthumb -o "Core/Src/i2c.o"
arm-none-eabi-gcc "../Core/Src/main.c" -mcpu=cortex-m3 -std=gnu11 -g3 -DDEBUG -DARM_MATH_CM3 -DUSE_HAL_DRIVER -DSTM32F103xB -c -I../Drivers/CMSIS/DSP/Include -I../Core/Inc -I../Drivers/STM32F1xx_HAL_Driver/Inc -I../Drivers/STM32F1xx_HAL_Driver/Inc/Legacy -I../Drivers/CMSIS/Device/ST/STM32F1xx/Include -I../Drivers/CMSIS/Include -O1 -ffunction-sections -fdata-sections -Wall -fstack-usage -MMD -MP -MF"Core/Src/main.d" -MT"Core/Src/main.o" --specs=nano.specs -mfloat-abi=soft -mthumb -o "Core/Src/main.o"
arm-none-eabi-gcc "../Core/Src/mpu6050.c" -mcpu=cortex-m3 -std=gnu11 -g3 -DDEBUG -DARM_MATH_CM3 -DUSE_HAL_DRIVER -DSTM32F103xB -c -I../Drivers/CMSIS/DSP/Include -I../Core/Inc -I../Drivers/STM32F1xx_HAL_Driver/Inc -I../Drivers/STM32F1xx_HAL_Driver/Inc/Legacy -I../Drivers/CMSIS/Device/ST/STM32F1xx/Include -I../Drivers/CMSIS/Include -O1 -ffunction-sections -fdata-sections -Wall -fstack-usage -MMD -MP -MF"Core/Src/mpu6050.d" -MT"Core/Src/mpu6050.o" --specs=nano.specs -mfloat-abi=soft -mthumb -o "Core/Src/mpu6050.o"
arm-none-eabi-gcc "../Core/Src/rc522.c" -mcpu=cortex-m3 -std=gnu11 -g3 -DDEBUG -DARM_MATH_CM3 -DUSE_HAL_DRIVER -DSTM32F103xB -c -I../Drivers/CMSIS/DSP/Include -I../Core/Inc -I../Drivers/STM32F1xx_HAL_Driver/Inc -I../Drivers/STM32F1xx_HAL_Driver/Inc/Legacy -I../Drivers/CMSIS/Device/ST/STM32F1xx/Include -I../Drivers/CMSIS/Include -O1 -ffunction-sections -fdata-sections -Wall -fstack-usage -MMD -MP -MF"Core/Src/rc522.d" -MT"Core/Src/rc522.o" --specs=nano.specs -mfloat-abi=soft -mthumb -o "Core/Src/rc522.o"
arm-none-eabi-gcc "../Core/Src/spi.c" -mcpu=cortex-m3 -std=gnu11 -g3 -DDEBUG -DARM_MATH_CM3 -DUSE_HAL_DRIVER -DSTM32F103xB -c -I../Drivers/CMSIS/DSP/Include -I../Core/Inc -I../Drivers/STM32F1xx_HAL_Driver/Inc -I../Drivers/STM32F1xx_HAL_Driver/Inc/Legacy -I../Drivers/CMSIS/Device/ST/STM32F1xx/Include -I../Drivers/CMSIS/Include -O1 -ffunction-sections -fdata-sections -Wall -fstack-usage -MMD -MP -MF"Core/Src/spi.d" -MT"Core/Src/spi.o" --specs=nano.specs -mfloat-abi=soft -mthumb -o "Core/Src/spi.o"
arm-none-eabi-gcc "../Core/Src/stm32f1xx_hal_msp.c" -mcpu=cortex-m3 -std=gnu11 -g3 -DDEBUG -DARM_MATH_CM3 -DUSE_HAL_DRIVER -DSTM32F103xB -c -I../Drivers/CMSIS/DSP/Include -I../Core/Inc -I../Drivers/STM32F1xx_HAL_Driver/Inc -I../Drivers/STM32F1xx_HAL_Driver/Inc/Legacy -I../Drivers/CMSIS/Device/ST/STM32F1xx/Include -I../Drivers/CMSIS/Include -O1 -ffunction-sections -fdata-sections -Wall -fstack-usage -MMD -MP -MF"Core/Src/stm32f1xx_hal_msp.d" -MT"Core/Src/stm32f1xx_hal_msp.o" --specs=nano.specs -mfloat-abi=soft -mthumb -o "Core/Src/stm32f1xx_hal_msp.o"
arm-none-eabi-gcc "../Core/Src/stm32f1xx_it.c" -mcpu=cortex-m3 -std=gnu11 -g3 -DDEBUG -DARM_MATH_CM3 -DUSE_HAL_DRIVER -DSTM32F103xB -c -I../Drivers/CMSIS/DSP/Include -I../Core/Inc -I../Drivers/STM32F1xx_HAL_Driver/Inc -I../Drivers/STM32F1xx_HAL_Driver/Inc/Legacy -I../Drivers/CMSIS/Device/ST/STM32F1xx/Include -I../Drivers/CMSIS/Include -O1 -ffunction-sections -fdata-sections -Wall -fstack-usage -MMD -MP -MF"Core/Src/stm32f1xx_it.d" -MT"Core/Src/stm32f1xx_it.o" --specs=nano.specs -mfloat-abi=soft -mthumb -o "Core/Src/stm32f1xx_it.o"
arm-none-eabi-gcc "../Core/Src/system_stm32f1xx.c" -mcpu=cortex-m3 -std=gnu11 -g3 -DDEBUG -DARM_MATH_CM3 -DUSE_HAL_DRIVER -DSTM32F103xB -c -I../Drivers/CMSIS/DSP/Include -I../Core/Inc -I../Drivers/STM32F1xx_HAL_Driver/Inc -I../Drivers/STM32F1xx_HAL_Driver/Inc/Legacy -I../Drivers/CMSIS/Device/ST/STM32F1xx/Include -I../Drivers/CMSIS/Include -O1 -ffunction-sections -fdata-sections -Wall -fstack-usage -MMD -MP -MF"Core/Src/system_stm32f1xx.d" -MT"Core/Src/system_stm32f1xx.o" --specs=nano.specs -mfloat-abi=soft -mthumb -o "Core/Src/system_stm32f1xx.o"
arm-none-eabi-gcc "../Core/Src/tim.c" -mcpu=cortex-m3 -std=gnu11 -g3 -DDEBUG -DARM_MATH_CM3 -DUSE_HAL_DRIVER -DSTM32F103xB -c -I../Drivers/CMSIS/DSP/Include -I../Core/Inc -I../Drivers/STM32F1xx_HAL_Driver/Inc -I../Drivers/STM32F1xx_HAL_Driver/Inc/Legacy -I../Drivers/CMSIS/Device/ST/STM32F1xx/Include -I../Drivers/CMSIS/Include -O1 -ffunction-sections -fdata-sections -Wall -fstack-usage -MMD -MP -MF"Core/Src/tim.d" -MT"Core/Src/tim.o" --specs=nano.specs -mfloat-abi=soft -mthumb -o "Core/Src/tim.o"
arm-none-eabi-gcc "../Core/Src/usart.c" -mcpu=cortex-m3 -std=gnu11 -g3 -DDEBUG -DARM_MATH_CM3 -DUSE_HAL_DRIVER -DSTM32F103xB -c -I../Drivers/CMSIS/DSP/Include -I../Core/Inc -I../Drivers/STM32F1xx_HAL_Driver/Inc -I../Drivers/STM32F1xx_HAL_Driver/Inc/Legacy -I../Drivers/CMSIS/Device/ST/STM32F1xx/Include -I../Drivers/CMSIS/Include -O1 -ffunction-sections -fdata-sections -Wall -fstack-usage -MMD -MP -MF"Core/Src/usart.d" -MT"Core/Src/usart.o" --specs=nano.specs -mfloat-abi=soft -mthumb -o "Core/Src/usart.o"
arm-none-eabi-gcc -o "SSD1306_DemoMenuOn_My_ownGFX.elf" @"objects.list"  -larm_cortexM3l_math -mcpu=cortex-m3 -T"E:\STM32_Teo\SSD1306_DemoMenuOn_My_ownGFX\STM32F103RBTX_FLASH.ld" --specs=nosys.specs -Wl,-Map="SSD1306_DemoMenuOn_My_ownGFX.map" -Wl,--gc-sections -static -Wl,--start-group -larm_cortexM3l_math -Wl,--end-group -L"E:\STM32_Teo\SSD1306_DemoMenuOn_My_ownGFX\Drivers\CMSIS\Lib\GCC" --specs=nano.specs -mfloat-abi=soft -mthumb -u _printf_float -Wl,--start-group -lc -lm -Wl,--end-group
Finished building target: SSD1306_DemoMenuOn_My_ownGFX.elf
 
arm-none-eabi-objdump -h -S  SSD1306_DemoMenuOn_My_ownGFX.elf  > "SSD1306_DemoMenuOn_My_ownGFX.list"
arm-none-eabi-objcopy  -O binary  SSD1306_DemoMenuOn_My_ownGFX.elf  "SSD1306_DemoMenuOn_My_ownGFX.bin"
arm-none-eabi-size   SSD1306_DemoMenuOn_My_ownGFX.elf 
   text	   data	    bss	    dec	    hex	filename
  52144	    500	   2728	  55372	   d84c	SSD1306_DemoMenuOn_My_ownGFX.elf
Finished building: default.size.stdout
 
Finished building: SSD1306_DemoMenuOn_My_ownGFX.bin
 
Finished building: SSD1306_DemoMenuOn_My_ownGFX.list
 
14:52:59 **** Incremental Build of configuration Debug for project SSD1306_DemoMenuOn_My_ownGFX ****
make -j8 all 
arm-none-eabi-gcc "../Core/Src/OLED_SSD1306_Task.c" -mcpu=cortex-m3 -std=gnu11 -g3 -DDEBUG -DARM_MATH_CM3 -DUSE_HAL_DRIVER -DSTM32F103xB -c -I../Drivers/CMSIS/DSP/Include -I../Core/Inc -I../Drivers/STM32F1xx_HAL_Driver/Inc -I../Drivers/STM32F1xx_HAL_Driver/Inc/Legacy -I../Drivers/CMSIS/Device/ST/STM32F1xx/Include -I../Drivers/CMSIS/Include -O1 -ffunction-sections -fdata-sections -Wall -fstack-usage -MMD -MP -MF"Core/Src/OLED_SSD1306_Task.d" -MT"Core/Src/OLED_SSD1306_Task.o" --specs=nano.specs -mfloat-abi=soft -mthumb -o "Core/Src/OLED_SSD1306_Task.o"
../Core/Src/OLED_SSD1306_Task.c:79:1: warning: declaration does not declare anything
   79 | }ADC1Dat;
      | ^
../Core/Src/OLED_SSD1306_Task.c:79:1: warning: no semicolon at end of struct or union
../Core/Src/OLED_SSD1306_Task.c: In function 'OLED_Init':
../Core/Src/OLED_SSD1306_Task.c:123:8: error: cannot convert to a pointer type
  123 |        HAL_ADC_Start_DMA(&hadc1,(uint32_t*)ADC1Dat, 3); //ADC for FotoRez and reflective sensor
      |        ^~~~~~~~~~~~~~~~~
make: *** [Core/Src/subdir.mk:91: Core/Src/OLED_SSD1306_Task.o] Error 1
"make -j8 all" terminated with exit code 2. Build might be incomplete.
14:53:08 **** Incremental Build of configuration Debug for project SSD1306_DemoMenuOn_My_ownGFX ****
make -j8 all 
arm-none-eabi-gcc "../Core/Src/OLED_SSD1306_Task.c" -mcpu=cortex-m3 -std=gnu11 -g3 -DDEBUG -DARM_MATH_CM3 -DUSE_HAL_DRIVER -DSTM32F103xB -c -I../Drivers/CMSIS/DSP/Include -I../Core/Inc -I../Drivers/STM32F1xx_HAL_Driver/Inc -I../Drivers/STM32F1xx_HAL_Driver/Inc/Legacy -I../Drivers/CMSIS/Device/ST/STM32F1xx/Include -I../Drivers/CMSIS/Include -O1 -ffunction-sections -fdata-sections -Wall -fstack-usage -MMD -MP -MF"Core/Src/OLED_SSD1306_Task.d" -MT"Core/Src/OLED_SSD1306_Task.o" --specs=nano.specs -mfloat-abi=soft -mthumb -o "Core/Src/OLED_SSD1306_Task.o"
../Core/Src/OLED_SSD1306_Task.c:79:1: warning: declaration does not declare anything
   79 | }ADC1Dat;
      | ^
../Core/Src/OLED_SSD1306_Task.c:79:1: warning: no semicolon at end of struct or union
arm-none-eabi-gcc -o "SSD1306_DemoMenuOn_My_ownGFX.elf" @"objects.list"  -larm_cortexM3l_math -mcpu=cortex-m3 -T"E:\STM32_Teo\SSD1306_DemoMenuOn_My_ownGFX\STM32F103RBTX_FLASH.ld" --specs=nosys.specs -Wl,-Map="SSD1306_DemoMenuOn_My_ownGFX.map" -Wl,--gc-sections -static -Wl,--start-group -larm_cortexM3l_math -Wl,--end-group -L"E:\STM32_Teo\SSD1306_DemoMenuOn_My_ownGFX\Drivers\CMSIS\Lib\GCC" --specs=nano.specs -mfloat-abi=soft -mthumb -u _printf_float -Wl,--start-group -lc -lm -Wl,--end-group
Finished building target: SSD1306_DemoMenuOn_My_ownGFX.elf
 
arm-none-eabi-objdump -h -S  SSD1306_DemoMenuOn_My_ownGFX.elf  > "SSD1306_DemoMenuOn_My_ownGFX.list"
arm-none-eabi-objcopy  -O binary  SSD1306_DemoMenuOn_My_ownGFX.elf  "SSD1306_DemoMenuOn_My_ownGFX.bin"
arm-none-eabi-size   SSD1306_DemoMenuOn_My_ownGFX.elf 
   text	   data	    bss	    dec	    hex	filename
  52144	    500	   2728	  55372	   d84c	SSD1306_DemoMenuOn_My_ownGFX.elf
Finished building: default.size.stdout
 
Finished building: SSD1306_DemoMenuOn_My_ownGFX.bin
 
Finished building: SSD1306_DemoMenuOn_My_ownGFX.list
 
14:53:42 **** Incremental Build of configuration Debug for project SSD1306_DemoMenuOn_My_ownGFX ****
make -j8 all 
arm-none-eabi-gcc "../Core/Src/OLED_SSD1306_Task.c" -mcpu=cortex-m3 -std=gnu11 -g3 -DDEBUG -DARM_MATH_CM3 -DUSE_HAL_DRIVER -DSTM32F103xB -c -I../Drivers/CMSIS/DSP/Include -I../Core/Inc -I../Drivers/STM32F1xx_HAL_Driver/Inc -I../Drivers/STM32F1xx_HAL_Driver/Inc/Legacy -I../Drivers/CMSIS/Device/ST/STM32F1xx/Include -I../Drivers/CMSIS/Include -O1 -ffunction-sections -fdata-sections -Wall -fstack-usage -MMD -MP -MF"Core/Src/OLED_SSD1306_Task.d" -MT"Core/Src/OLED_SSD1306_Task.o" --specs=nano.specs -mfloat-abi=soft -mthumb -o "Core/Src/OLED_SSD1306_Task.o"
arm-none-eabi-gcc -o "SSD1306_DemoMenuOn_My_ownGFX.elf" @"objects.list"  -larm_cortexM3l_math -mcpu=cortex-m3 -T"E:\STM32_Teo\SSD1306_DemoMenuOn_My_ownGFX\STM32F103RBTX_FLASH.ld" --specs=nosys.specs -Wl,-Map="SSD1306_DemoMenuOn_My_ownGFX.map" -Wl,--gc-sections -static -Wl,--start-group -larm_cortexM3l_math -Wl,--end-group -L"E:\STM32_Teo\SSD1306_DemoMenuOn_My_ownGFX\Drivers\CMSIS\Lib\GCC" --specs=nano.specs -mfloat-abi=soft -mthumb -u _printf_float -Wl,--start-group -lc -lm -Wl,--end-group
Finished building target: SSD1306_DemoMenuOn_My_ownGFX.elf
 
arm-none-eabi-objdump -h -S  SSD1306_DemoMenuOn_My_ownGFX.elf  > "SSD1306_DemoMenuOn_My_ownGFX.list"
arm-none-eabi-objcopy  -O binary  SSD1306_DemoMenuOn_My_ownGFX.elf  "SSD1306_DemoMenuOn_My_ownGFX.bin"
arm-none-eabi-size   SSD1306_DemoMenuOn_My_ownGFX.elf 
   text	   data	    bss	    dec	    hex	filename
  52144	    500	   2744	  55388	   d85c	SSD1306_DemoMenuOn_My_ownGFX.elf
Finished building: default.size.stdout
 
Finished building: SSD1306_DemoMenuOn_My_ownGFX.bin
 
Finished building: SSD1306_DemoMenuOn_My_ownGFX.list
 
14:54:30 **** Incremental Build of configuration Debug for project SSD1306_DemoMenuOn_My_ownGFX ****
make -j8 all 
arm-none-eabi-gcc "../Core/Src/OLED_SSD1306_Task.c" -mcpu=cortex-m3 -std=gnu11 -g3 -DDEBUG -DARM_MATH_CM3 -DUSE_HAL_DRIVER -DSTM32F103xB -c -I../Drivers/CMSIS/DSP/Include -I../Core/Inc -I../Drivers/STM32F1xx_HAL_Driver/Inc -I../Drivers/STM32F1xx_HAL_Driver/Inc/Legacy -I../Drivers/CMSIS/Device/ST/STM32F1xx/Include -I../Drivers/CMSIS/Include -O1 -ffunction-sections -fdata-sections -Wall -fstack-usage -MMD -MP -MF"Core/Src/OLED_SSD1306_Task.d" -MT"Core/Src/OLED_SSD1306_Task.o" --specs=nano.specs -mfloat-abi=soft -mthumb -o "Core/Src/OLED_SSD1306_Task.o"
arm-none-eabi-gcc -o "SSD1306_DemoMenuOn_My_ownGFX.elf" @"objects.list"  -larm_cortexM3l_math -mcpu=cortex-m3 -T"E:\STM32_Teo\SSD1306_DemoMenuOn_My_ownGFX\STM32F103RBTX_FLASH.ld" --specs=nosys.specs -Wl,-Map="SSD1306_DemoMenuOn_My_ownGFX.map" -Wl,--gc-sections -static -Wl,--start-group -larm_cortexM3l_math -Wl,--end-group -L"E:\STM32_Teo\SSD1306_DemoMenuOn_My_ownGFX\Drivers\CMSIS\Lib\GCC" --specs=nano.specs -mfloat-abi=soft -mthumb -u _printf_float -Wl,--start-group -lc -lm -Wl,--end-group
Finished building target: SSD1306_DemoMenuOn_My_ownGFX.elf
 
arm-none-eabi-objdump -h -S  SSD1306_DemoMenuOn_My_ownGFX.elf  > "SSD1306_DemoMenuOn_My_ownGFX.list"
arm-none-eabi-objcopy  -O binary  SSD1306_DemoMenuOn_My_ownGFX.elf  "SSD1306_DemoMenuOn_My_ownGFX.bin"
arm-none-eabi-size   SSD1306_DemoMenuOn_My_ownGFX.elf 
   text	   data	    bss	    dec	    hex	filename
  52112	    500	   2744	  55356	   d83c	SSD1306_DemoMenuOn_My_ownGFX.elf
Finished building: default.size.stdout
 
Finished building: SSD1306_DemoMenuOn_My_ownGFX.bin
 
Finished building: SSD1306_DemoMenuOn_My_ownGFX.list
 
14:55:32 **** Incremental Build of configuration Debug for project SSD1306_DemoMenuOn_My_ownGFX ****
make -j8 all 
arm-none-eabi-gcc "../Core/Src/OLED_SSD1306_Task.c" -mcpu=cortex-m3 -std=gnu11 -g3 -DDEBUG -DARM_MATH_CM3 -DUSE_HAL_DRIVER -DSTM32F103xB -c -I../Drivers/CMSIS/DSP/Include -I../Core/Inc -I../Drivers/STM32F1xx_HAL_Driver/Inc -I../Drivers/STM32F1xx_HAL_Driver/Inc/Legacy -I../Drivers/CMSIS/Device/ST/STM32F1xx/Include -I../Drivers/CMSIS/Include -O1 -ffunction-sections -fdata-sections -Wall -fstack-usage -MMD -MP -MF"Core/Src/OLED_SSD1306_Task.d" -MT"Core/Src/OLED_SSD1306_Task.o" --specs=nano.specs -mfloat-abi=soft -mthumb -o "Core/Src/OLED_SSD1306_Task.o"
../Core/Src/OLED_SSD1306_Task.c: In function 'DrawFFT_Micro':
../Core/Src/OLED_SSD1306_Task.c:725:11: error: 'strhbuf' undeclared (first use in this function)
  725 |   sprintf(strhbuf,"%lu ", ADC1Dat.Microphone);
      |           ^~~~~~~
../Core/Src/OLED_SSD1306_Task.c:725:11: note: each undeclared identifier is reported only once for each function it appears in
make: *** [Core/Src/subdir.mk:91: Core/Src/OLED_SSD1306_Task.o] Error 1
"make -j8 all" terminated with exit code 2. Build might be incomplete.
14:55:38 **** Incremental Build of configuration Debug for project SSD1306_DemoMenuOn_My_ownGFX ****
make -j8 all 
arm-none-eabi-gcc "../Core/Src/OLED_SSD1306_Task.c" -mcpu=cortex-m3 -std=gnu11 -g3 -DDEBUG -DARM_MATH_CM3 -DUSE_HAL_DRIVER -DSTM32F103xB -c -I../Drivers/CMSIS/DSP/Include -I../Core/Inc -I../Drivers/STM32F1xx_HAL_Driver/Inc -I../Drivers/STM32F1xx_HAL_Driver/Inc/Legacy -I../Drivers/CMSIS/Device/ST/STM32F1xx/Include -I../Drivers/CMSIS/Include -O1 -ffunction-sections -fdata-sections -Wall -fstack-usage -MMD -MP -MF"Core/Src/OLED_SSD1306_Task.d" -MT"Core/Src/OLED_SSD1306_Task.o" --specs=nano.specs -mfloat-abi=soft -mthumb -o "Core/Src/OLED_SSD1306_Task.o"
arm-none-eabi-gcc -o "SSD1306_DemoMenuOn_My_ownGFX.elf" @"objects.list"  -larm_cortexM3l_math -mcpu=cortex-m3 -T"E:\STM32_Teo\SSD1306_DemoMenuOn_My_ownGFX\STM32F103RBTX_FLASH.ld" --specs=nosys.specs -Wl,-Map="SSD1306_DemoMenuOn_My_ownGFX.map" -Wl,--gc-sections -static -Wl,--start-group -larm_cortexM3l_math -Wl,--end-group -L"E:\STM32_Teo\SSD1306_DemoMenuOn_My_ownGFX\Drivers\CMSIS\Lib\GCC" --specs=nano.specs -mfloat-abi=soft -mthumb -u _printf_float -Wl,--start-group -lc -lm -Wl,--end-group
Finished building target: SSD1306_DemoMenuOn_My_ownGFX.elf
 
arm-none-eabi-objdump -h -S  SSD1306_DemoMenuOn_My_ownGFX.elf  > "SSD1306_DemoMenuOn_My_ownGFX.list"
arm-none-eabi-objcopy  -O binary  SSD1306_DemoMenuOn_My_ownGFX.elf  "SSD1306_DemoMenuOn_My_ownGFX.bin"
arm-none-eabi-size   SSD1306_DemoMenuOn_My_ownGFX.elf 
   text	   data	    bss	    dec	    hex	filename
  52192	    500	   2744	  55436	   d88c	SSD1306_DemoMenuOn_My_ownGFX.elf
Finished building: default.size.stdout
Finished building: SSD1306_DemoMenuOn_My_ownGFX.bin
 
 
Finished building: SSD1306_DemoMenuOn_My_ownGFX.list
 
14:55:43 **** Incremental Build of configuration Debug for project SSD1306_DemoMenuOn_My_ownGFX ****
make -j8 all 
arm-none-eabi-size   SSD1306_DemoMenuOn_My_ownGFX.elf 
   text	   data	    bss	    dec	    hex	filename
  52192	    500	   2744	  55436	   d88c	SSD1306_DemoMenuOn_My_ownGFX.elf
Finished building: default.size.stdout
 
14:56:13 **** Incremental Build of configuration Debug for project SSD1306_DemoMenuOn_My_ownGFX ****
make -j8 all 
arm-none-eabi-size   SSD1306_DemoMenuOn_My_ownGFX.elf 
   text	   data	    bss	    dec	    hex	filename
  52192	    500	   2744	  55436	   d88c	SSD1306_DemoMenuOn_My_ownGFX.elf
Finished building: default.size.stdout
 
14:56:38 **** Incremental Build of configuration Debug for project SSD1306_DemoMenuOn_My_ownGFX ****
make -j8 all 
arm-none-eabi-gcc "../Core/Src/OLED_SSD1306_Task.c" -mcpu=cortex-m3 -std=gnu11 -g3 -DDEBUG -DARM_MATH_CM3 -DUSE_HAL_DRIVER -DSTM32F103xB -c -I../Drivers/CMSIS/DSP/Include -I../Core/Inc -I../Drivers/STM32F1xx_HAL_Driver/Inc -I../Drivers/STM32F1xx_HAL_Driver/Inc/Legacy -I../Drivers/CMSIS/Device/ST/STM32F1xx/Include -I../Drivers/CMSIS/Include -O1 -ffunction-sections -fdata-sections -Wall -fstack-usage -MMD -MP -MF"Core/Src/OLED_SSD1306_Task.d" -MT"Core/Src/OLED_SSD1306_Task.o" --specs=nano.specs -mfloat-abi=soft -mthumb -o "Core/Src/OLED_SSD1306_Task.o"
arm-none-eabi-gcc -o "SSD1306_DemoMenuOn_My_ownGFX.elf" @"objects.list"  -larm_cortexM3l_math -mcpu=cortex-m3 -T"E:\STM32_Teo\SSD1306_DemoMenuOn_My_ownGFX\STM32F103RBTX_FLASH.ld" --specs=nosys.specs -Wl,-Map="SSD1306_DemoMenuOn_My_ownGFX.map" -Wl,--gc-sections -static -Wl,--start-group -larm_cortexM3l_math -Wl,--end-group -L"E:\STM32_Teo\SSD1306_DemoMenuOn_My_ownGFX\Drivers\CMSIS\Lib\GCC" --specs=nano.specs -mfloat-abi=soft -mthumb -u _printf_float -Wl,--start-group -lc -lm -Wl,--end-group
Finished building target: SSD1306_DemoMenuOn_My_ownGFX.elf
 
arm-none-eabi-objdump -h -S  SSD1306_DemoMenuOn_My_ownGFX.elf  > "SSD1306_DemoMenuOn_My_ownGFX.list"
arm-none-eabi-objcopy  -O binary  SSD1306_DemoMenuOn_My_ownGFX.elf  "SSD1306_DemoMenuOn_My_ownGFX.bin"
arm-none-eabi-size   SSD1306_DemoMenuOn_My_ownGFX.elf 
   text	   data	    bss	    dec	    hex	filename
  52192	    500	   2744	  55436	   d88c	SSD1306_DemoMenuOn_My_ownGFX.elf
Finished building: default.size.stdout
 
Finished building: SSD1306_DemoMenuOn_My_ownGFX.bin
 
Finished building: SSD1306_DemoMenuOn_My_ownGFX.list
 
14:57:21 **** Incremental Build of configuration Debug for project SSD1306_DemoMenuOn_My_ownGFX ****
make -j8 all 
arm-none-eabi-gcc "../Core/Src/OLED_SSD1306_Task.c" -mcpu=cortex-m3 -std=gnu11 -g3 -DDEBUG -DARM_MATH_CM3 -DUSE_HAL_DRIVER -DSTM32F103xB -c -I../Drivers/CMSIS/DSP/Include -I../Core/Inc -I../Drivers/STM32F1xx_HAL_Driver/Inc -I../Drivers/STM32F1xx_HAL_Driver/Inc/Legacy -I../Drivers/CMSIS/Device/ST/STM32F1xx/Include -I../Drivers/CMSIS/Include -O1 -ffunction-sections -fdata-sections -Wall -fstack-usage -MMD -MP -MF"Core/Src/OLED_SSD1306_Task.d" -MT"Core/Src/OLED_SSD1306_Task.o" --specs=nano.specs -mfloat-abi=soft -mthumb -o "Core/Src/OLED_SSD1306_Task.o"
arm-none-eabi-gcc -o "SSD1306_DemoMenuOn_My_ownGFX.elf" @"objects.list"  -larm_cortexM3l_math -mcpu=cortex-m3 -T"E:\STM32_Teo\SSD1306_DemoMenuOn_My_ownGFX\STM32F103RBTX_FLASH.ld" --specs=nosys.specs -Wl,-Map="SSD1306_DemoMenuOn_My_ownGFX.map" -Wl,--gc-sections -static -Wl,--start-group -larm_cortexM3l_math -Wl,--end-group -L"E:\STM32_Teo\SSD1306_DemoMenuOn_My_ownGFX\Drivers\CMSIS\Lib\GCC" --specs=nano.specs -mfloat-abi=soft -mthumb -u _printf_float -Wl,--start-group -lc -lm -Wl,--end-group
Finished building target: SSD1306_DemoMenuOn_My_ownGFX.elf
 
arm-none-eabi-objdump -h -S  SSD1306_DemoMenuOn_My_ownGFX.elf  > "SSD1306_DemoMenuOn_My_ownGFX.list"
arm-none-eabi-objcopy  -O binary  SSD1306_DemoMenuOn_My_ownGFX.elf  "SSD1306_DemoMenuOn_My_ownGFX.bin"
arm-none-eabi-size   SSD1306_DemoMenuOn_My_ownGFX.elf 
   text	   data	    bss	    dec	    hex	filename
  52192	    500	   2744	  55436	   d88c	SSD1306_DemoMenuOn_My_ownGFX.elf
Finished building: default.size.stdout
 
Finished building: SSD1306_DemoMenuOn_My_ownGFX.bin
 
Finished building: SSD1306_DemoMenuOn_My_ownGFX.list
 
14:57:51 **** Incremental Build of configuration Debug for project SSD1306_DemoMenuOn_My_ownGFX ****
make -j8 all 
arm-none-eabi-gcc "../Core/Src/OLED_SSD1306_Task.c" -mcpu=cortex-m3 -std=gnu11 -g3 -DDEBUG -DARM_MATH_CM3 -DUSE_HAL_DRIVER -DSTM32F103xB -c -I../Drivers/CMSIS/DSP/Include -I../Core/Inc -I../Drivers/STM32F1xx_HAL_Driver/Inc -I../Drivers/STM32F1xx_HAL_Driver/Inc/Legacy -I../Drivers/CMSIS/Device/ST/STM32F1xx/Include -I../Drivers/CMSIS/Include -O1 -ffunction-sections -fdata-sections -Wall -fstack-usage -MMD -MP -MF"Core/Src/OLED_SSD1306_Task.d" -MT"Core/Src/OLED_SSD1306_Task.o" --specs=nano.specs -mfloat-abi=soft -mthumb -o "Core/Src/OLED_SSD1306_Task.o"
arm-none-eabi-gcc -o "SSD1306_DemoMenuOn_My_ownGFX.elf" @"objects.list"  -larm_cortexM3l_math -mcpu=cortex-m3 -T"E:\STM32_Teo\SSD1306_DemoMenuOn_My_ownGFX\STM32F103RBTX_FLASH.ld" --specs=nosys.specs -Wl,-Map="SSD1306_DemoMenuOn_My_ownGFX.map" -Wl,--gc-sections -static -Wl,--start-group -larm_cortexM3l_math -Wl,--end-group -L"E:\STM32_Teo\SSD1306_DemoMenuOn_My_ownGFX\Drivers\CMSIS\Lib\GCC" --specs=nano.specs -mfloat-abi=soft -mthumb -u _printf_float -Wl,--start-group -lc -lm -Wl,--end-group
Finished building target: SSD1306_DemoMenuOn_My_ownGFX.elf
 
arm-none-eabi-objdump -h -S  SSD1306_DemoMenuOn_My_ownGFX.elf  > "SSD1306_DemoMenuOn_My_ownGFX.list"
arm-none-eabi-objcopy  -O binary  SSD1306_DemoMenuOn_My_ownGFX.elf  "SSD1306_DemoMenuOn_My_ownGFX.bin"
arm-none-eabi-size   SSD1306_DemoMenuOn_My_ownGFX.elf 
   text	   data	    bss	    dec	    hex	filename
  52192	    500	   2744	  55436	   d88c	SSD1306_DemoMenuOn_My_ownGFX.elf
Finished building: default.size.stdout
 
Finished building: SSD1306_DemoMenuOn_My_ownGFX.bin
 
Finished building: SSD1306_DemoMenuOn_My_ownGFX.list
 
