15:46:22 **** Incremental Build of configuration Debug for project LL_UART_ECHO_DMA_IDLE ****
make -j8 all 
arm-none-eabi-gcc "../Core/Src/LL_UART_ECHO_DMA_IDLE.c" -mcpu=cortex-m3 -std=gnu11 -g3 -DDEBUG -DUSE_HAL_DRIVER -DSTM32F103xB -DUSE_FULL_LL_DRIVER -c -I../Core/Inc -I../Drivers/STM32F1xx_HAL_Driver/Inc -I../Drivers/STM32F1xx_HAL_Driver/Inc/Legacy -I../Drivers/CMSIS/Device/ST/STM32F1xx/Include -I../Drivers/CMSIS/Include -O0 -ffunction-sections -fdata-sections -Wall -fstack-usage -MMD -MP -MF"Core/Src/LL_UART_ECHO_DMA_IDLE.d" -MT"Core/Src/LL_UART_ECHO_DMA_IDLE.o" --specs=nano.specs -mfloat-abi=soft -mthumb -o "Core/Src/LL_UART_ECHO_DMA_IDLE.o"
arm-none-eabi-gcc "../Core/Src/main.c" -mcpu=cortex-m3 -std=gnu11 -g3 -DDEBUG -DUSE_HAL_DRIVER -DSTM32F103xB -DUSE_FULL_LL_DRIVER -c -I../Core/Inc -I../Drivers/STM32F1xx_HAL_Driver/Inc -I../Drivers/STM32F1xx_HAL_Driver/Inc/Legacy -I../Drivers/CMSIS/Device/ST/STM32F1xx/Include -I../Drivers/CMSIS/Include -O0 -ffunction-sections -fdata-sections -Wall -fstack-usage -MMD -MP -MF"Core/Src/main.d" -MT"Core/Src/main.o" --specs=nano.specs -mfloat-abi=soft -mthumb -o "Core/Src/main.o"
arm-none-eabi-gcc -o "LL_UART_ECHO_DMA_IDLE.elf" @"objects.list"   -mcpu=cortex-m3 -T"E:\STM32_Teo\LL_UART_ECHO_DMA_IDLE\STM32F103RBTX_FLASH.ld" --specs=nosys.specs -Wl,-Map="LL_UART_ECHO_DMA_IDLE.map" -Wl,--gc-sections -static --specs=nano.specs -mfloat-abi=soft -mthumb -Wl,--start-group -lc -lm -Wl,--end-group
Finished building target: LL_UART_ECHO_DMA_IDLE.elf
 
arm-none-eabi-objdump -h -S  LL_UART_ECHO_DMA_IDLE.elf  > "LL_UART_ECHO_DMA_IDLE.list"
arm-none-eabi-objcopy  -O binary  LL_UART_ECHO_DMA_IDLE.elf  "LL_UART_ECHO_DMA_IDLE.bin"
arm-none-eabi-size   LL_UART_ECHO_DMA_IDLE.elf 
   text	   data	    bss	    dec	    hex	filename
  11760	     20	   1604	  13384	   3448	LL_UART_ECHO_DMA_IDLE.elf
Finished building: default.size.stdout
 
Finished building: LL_UART_ECHO_DMA_IDLE.bin
 
Finished building: LL_UART_ECHO_DMA_IDLE.list
 

15:46:24 Build Finished. 0 errors, 0 warnings. (took 1s.849ms)

