19:31:31 **** Incremental Build of configuration Debug for project oled_i2c ****
make -j8 all 
arm-none-eabi-gcc "../Core/Src/main.c" -mcpu=cortex-m4 -std=gnu11 -g3 -DUSE_HAL_DRIVER -DSTM32F303xE -DDEBUG -c -I../Core/Inc -I../Drivers/STM32F3xx_HAL_Driver/Inc -I../Drivers/STM32F3xx_HAL_Driver/Inc/Legacy -I../Drivers/CMSIS/Device/ST/STM32F3xx/Include -I../Drivers/CMSIS/Include -O0 -ffunction-sections -fdata-sections -Wall -fstack-usage -MMD -MP -MF"Core/Src/main.d" -MT"Core/Src/main.o" --specs=nano.specs -mfpu=fpv4-sp-d16 -mfloat-abi=hard -mthumb -o "Core/Src/main.o"
arm-none-eabi-gcc -o "oled_i2c.elf" @"objects.list"   -mcpu=cortex-m4 -T"C:\Users\Teodor\Desktop\kurs-stm32-e18-oled-i2c-master\STM32F303RETX_FLASH.ld" --specs=nosys.specs -Wl,-Map="oled_i2c.map" -Wl,--gc-sections -static --specs=nano.specs -mfpu=fpv4-sp-d16 -mfloat-abi=hard -mthumb -Wl,--start-group -lc -lm -Wl,--end-group
Finished building target: oled_i2c.elf
 
arm-none-eabi-objdump -h -S  oled_i2c.elf  > "oled_i2c.list"
arm-none-eabi-objcopy  -O binary  oled_i2c.elf  "oled_i2c.bin"
arm-none-eabi-size   oled_i2c.elf 
   text	   data	    bss	    dec	    hex	filename
  24148	    120	   1880	  26148	   6624	oled_i2c.elf
Finished building: default.size.stdout
 
Finished building: oled_i2c.bin
 
Finished building: oled_i2c.list
 

19:31:35 Build Finished. 0 errors, 0 warnings. (took 3s.327ms)

