19:13:47 **** Incremental Build of configuration Debug for project stm32f4_uart_ll ****
make -j8 all 
arm-none-eabi-gcc "../Src/main.c" -mcpu=cortex-m4 -std=gnu11 -g3 -DUSE_FULL_LL_DRIVER '-DHSE_VALUE=25000000' '-DHSE_STARTUP_TIMEOUT=100' '-DLSE_STARTUP_TIMEOUT=5000' '-DLSE_VALUE=32768' '-DEXTERNAL_CLOCK_VALUE=12288000' '-DHSI_VALUE=16000000' '-DLSI_VALUE=32000' '-DVDD_VALUE=3300' '-DPREFETCH_ENABLE=1' '-DINSTRUCTION_CACHE_ENABLE=1' '-DDATA_CACHE_ENABLE=1' '-D__weak=__attribute__((weak))' '-D__packed=__attribute__((__packed__))' -DSTM32F429xx -c -I../Inc -I../Drivers/STM32F4xx_HAL_Driver/Inc -I../Drivers/CMSIS/Device/ST/STM32F4xx/Include -I../Drivers/CMSIS/Include -Og -ffunction-sections -Wall -fstack-usage -MMD -MP -MF"Src/main.d" -MT"Src/main.o" --specs=nano.specs -mfpu=fpv4-sp-d16 -mfloat-abi=hard -mthumb -o "Src/main.o"
arm-none-eabi-gcc -o "stm32f4_uart_ll.elf" @"objects.list"   -mcpu=cortex-m4 -T"../STM32F429ZITx_FLASH.ld" --specs=nosys.specs -Wl,-Map="stm32f4_uart_ll.map" -Wl,--gc-sections -static --specs=nano.specs -mfpu=fpv4-sp-d16 -mfloat-abi=hard -mthumb -Wl,--start-group -lc -lm -Wl,--end-group
Finished building target: stm32f4_uart_ll.elf
 
arm-none-eabi-objdump -h -S  stm32f4_uart_ll.elf  > "stm32f4_uart_ll.list"
arm-none-eabi-objcopy  -O ihex  stm32f4_uart_ll.elf  "stm32f4_uart_ll.hex"
arm-none-eabi-size   stm32f4_uart_ll.elf 
   text	   data	    bss	    dec	    hex	filename
   3356	     36	   2812	   6204	   183c	stm32f4_uart_ll.elf
Finished building: default.size.stdout
 
Finished building: stm32f4_uart_ll.hex
Finished building: stm32f4_uart_ll.list
 
 

19:13:49 Build Finished. 0 errors, 0 warnings. (took 1s.695ms)

